10.240.1.78 - - [14/May/2019:04:44:58 +0000] "GET /index.html HTTP/1.1" 200 1548 "-" "Mozilla/5.0 (Windows NT 10.0; Win64; x64) AppleWebKit/537.36 (KHTML, like Gecko) Chrome/74.0.3729.131 Safari/537.36"
10.240.1.78 - - [14/May/2019:04:44:58 +0000] "GET /css/style.css HTTP/1.1" 200 819 "https://final-project-mjswift.c9users.io/index.html" "Mozilla/5.0 (Windows NT 10.0; Win64; x64) AppleWebKit/537.36 (KHTML, like Gecko) Chrome/74.0.3729.131 Safari/537.36"
10.240.1.21 - - [14/May/2019:04:46:22 +0000] "GET /index.html HTTP/1.1" 200 1548 "-" "Mozilla/5.0 (Windows NT 10.0; Win64; x64) AppleWebKit/537.36 (KHTML, like Gecko) Chrome/74.0.3729.131 Safari/537.36"
10.240.0.171 - - [14/May/2019:04:46:22 +0000] "GET /css/style.css HTTP/1.1" 200 830 "https://final-project-mjswift.c9users.io/index.html" "Mozilla/5.0 (Windows NT 10.0; Win64; x64) AppleWebKit/537.36 (KHTML, like Gecko) Chrome/74.0.3729.131 Safari/537.36"
10.240.0.231 - - [14/May/2019:04:49:43 +0000] "GET /index.html HTTP/1.1" 200 1548 "-" "Mozilla/5.0 (Windows NT 10.0; Win64; x64) AppleWebKit/537.36 (KHTML, like Gecko) Chrome/74.0.3729.131 Safari/537.36"
10.240.0.71 - - [14/May/2019:04:49:43 +0000] "GET /css/style.css HTTP/1.1" 200 831 "https://final-project-mjswift.c9users.io/index.html" "Mozilla/5.0 (Windows NT 10.0; Win64; x64) AppleWebKit/537.36 (KHTML, like Gecko) Chrome/74.0.3729.131 Safari/537.36"
10.240.0.231 - - [14/May/2019:04:49:58 +0000] "GET /css/style.css HTTP/1.1" 200 831 "https://final-project-mjswift.c9users.io/index.html" "Mozilla/5.0 (Windows NT 10.0; Win64; x64) AppleWebKit/537.36 (KHTML, like Gecko) Chrome/74.0.3729.131 Safari/537.36"
10.240.0.68 - - [14/May/2019:04:53:54 +0000] "GET /index.html HTTP/1.1" 200 1544 "-" "Mozilla/5.0 (Windows NT 10.0; Win64; x64) AppleWebKit/537.36 (KHTML, like Gecko) Chrome/74.0.3729.131 Safari/537.36"
10.240.0.68 - - [14/May/2019:04:53:55 +0000] "GET /css/style.css HTTP/1.1" 200 838 "https://final-project-mjswift.c9users.io/index.html" "Mozilla/5.0 (Windows NT 10.0; Win64; x64) AppleWebKit/537.36 (KHTML, like Gecko) Chrome/74.0.3729.131 Safari/537.36"
10.240.2.147 - - [14/May/2019:04:58:18 +0000] "GET /index.html HTTP/1.1" 200 1544 "-" "Mozilla/5.0 (Windows NT 10.0; Win64; x64) AppleWebKit/537.36 (KHTML, like Gecko) Chrome/74.0.3729.131 Safari/537.36"
10.240.0.118 - - [14/May/2019:04:58:19 +0000] "GET /css/style.css HTTP/1.1" 200 838 "https://final-project-mjswift.c9users.io/index.html" "Mozilla/5.0 (Windows NT 10.0; Win64; x64) AppleWebKit/537.36 (KHTML, like Gecko) Chrome/74.0.3729.131 Safari/537.36"
10.240.0.71 - - [14/May/2019:05:05:02 +0000] "GET /index.html HTTP/1.1" 200 1544 "-" "Mozilla/5.0 (Windows NT 10.0; Win64; x64) AppleWebKit/537.36 (KHTML, like Gecko) Chrome/74.0.3729.131 Safari/537.36"
10.240.0.71 - - [14/May/2019:05:05:02 +0000] "GET /css/style.css HTTP/1.1" 200 846 "https://final-project-mjswift.c9users.io/index.html" "Mozilla/5.0 (Windows NT 10.0; Win64; x64) AppleWebKit/537.36 (KHTML, like Gecko) Chrome/74.0.3729.131 Safari/537.36"
10.240.0.171 - - [14/May/2019:05:18:36 +0000] "GET /index.html HTTP/1.1" 200 1555 "-" "Mozilla/5.0 (Windows NT 10.0; Win64; x64) AppleWebKit/537.36 (KHTML, like Gecko) Chrome/74.0.3729.131 Safari/537.36"
10.240.0.231 - - [14/May/2019:05:18:36 +0000] "GET /css/style.css HTTP/1.1" 200 846 "https://final-project-mjswift.c9users.io/index.html" "Mozilla/5.0 (Windows NT 10.0; Win64; x64) AppleWebKit/537.36 (KHTML, like Gecko) Chrome/74.0.3729.131 Safari/537.36"
10.240.0.71 - - [14/May/2019:05:20:36 +0000] "GET /index.html HTTP/1.1" 200 1553 "-" "Mozilla/5.0 (Windows NT 10.0; Win64; x64) AppleWebKit/537.36 (KHTML, like Gecko) Chrome/74.0.3729.131 Safari/537.36"
10.240.1.78 - - [14/May/2019:05:20:37 +0000] "GET /css/style.css HTTP/1.1" 200 827 "https://final-project-mjswift.c9users.io/index.html" "Mozilla/5.0 (Windows NT 10.0; Win64; x64) AppleWebKit/537.36 (KHTML, like Gecko) Chrome/74.0.3729.131 Safari/537.36"
10.240.0.231 - - [14/May/2019:05:28:48 +0000] "GET /css/style.css HTTP/1.1" 200 827 "https://final-project-mjswift.c9users.io/index.html" "Mozilla/5.0 (Windows NT 10.0; Win64; x64) AppleWebKit/537.36 (KHTML, like Gecko) Chrome/74.0.3729.131 Safari/537.36"
10.240.0.171 - - [14/May/2019:05:30:50 +0000] "GET /index.html HTTP/1.1" 200 1553 "-" "Mozilla/5.0 (Windows NT 10.0; Win64; x64) AppleWebKit/537.36 (KHTML, like Gecko) Chrome/74.0.3729.131 Safari/537.36"
10.240.1.78 - - [14/May/2019:05:30:50 +0000] "GET /css/style.css HTTP/1.1" 200 829 "https://final-project-mjswift.c9users.io/index.html" "Mozilla/5.0 (Windows NT 10.0; Win64; x64) AppleWebKit/537.36 (KHTML, like Gecko) Chrome/74.0.3729.131 Safari/537.36"
10.240.1.78 - - [14/May/2019:05:59:20 +0000] "GET /index.html HTTP/1.1" 200 1569 "-" "Mozilla/5.0 (Windows NT 10.0; Win64; x64) AppleWebKit/537.36 (KHTML, like Gecko) Chrome/74.0.3729.131 Safari/537.36"
10.240.1.78 - - [14/May/2019:05:59:20 +0000] "GET /css/style.css HTTP/1.1" 200 855 "https://final-project-mjswift.c9users.io/index.html" "Mozilla/5.0 (Windows NT 10.0; Win64; x64) AppleWebKit/537.36 (KHTML, like Gecko) Chrome/74.0.3729.131 Safari/537.36"
10.240.0.118 - - [14/May/2019:06:11:47 +0000] "GET /index.html HTTP/1.1" 200 1605 "-" "Mozilla/5.0 (Windows NT 10.0; Win64; x64) AppleWebKit/537.36 (KHTML, like Gecko) Chrome/74.0.3729.131 Safari/537.36"
10.240.0.207 - - [14/May/2019:06:11:47 +0000] "GET /css/style.css HTTP/1.1" 200 874 "https://final-project-mjswift.c9users.io/index.html" "Mozilla/5.0 (Windows NT 10.0; Win64; x64) AppleWebKit/537.36 (KHTML, like Gecko) Chrome/74.0.3729.131 Safari/537.36"
10.240.0.231 - - [15/May/2019:01:12:24 +0000] "GET /index.html HTTP/1.1" 200 1605 "-" "Mozilla/5.0 (Windows NT 10.0; Win64; x64) AppleWebKit/537.36 (KHTML, like Gecko) Chrome/74.0.3729.131 Safari/537.36"
10.240.0.231 - - [15/May/2019:01:12:24 +0000] "GET /img/joey.png HTTP/1.1" 304 182 "https://final-project-mjswift.c9users.io/index.html" "Mozilla/5.0 (Windows NT 10.0; Win64; x64) AppleWebKit/537.36 (KHTML, like Gecko) Chrome/74.0.3729.131 Safari/537.36"
10.240.0.233 - - [15/May/2019:01:12:24 +0000] "GET /img/kinshiplogo.png HTTP/1.1" 304 181 "https://final-project-mjswift.c9users.io/index.html" "Mozilla/5.0 (Windows NT 10.0; Win64; x64) AppleWebKit/537.36 (KHTML, like Gecko) Chrome/74.0.3729.131 Safari/537.36"
10.240.1.78 - - [15/May/2019:01:12:24 +0000] "GET /img/juancho.png HTTP/1.1" 304 182 "https://final-project-mjswift.c9users.io/index.html" "Mozilla/5.0 (Windows NT 10.0; Win64; x64) AppleWebKit/537.36 (KHTML, like Gecko) Chrome/74.0.3729.131 Safari/537.36"
10.240.1.21 - - [15/May/2019:01:12:24 +0000] "GET /img/jorgey.png HTTP/1.1" 304 182 "https://final-project-mjswift.c9users.io/index.html" "Mozilla/5.0 (Windows NT 10.0; Win64; x64) AppleWebKit/537.36 (KHTML, like Gecko) Chrome/74.0.3729.131 Safari/537.36"
10.240.0.71 - - [15/May/2019:01:12:24 +0000] "GET /img/swifty.png HTTP/1.1" 304 182 "https://final-project-mjswift.c9users.io/index.html" "Mozilla/5.0 (Windows NT 10.0; Win64; x64) AppleWebKit/537.36 (KHTML, like Gecko) Chrome/74.0.3729.131 Safari/537.36"
10.240.0.68 - - [15/May/2019:01:12:25 +0000] "GET /css/style.css HTTP/1.1" 200 874 "https://final-project-mjswift.c9users.io/index.html" "Mozilla/5.0 (Windows NT 10.0; Win64; x64) AppleWebKit/537.36 (KHTML, like Gecko) Chrome/74.0.3729.131 Safari/537.36"
10.240.0.231 - - [15/May/2019:01:12:25 +0000] "GET /img/bigbandpicbannermod.png HTTP/1.1" 304 183 "https://final-project-mjswift.c9users.io/css/style.css" "Mozilla/5.0 (Windows NT 10.0; Win64; x64) AppleWebKit/537.36 (KHTML, like Gecko) Chrome/74.0.3729.131 Safari/537.36"
10.240.0.249 - - [15/May/2019:01:12:26 +0000] "GET /favicon.ico HTTP/1.1" 404 523 "https://final-project-mjswift.c9users.io/index.html" "Mozilla/5.0 (Windows NT 10.0; Win64; x64) AppleWebKit/537.36 (KHTML, like Gecko) Chrome/74.0.3729.131 Safari/537.36"
10.240.1.21 - - [15/May/2019:01:32:58 +0000] "GET /about.html HTTP/1.1" 200 280 "https://final-project-mjswift.c9users.io/index.html" "Mozilla/5.0 (Windows NT 10.0; Win64; x64) AppleWebKit/537.36 (KHTML, like Gecko) Chrome/74.0.3729.131 Safari/537.36"
10.240.0.249 - - [15/May/2019:01:42:06 +0000] "GET /index.html HTTP/1.1" 200 1642 "-" "Mozilla/5.0 (Windows NT 10.0; Win64; x64) AppleWebKit/537.36 (KHTML, like Gecko) Chrome/74.0.3729.131 Safari/537.36"
10.240.0.68 - - [15/May/2019:01:42:46 +0000] "GET /index.html HTTP/1.1" 200 1642 "-" "Mozilla/5.0 (Windows NT 10.0; Win64; x64) AppleWebKit/537.36 (KHTML, like Gecko) Chrome/74.0.3729.131 Safari/537.36"
10.240.1.60 - - [15/May/2019:01:43:01 +0000] "GET /index.html HTTP/1.1" 200 1642 "-" "Mozilla/5.0 (Windows NT 10.0; Win64; x64) AppleWebKit/537.36 (KHTML, like Gecko) Chrome/74.0.3729.131 Safari/537.36"
10.240.1.78 - - [15/May/2019:01:44:25 +0000] "GET /index.html HTTP/1.1" 200 1646 "-" "Mozilla/5.0 (Windows NT 10.0; Win64; x64) AppleWebKit/537.36 (KHTML, like Gecko) Chrome/74.0.3729.131 Safari/537.36"
10.240.0.249 - - [15/May/2019:01:47:23 +0000] "GET /index.html HTTP/1.1" 200 1646 "-" "Mozilla/5.0 (Windows NT 10.0; Win64; x64) AppleWebKit/537.36 (KHTML, like Gecko) Chrome/74.0.3729.131 Safari/537.36"
10.240.1.60 - - [15/May/2019:01:47:54 +0000] "GET /index.html HTTP/1.1" 200 1646 "-" "Mozilla/5.0 (Windows NT 10.0; Win64; x64) AppleWebKit/537.36 (KHTML, like Gecko) Chrome/74.0.3729.131 Safari/537.36"
10.240.0.249 - - [15/May/2019:01:47:54 +0000] "GET /img/juancho.png HTTP/1.1" 200 170382 "https://final-project-mjswift.c9users.io/index.html" "Mozilla/5.0 (Windows NT 10.0; Win64; x64) AppleWebKit/537.36 (KHTML, like Gecko) Chrome/74.0.3729.131 Safari/537.36"
10.240.0.207 - - [15/May/2019:01:47:54 +0000] "GET /img/kinshiplogo.png HTTP/1.1" 200 5818 "https://final-project-mjswift.c9users.io/index.html" "Mozilla/5.0 (Windows NT 10.0; Win64; x64) AppleWebKit/537.36 (KHTML, like Gecko) Chrome/74.0.3729.131 Safari/537.36"
10.240.0.231 - - [15/May/2019:01:47:54 +0000] "GET /css/style.css HTTP/1.1" 200 882 "https://final-project-mjswift.c9users.io/index.html" "Mozilla/5.0 (Windows NT 10.0; Win64; x64) AppleWebKit/537.36 (KHTML, like Gecko) Chrome/74.0.3729.131 Safari/537.36"
10.240.1.78 - - [15/May/2019:01:47:55 +0000] "GET /img/joey.png HTTP/1.1" 200 202364 "https://final-project-mjswift.c9users.io/index.html" "Mozilla/5.0 (Windows NT 10.0; Win64; x64) AppleWebKit/537.36 (KHTML, like Gecko) Chrome/74.0.3729.131 Safari/537.36"
10.240.0.118 - - [15/May/2019:01:47:55 +0000] "GET /img/jorgey.png HTTP/1.1" 200 213785 "https://final-project-mjswift.c9users.io/index.html" "Mozilla/5.0 (Windows NT 10.0; Win64; x64) AppleWebKit/537.36 (KHTML, like Gecko) Chrome/74.0.3729.131 Safari/537.36"
10.240.1.10 - - [15/May/2019:01:47:55 +0000] "GET /img/swifty.png HTTP/1.1" 200 257317 "https://final-project-mjswift.c9users.io/index.html" "Mozilla/5.0 (Windows NT 10.0; Win64; x64) AppleWebKit/537.36 (KHTML, like Gecko) Chrome/74.0.3729.131 Safari/537.36"
10.240.0.207 - - [15/May/2019:01:47:55 +0000] "GET /img/bigbandpicbannermod.png HTTP/1.1" 200 1118498 "https://final-project-mjswift.c9users.io/css/style.css" "Mozilla/5.0 (Windows NT 10.0; Win64; x64) AppleWebKit/537.36 (KHTML, like Gecko) Chrome/74.0.3729.131 Safari/537.36"
10.240.1.60 - - [15/May/2019:01:47:56 +0000] "GET /favicon.ico HTTP/1.1" 404 523 "https://final-project-mjswift.c9users.io/index.html" "Mozilla/5.0 (Windows NT 10.0; Win64; x64) AppleWebKit/537.36 (KHTML, like Gecko) Chrome/74.0.3729.131 Safari/537.36"
10.240.1.78 - - [15/May/2019:01:51:18 +0000] "GET /index.html HTTP/1.1" 200 1772 "-" "Mozilla/5.0 (Windows NT 10.0; Win64; x64) AppleWebKit/537.36 (KHTML, like Gecko) Chrome/74.0.3729.131 Safari/537.36"
10.240.0.207 - - [15/May/2019:01:51:19 +0000] "GET /css/style.css HTTP/1.1" 200 882 "https://final-project-mjswift.c9users.io/index.html" "Mozilla/5.0 (Windows NT 10.0; Win64; x64) AppleWebKit/537.36 (KHTML, like Gecko) Chrome/74.0.3729.131 Safari/537.36"
10.240.0.207 - - [15/May/2019:01:53:51 +0000] "GET /index.html HTTP/1.1" 200 1772 "-" "Mozilla/5.0 (Windows NT 10.0; Win64; x64) AppleWebKit/537.36 (KHTML, like Gecko) Chrome/74.0.3729.131 Safari/537.36"
10.240.0.71 - - [15/May/2019:01:53:51 +0000] "GET /css/style.css HTTP/1.1" 200 893 "https://final-project-mjswift.c9users.io/index.html" "Mozilla/5.0 (Windows NT 10.0; Win64; x64) AppleWebKit/537.36 (KHTML, like Gecko) Chrome/74.0.3729.131 Safari/537.36"
10.240.1.10 - - [15/May/2019:01:56:01 +0000] "GET /index.html HTTP/1.1" 200 1804 "-" "Mozilla/5.0 (Windows NT 10.0; Win64; x64) AppleWebKit/537.36 (KHTML, like Gecko) Chrome/74.0.3729.131 Safari/537.36"
10.240.1.10 - - [15/May/2019:01:56:01 +0000] "GET /css/style.css HTTP/1.1" 200 893 "https://final-project-mjswift.c9users.io/index.html" "Mozilla/5.0 (Windows NT 10.0; Win64; x64) AppleWebKit/537.36 (KHTML, like Gecko) Chrome/74.0.3729.131 Safari/537.36"
10.240.1.10 - - [15/May/2019:01:57:48 +0000] "GET /index.html HTTP/1.1" 200 1804 "-" "Mozilla/5.0 (Windows NT 10.0; Win64; x64) AppleWebKit/537.36 (KHTML, like Gecko) Chrome/74.0.3729.131 Safari/537.36"
10.240.0.118 - - [15/May/2019:01:57:48 +0000] "GET /css/style.css HTTP/1.1" 200 892 "https://final-project-mjswift.c9users.io/index.html" "Mozilla/5.0 (Windows NT 10.0; Win64; x64) AppleWebKit/537.36 (KHTML, like Gecko) Chrome/74.0.3729.131 Safari/537.36"
10.240.1.78 - - [15/May/2019:02:04:14 +0000] "GET /index.html HTTP/1.1" 200 1804 "-" "Mozilla/5.0 (Windows NT 10.0; Win64; x64) AppleWebKit/537.36 (KHTML, like Gecko) Chrome/74.0.3729.131 Safari/537.36"
10.240.2.147 - - [15/May/2019:02:04:14 +0000] "GET /css/style.css HTTP/1.1" 200 894 "https://final-project-mjswift.c9users.io/index.html" "Mozilla/5.0 (Windows NT 10.0; Win64; x64) AppleWebKit/537.36 (KHTML, like Gecko) Chrome/74.0.3729.131 Safari/537.36"
10.240.0.118 - - [15/May/2019:02:10:37 +0000] "GET /index.html HTTP/1.1" 200 1977 "-" "Mozilla/5.0 (Windows NT 10.0; Win64; x64) AppleWebKit/537.36 (KHTML, like Gecko) Chrome/74.0.3729.131 Safari/537.36"
10.240.0.249 - - [15/May/2019:02:10:37 +0000] "GET /css/style.css HTTP/1.1" 200 894 "https://final-project-mjswift.c9users.io/index.html" "Mozilla/5.0 (Windows NT 10.0; Win64; x64) AppleWebKit/537.36 (KHTML, like Gecko) Chrome/74.0.3729.131 Safari/537.36"
10.240.0.231 - - [15/May/2019:02:10:40 +0000] "GET /about.html HTTP/1.1" 200 1409 "https://final-project-mjswift.c9users.io/index.html" "Mozilla/5.0 (Windows NT 10.0; Win64; x64) AppleWebKit/537.36 (KHTML, like Gecko) Chrome/74.0.3729.131 Safari/537.36"
10.240.1.21 - - [15/May/2019:02:10:40 +0000] "GET /css/about.css HTTP/1.1" 200 716 "https://final-project-mjswift.c9users.io/about.html" "Mozilla/5.0 (Windows NT 10.0; Win64; x64) AppleWebKit/537.36 (KHTML, like Gecko) Chrome/74.0.3729.131 Safari/537.36"
10.240.0.118 - - [15/May/2019:02:10:44 +0000] "GET /contact.html HTTP/1.1" 200 1410 "https://final-project-mjswift.c9users.io/about.html" "Mozilla/5.0 (Windows NT 10.0; Win64; x64) AppleWebKit/537.36 (KHTML, like Gecko) Chrome/74.0.3729.131 Safari/537.36"
10.240.1.21 - - [15/May/2019:02:10:44 +0000] "GET /css/contact.css HTTP/1.1" 200 716 "https://final-project-mjswift.c9users.io/contact.html" "Mozilla/5.0 (Windows NT 10.0; Win64; x64) AppleWebKit/537.36 (KHTML, like Gecko) Chrome/74.0.3729.131 Safari/537.36"
10.240.0.207 - - [15/May/2019:02:13:22 +0000] "GET /about.html HTTP/1.1" 200 1409 "https://final-project-mjswift.c9users.io/index.html" "Mozilla/5.0 (Windows NT 10.0; Win64; x64) AppleWebKit/537.36 (KHTML, like Gecko) Chrome/74.0.3729.131 Safari/537.36"
10.240.0.207 - - [15/May/2019:02:13:23 +0000] "GET /css/about.css HTTP/1.1" 200 716 "https://final-project-mjswift.c9users.io/about.html" "Mozilla/5.0 (Windows NT 10.0; Win64; x64) AppleWebKit/537.36 (KHTML, like Gecko) Chrome/74.0.3729.131 Safari/537.36"
10.240.1.21 - - [15/May/2019:02:37:19 +0000] "GET /index.html HTTP/1.1" 200 1977 "https://final-project-mjswift.c9users.io/about.html" "Mozilla/5.0 (Windows NT 10.0; Win64; x64) AppleWebKit/537.36 (KHTML, like Gecko) Chrome/74.0.3729.131 Safari/537.36"
10.240.0.249 - - [15/May/2019:02:37:19 +0000] "GET /css/style.css HTTP/1.1" 200 894 "https://final-project-mjswift.c9users.io/index.html" "Mozilla/5.0 (Windows NT 10.0; Win64; x64) AppleWebKit/537.36 (KHTML, like Gecko) Chrome/74.0.3729.131 Safari/537.36"
10.240.0.68 - - [15/May/2019:02:49:37 +0000] "GET /about.html HTTP/1.1" 200 1888 "https://final-project-mjswift.c9users.io/index.html" "Mozilla/5.0 (Windows NT 10.0; Win64; x64) AppleWebKit/537.36 (KHTML, like Gecko) Chrome/74.0.3729.131 Safari/537.36"
10.240.0.68 - - [15/May/2019:02:49:37 +0000] "GET /css/about.css HTTP/1.1" 200 716 "https://final-project-mjswift.c9users.io/about.html" "Mozilla/5.0 (Windows NT 10.0; Win64; x64) AppleWebKit/537.36 (KHTML, like Gecko) Chrome/74.0.3729.131 Safari/537.36"
10.240.1.78 - - [15/May/2019:02:49:37 +0000] "GET /img/bandatfcc.jpg HTTP/1.1" 200 40127 "https://final-project-mjswift.c9users.io/about.html" "Mozilla/5.0 (Windows NT 10.0; Win64; x64) AppleWebKit/537.36 (KHTML, like Gecko) Chrome/74.0.3729.131 Safari/537.36"
10.240.1.21 - - [15/May/2019:02:52:59 +0000] "GET /about.html HTTP/1.1" 200 1894 "https://final-project-mjswift.c9users.io/index.html" "Mozilla/5.0 (Windows NT 10.0; Win64; x64) AppleWebKit/537.36 (KHTML, like Gecko) Chrome/74.0.3729.131 Safari/537.36"
10.240.1.78 - - [15/May/2019:02:52:59 +0000] "GET /img/bandatfcc.jpg HTTP/1.1" 304 181 "https://final-project-mjswift.c9users.io/about.html" "Mozilla/5.0 (Windows NT 10.0; Win64; x64) AppleWebKit/537.36 (KHTML, like Gecko) Chrome/74.0.3729.131 Safari/537.36"
10.240.1.21 - - [15/May/2019:02:54:17 +0000] "GET /about.html HTTP/1.1" 200 1874 "https://final-project-mjswift.c9users.io/index.html" "Mozilla/5.0 (Windows NT 10.0; Win64; x64) AppleWebKit/537.36 (KHTML, like Gecko) Chrome/74.0.3729.131 Safari/537.36"
10.240.1.21 - - [15/May/2019:02:54:17 +0000] "GET /img/bandatfcc.jpg HTTP/1.1" 304 181 "https://final-project-mjswift.c9users.io/about.html" "Mozilla/5.0 (Windows NT 10.0; Win64; x64) AppleWebKit/537.36 (KHTML, like Gecko) Chrome/74.0.3729.131 Safari/537.36"
10.240.0.207 - - [15/May/2019:02:54:17 +0000] "GET /css/about.css HTTP/1.1" 200 716 "https://final-project-mjswift.c9users.io/about.html" "Mozilla/5.0 (Windows NT 10.0; Win64; x64) AppleWebKit/537.36 (KHTML, like Gecko) Chrome/74.0.3729.131 Safari/537.36"
10.240.2.147 - - [15/May/2019:02:56:19 +0000] "GET /about.html HTTP/1.1" 200 1874 "https://final-project-mjswift.c9users.io/index.html" "Mozilla/5.0 (Windows NT 10.0; Win64; x64) AppleWebKit/537.36 (KHTML, like Gecko) Chrome/74.0.3729.131 Safari/537.36"
10.240.1.21 - - [15/May/2019:02:56:19 +0000] "GET /img/bandatfcc.jpg HTTP/1.1" 304 181 "https://final-project-mjswift.c9users.io/about.html" "Mozilla/5.0 (Windows NT 10.0; Win64; x64) AppleWebKit/537.36 (KHTML, like Gecko) Chrome/74.0.3729.131 Safari/537.36"
10.240.2.147 - - [15/May/2019:02:57:06 +0000] "GET /about.html HTTP/1.1" 200 1874 "https://final-project-mjswift.c9users.io/index.html" "Mozilla/5.0 (Windows NT 10.0; Win64; x64) AppleWebKit/537.36 (KHTML, like Gecko) Chrome/74.0.3729.131 Safari/537.36"
10.240.1.10 - - [15/May/2019:02:57:10 +0000] "GET /about.html HTTP/1.1" 200 1874 "https://final-project-mjswift.c9users.io/index.html" "Mozilla/5.0 (Windows NT 10.0; Win64; x64) AppleWebKit/537.36 (KHTML, like Gecko) Chrome/74.0.3729.131 Safari/537.36"
10.240.2.147 - - [15/May/2019:02:57:11 +0000] "GET /about.html HTTP/1.1" 200 1874 "https://final-project-mjswift.c9users.io/index.html" "Mozilla/5.0 (Windows NT 10.0; Win64; x64) AppleWebKit/537.36 (KHTML, like Gecko) Chrome/74.0.3729.131 Safari/537.36"
10.240.1.10 - - [15/May/2019:02:57:20 +0000] "GET /about.html HTTP/1.1" 200 1874 "https://final-project-mjswift.c9users.io/index.html" "Mozilla/5.0 (Windows NT 10.0; Win64; x64) AppleWebKit/537.36 (KHTML, like Gecko) Chrome/74.0.3729.131 Safari/537.36"
10.240.2.147 - - [15/May/2019:02:57:20 +0000] "GET /img/bandatfcc.jpg HTTP/1.1" 304 181 "https://final-project-mjswift.c9users.io/about.html" "Mozilla/5.0 (Windows NT 10.0; Win64; x64) AppleWebKit/537.36 (KHTML, like Gecko) Chrome/74.0.3729.131 Safari/537.36"
10.240.1.10 - - [15/May/2019:02:57:36 +0000] "GET /about.html HTTP/1.1" 200 1874 "https://final-project-mjswift.c9users.io/index.html" "Mozilla/5.0 (Windows NT 10.0; Win64; x64) AppleWebKit/537.36 (KHTML, like Gecko) Chrome/74.0.3729.131 Safari/537.36"
10.240.1.10 - - [15/May/2019:02:57:36 +0000] "GET /css/about.css HTTP/1.1" 200 733 "https://final-project-mjswift.c9users.io/about.html" "Mozilla/5.0 (Windows NT 10.0; Win64; x64) AppleWebKit/537.36 (KHTML, like Gecko) Chrome/74.0.3729.131 Safari/537.36"
10.240.2.147 - - [15/May/2019:02:57:36 +0000] "GET /img/kinshiplogo.png HTTP/1.1" 200 5818 "https://final-project-mjswift.c9users.io/about.html" "Mozilla/5.0 (Windows NT 10.0; Win64; x64) AppleWebKit/537.36 (KHTML, like Gecko) Chrome/74.0.3729.131 Safari/537.36"
10.240.1.10 - - [15/May/2019:02:57:36 +0000] "GET /img/bandatfcc.jpg HTTP/1.1" 200 40127 "https://final-project-mjswift.c9users.io/about.html" "Mozilla/5.0 (Windows NT 10.0; Win64; x64) AppleWebKit/537.36 (KHTML, like Gecko) Chrome/74.0.3729.131 Safari/537.36"
10.240.1.10 - - [15/May/2019:02:57:36 +0000] "GET /favicon.ico HTTP/1.1" 404 523 "https://final-project-mjswift.c9users.io/about.html" "Mozilla/5.0 (Windows NT 10.0; Win64; x64) AppleWebKit/537.36 (KHTML, like Gecko) Chrome/74.0.3729.131 Safari/537.36"
10.240.1.10 - - [15/May/2019:02:58:10 +0000] "GET /about.html HTTP/1.1" 200 1874 "https://final-project-mjswift.c9users.io/index.html" "Mozilla/5.0 (Windows NT 10.0; Win64; x64) AppleWebKit/537.36 (KHTML, like Gecko) Chrome/74.0.3729.131 Safari/537.36"
10.240.1.10 - - [15/May/2019:02:58:10 +0000] "GET /img/kinshiplogo.png HTTP/1.1" 200 5818 "https://final-project-mjswift.c9users.io/about.html" "Mozilla/5.0 (Windows NT 10.0; Win64; x64) AppleWebKit/537.36 (KHTML, like Gecko) Chrome/74.0.3729.131 Safari/537.36"
10.240.1.10 - - [15/May/2019:02:58:10 +0000] "GET /img/bandatfcc.jpg HTTP/1.1" 200 40127 "https://final-project-mjswift.c9users.io/about.html" "Mozilla/5.0 (Windows NT 10.0; Win64; x64) AppleWebKit/537.36 (KHTML, like Gecko) Chrome/74.0.3729.131 Safari/537.36"
10.240.0.71 - - [15/May/2019:02:58:10 +0000] "GET /css/about.css HTTP/1.1" 200 736 "https://final-project-mjswift.c9users.io/about.html" "Mozilla/5.0 (Windows NT 10.0; Win64; x64) AppleWebKit/537.36 (KHTML, like Gecko) Chrome/74.0.3729.131 Safari/537.36"
10.240.1.10 - - [15/May/2019:02:58:10 +0000] "GET /favicon.ico HTTP/1.1" 404 523 "https://final-project-mjswift.c9users.io/about.html" "Mozilla/5.0 (Windows NT 10.0; Win64; x64) AppleWebKit/537.36 (KHTML, like Gecko) Chrome/74.0.3729.131 Safari/537.36"
10.240.1.10 - - [15/May/2019:02:58:25 +0000] "GET /about.html HTTP/1.1" 200 1874 "https://final-project-mjswift.c9users.io/index.html" "Mozilla/5.0 (Windows NT 10.0; Win64; x64) AppleWebKit/537.36 (KHTML, like Gecko) Chrome/74.0.3729.131 Safari/537.36"
10.240.1.10 - - [15/May/2019:02:58:25 +0000] "GET /css/about.css HTTP/1.1" 200 736 "https://final-project-mjswift.c9users.io/about.html" "Mozilla/5.0 (Windows NT 10.0; Win64; x64) AppleWebKit/537.36 (KHTML, like Gecko) Chrome/74.0.3729.131 Safari/537.36"
10.240.0.171 - - [15/May/2019:02:58:25 +0000] "GET /img/kinshiplogo.png HTTP/1.1" 200 5818 "https://final-project-mjswift.c9users.io/about.html" "Mozilla/5.0 (Windows NT 10.0; Win64; x64) AppleWebKit/537.36 (KHTML, like Gecko) Chrome/74.0.3729.131 Safari/537.36"
10.240.1.10 - - [15/May/2019:02:58:25 +0000] "GET /img/bandatfcc.jpg HTTP/1.1" 200 40127 "https://final-project-mjswift.c9users.io/about.html" "Mozilla/5.0 (Windows NT 10.0; Win64; x64) AppleWebKit/537.36 (KHTML, like Gecko) Chrome/74.0.3729.131 Safari/537.36"
10.240.1.10 - - [15/May/2019:02:58:25 +0000] "GET /favicon.ico HTTP/1.1" 404 523 "https://final-project-mjswift.c9users.io/about.html" "Mozilla/5.0 (Windows NT 10.0; Win64; x64) AppleWebKit/537.36 (KHTML, like Gecko) Chrome/74.0.3729.131 Safari/537.36"
10.240.0.68 - - [15/May/2019:03:01:34 +0000] "GET /about.html HTTP/1.1" 200 1874 "https://final-project-mjswift.c9users.io/index.html" "Mozilla/5.0 (Windows NT 10.0; Win64; x64) AppleWebKit/537.36 (KHTML, like Gecko) Chrome/74.0.3729.131 Safari/537.36"
10.240.0.68 - - [15/May/2019:03:01:34 +0000] "GET /css/about.css HTTP/1.1" 200 746 "https://final-project-mjswift.c9users.io/about.html" "Mozilla/5.0 (Windows NT 10.0; Win64; x64) AppleWebKit/537.36 (KHTML, like Gecko) Chrome/74.0.3729.131 Safari/537.36"
10.240.2.147 - - [15/May/2019:03:01:34 +0000] "GET /img/bandatfcc.jpg HTTP/1.1" 304 181 "https://final-project-mjswift.c9users.io/about.html" "Mozilla/5.0 (Windows NT 10.0; Win64; x64) AppleWebKit/537.36 (KHTML, like Gecko) Chrome/74.0.3729.131 Safari/537.36"
10.240.0.71 - - [15/May/2019:03:01:50 +0000] "GET /about.html HTTP/1.1" 200 1874 "https://final-project-mjswift.c9users.io/index.html" "Mozilla/5.0 (Windows NT 10.0; Win64; x64) AppleWebKit/537.36 (KHTML, like Gecko) Chrome/74.0.3729.131 Safari/537.36"
10.240.0.233 - - [15/May/2019:03:01:50 +0000] "GET /img/kinshiplogo.png HTTP/1.1" 200 5818 "https://final-project-mjswift.c9users.io/about.html" "Mozilla/5.0 (Windows NT 10.0; Win64; x64) AppleWebKit/537.36 (KHTML, like Gecko) Chrome/74.0.3729.131 Safari/537.36"
10.240.0.118 - - [15/May/2019:03:01:50 +0000] "GET /css/about.css HTTP/1.1" 200 746 "https://final-project-mjswift.c9users.io/about.html" "Mozilla/5.0 (Windows NT 10.0; Win64; x64) AppleWebKit/537.36 (KHTML, like Gecko) Chrome/74.0.3729.131 Safari/537.36"
10.240.2.147 - - [15/May/2019:03:01:50 +0000] "GET /img/bandatfcc.jpg HTTP/1.1" 200 40127 "https://final-project-mjswift.c9users.io/about.html" "Mozilla/5.0 (Windows NT 10.0; Win64; x64) AppleWebKit/537.36 (KHTML, like Gecko) Chrome/74.0.3729.131 Safari/537.36"
10.240.0.249 - - [15/May/2019:03:01:50 +0000] "GET /favicon.ico HTTP/1.1" 404 523 "https://final-project-mjswift.c9users.io/about.html" "Mozilla/5.0 (Windows NT 10.0; Win64; x64) AppleWebKit/537.36 (KHTML, like Gecko) Chrome/74.0.3729.131 Safari/537.36"
10.240.0.68 - - [15/May/2019:03:02:25 +0000] "GET /about.html HTTP/1.1" 200 1874 "https://final-project-mjswift.c9users.io/index.html" "Mozilla/5.0 (Windows NT 10.0; Win64; x64) AppleWebKit/537.36 (KHTML, like Gecko) Chrome/74.0.3729.131 Safari/537.36"
10.240.0.68 - - [15/May/2019:03:02:25 +0000] "GET /css/about.css HTTP/1.1" 200 745 "https://final-project-mjswift.c9users.io/about.html" "Mozilla/5.0 (Windows NT 10.0; Win64; x64) AppleWebKit/537.36 (KHTML, like Gecko) Chrome/74.0.3729.131 Safari/537.36"
10.240.0.68 - - [15/May/2019:03:02:25 +0000] "GET /img/bandatfcc.jpg HTTP/1.1" 200 40127 "https://final-project-mjswift.c9users.io/about.html" "Mozilla/5.0 (Windows NT 10.0; Win64; x64) AppleWebKit/537.36 (KHTML, like Gecko) Chrome/74.0.3729.131 Safari/537.36"
10.240.0.207 - - [15/May/2019:03:02:25 +0000] "GET /img/kinshiplogo.png HTTP/1.1" 200 5818 "https://final-project-mjswift.c9users.io/about.html" "Mozilla/5.0 (Windows NT 10.0; Win64; x64) AppleWebKit/537.36 (KHTML, like Gecko) Chrome/74.0.3729.131 Safari/537.36"
10.240.0.68 - - [15/May/2019:03:02:26 +0000] "GET /favicon.ico HTTP/1.1" 404 523 "https://final-project-mjswift.c9users.io/about.html" "Mozilla/5.0 (Windows NT 10.0; Win64; x64) AppleWebKit/537.36 (KHTML, like Gecko) Chrome/74.0.3729.131 Safari/537.36"
10.240.0.68 - - [15/May/2019:03:02:44 +0000] "GET /about.html HTTP/1.1" 200 1874 "https://final-project-mjswift.c9users.io/index.html" "Mozilla/5.0 (Windows NT 10.0; Win64; x64) AppleWebKit/537.36 (KHTML, like Gecko) Chrome/74.0.3729.131 Safari/537.36"
10.240.0.68 - - [15/May/2019:03:02:44 +0000] "GET /css/about.css HTTP/1.1" 200 744 "https://final-project-mjswift.c9users.io/about.html" "Mozilla/5.0 (Windows NT 10.0; Win64; x64) AppleWebKit/537.36 (KHTML, like Gecko) Chrome/74.0.3729.131 Safari/537.36"
10.240.0.68 - - [15/May/2019:03:03:11 +0000] "GET /about.html HTTP/1.1" 200 1874 "https://final-project-mjswift.c9users.io/index.html" "Mozilla/5.0 (Windows NT 10.0; Win64; x64) AppleWebKit/537.36 (KHTML, like Gecko) Chrome/74.0.3729.131 Safari/537.36"
10.240.0.207 - - [15/May/2019:03:03:11 +0000] "GET /css/about.css HTTP/1.1" 200 745 "https://final-project-mjswift.c9users.io/about.html" "Mozilla/5.0 (Windows NT 10.0; Win64; x64) AppleWebKit/537.36 (KHTML, like Gecko) Chrome/74.0.3729.131 Safari/537.36"
10.240.0.71 - - [15/May/2019:03:05:29 +0000] "GET /about.html HTTP/1.1" 200 1874 "https://final-project-mjswift.c9users.io/index.html" "Mozilla/5.0 (Windows NT 10.0; Win64; x64) AppleWebKit/537.36 (KHTML, like Gecko) Chrome/74.0.3729.131 Safari/537.36"
10.240.1.10 - - [15/May/2019:03:05:29 +0000] "GET /css/about.css HTTP/1.1" 200 758 "https://final-project-mjswift.c9users.io/about.html" "Mozilla/5.0 (Windows NT 10.0; Win64; x64) AppleWebKit/537.36 (KHTML, like Gecko) Chrome/74.0.3729.131 Safari/537.36"
10.240.1.60 - - [15/May/2019:03:05:29 +0000] "GET /img/bandatfcc.jpg HTTP/1.1" 304 181 "https://final-project-mjswift.c9users.io/about.html" "Mozilla/5.0 (Windows NT 10.0; Win64; x64) AppleWebKit/537.36 (KHTML, like Gecko) Chrome/74.0.3729.131 Safari/537.36"
10.240.1.60 - - [15/May/2019:03:06:41 +0000] "GET /about.html HTTP/1.1" 200 1874 "https://final-project-mjswift.c9users.io/index.html" "Mozilla/5.0 (Windows NT 10.0; Win64; x64) AppleWebKit/537.36 (KHTML, like Gecko) Chrome/74.0.3729.131 Safari/537.36"
10.240.1.60 - - [15/May/2019:03:06:41 +0000] "GET /css/about.css HTTP/1.1" 200 758 "https://final-project-mjswift.c9users.io/about.html" "Mozilla/5.0 (Windows NT 10.0; Win64; x64) AppleWebKit/537.36 (KHTML, like Gecko) Chrome/74.0.3729.131 Safari/537.36"
10.240.0.71 - - [15/May/2019:03:06:41 +0000] "GET /img/kinshiplogo.png HTTP/1.1" 200 5818 "https://final-project-mjswift.c9users.io/about.html" "Mozilla/5.0 (Windows NT 10.0; Win64; x64) AppleWebKit/537.36 (KHTML, like Gecko) Chrome/74.0.3729.131 Safari/537.36"
10.240.1.60 - - [15/May/2019:03:06:41 +0000] "GET /img/bandatfcc.jpg HTTP/1.1" 200 40127 "https://final-project-mjswift.c9users.io/about.html" "Mozilla/5.0 (Windows NT 10.0; Win64; x64) AppleWebKit/537.36 (KHTML, like Gecko) Chrome/74.0.3729.131 Safari/537.36"
10.240.1.60 - - [15/May/2019:03:06:41 +0000] "GET /favicon.ico HTTP/1.1" 404 523 "https://final-project-mjswift.c9users.io/about.html" "Mozilla/5.0 (Windows NT 10.0; Win64; x64) AppleWebKit/537.36 (KHTML, like Gecko) Chrome/74.0.3729.131 Safari/537.36"
10.240.0.118 - - [15/May/2019:03:07:45 +0000] "GET /about.html HTTP/1.1" 200 1874 "https://final-project-mjswift.c9users.io/index.html" "Mozilla/5.0 (Windows NT 10.0; Win64; x64) AppleWebKit/537.36 (KHTML, like Gecko) Chrome/74.0.3729.131 Safari/537.36"
10.240.0.118 - - [15/May/2019:03:07:45 +0000] "GET /css/about.css HTTP/1.1" 200 758 "https://final-project-mjswift.c9users.io/about.html" "Mozilla/5.0 (Windows NT 10.0; Win64; x64) AppleWebKit/537.36 (KHTML, like Gecko) Chrome/74.0.3729.131 Safari/537.36"
10.240.0.118 - - [15/May/2019:03:07:45 +0000] "GET /img/bandatfcc.jpg HTTP/1.1" 200 40127 "https://final-project-mjswift.c9users.io/about.html" "Mozilla/5.0 (Windows NT 10.0; Win64; x64) AppleWebKit/537.36 (KHTML, like Gecko) Chrome/74.0.3729.131 Safari/537.36"
10.240.1.10 - - [15/May/2019:03:07:45 +0000] "GET /img/kinshiplogo.png HTTP/1.1" 200 5818 "https://final-project-mjswift.c9users.io/about.html" "Mozilla/5.0 (Windows NT 10.0; Win64; x64) AppleWebKit/537.36 (KHTML, like Gecko) Chrome/74.0.3729.131 Safari/537.36"
10.240.0.207 - - [15/May/2019:03:07:45 +0000] "GET /favicon.ico HTTP/1.1" 404 523 "https://final-project-mjswift.c9users.io/about.html" "Mozilla/5.0 (Windows NT 10.0; Win64; x64) AppleWebKit/537.36 (KHTML, like Gecko) Chrome/74.0.3729.131 Safari/537.36"
10.240.0.118 - - [15/May/2019:03:07:58 +0000] "GET /about.html HTTP/1.1" 200 1874 "https://final-project-mjswift.c9users.io/index.html" "Mozilla/5.0 (Windows NT 10.0; Win64; x64) AppleWebKit/537.36 (KHTML, like Gecko) Chrome/74.0.3729.131 Safari/537.36"
10.240.0.71 - - [15/May/2019:03:09:32 +0000] "GET /css/about.css HTTP/1.1" 200 745 "https://final-project-mjswift.c9users.io/about.html" "Mozilla/5.0 (Windows NT 10.0; Win64; x64) AppleWebKit/537.36 (KHTML, like Gecko) Chrome/74.0.3729.131 Safari/537.36"
10.240.0.207 - - [15/May/2019:03:10:58 +0000] "GET /about.html HTTP/1.1" 200 1874 "https://final-project-mjswift.c9users.io/index.html" "Mozilla/5.0 (Windows NT 10.0; Win64; x64) AppleWebKit/537.36 (KHTML, like Gecko) Chrome/74.0.3729.131 Safari/537.36"
10.240.0.207 - - [15/May/2019:03:10:58 +0000] "GET /css/about.css HTTP/1.1" 200 745 "https://final-project-mjswift.c9users.io/about.html" "Mozilla/5.0 (Windows NT 10.0; Win64; x64) AppleWebKit/537.36 (KHTML, like Gecko) Chrome/74.0.3729.131 Safari/537.36"
10.240.2.147 - - [15/May/2019:03:10:58 +0000] "GET /img/kinshiplogo.png HTTP/1.1" 200 5818 "https://final-project-mjswift.c9users.io/about.html" "Mozilla/5.0 (Windows NT 10.0; Win64; x64) AppleWebKit/537.36 (KHTML, like Gecko) Chrome/74.0.3729.131 Safari/537.36"
10.240.0.207 - - [15/May/2019:03:10:58 +0000] "GET /img/bandatfcc.jpg HTTP/1.1" 200 40127 "https://final-project-mjswift.c9users.io/about.html" "Mozilla/5.0 (Windows NT 10.0; Win64; x64) AppleWebKit/537.36 (KHTML, like Gecko) Chrome/74.0.3729.131 Safari/537.36"
10.240.2.147 - - [15/May/2019:03:10:58 +0000] "GET /favicon.ico HTTP/1.1" 404 523 "https://final-project-mjswift.c9users.io/about.html" "Mozilla/5.0 (Windows NT 10.0; Win64; x64) AppleWebKit/537.36 (KHTML, like Gecko) Chrome/74.0.3729.131 Safari/537.36"
10.240.0.231 - - [15/May/2019:03:12:40 +0000] "GET /index.html HTTP/1.1" 200 1977 "https://final-project-mjswift.c9users.io/about.html" "Mozilla/5.0 (Windows NT 10.0; Win64; x64) AppleWebKit/537.36 (KHTML, like Gecko) Chrome/74.0.3729.131 Safari/537.36"
10.240.2.147 - - [15/May/2019:03:12:41 +0000] "GET /css/style.css HTTP/1.1" 200 894 "https://final-project-mjswift.c9users.io/index.html" "Mozilla/5.0 (Windows NT 10.0; Win64; x64) AppleWebKit/537.36 (KHTML, like Gecko) Chrome/74.0.3729.131 Safari/537.36"
10.240.1.10 - - [15/May/2019:03:12:41 +0000] "GET /img/juancho.png HTTP/1.1" 200 170382 "https://final-project-mjswift.c9users.io/index.html" "Mozilla/5.0 (Windows NT 10.0; Win64; x64) AppleWebKit/537.36 (KHTML, like Gecko) Chrome/74.0.3729.131 Safari/537.36"
10.240.2.147 - - [15/May/2019:03:12:41 +0000] "GET /img/joey.png HTTP/1.1" 200 202364 "https://final-project-mjswift.c9users.io/index.html" "Mozilla/5.0 (Windows NT 10.0; Win64; x64) AppleWebKit/537.36 (KHTML, like Gecko) Chrome/74.0.3729.131 Safari/537.36"
10.240.0.207 - - [15/May/2019:03:12:41 +0000] "GET /img/jorgey.png HTTP/1.1" 200 213785 "https://final-project-mjswift.c9users.io/index.html" "Mozilla/5.0 (Windows NT 10.0; Win64; x64) AppleWebKit/537.36 (KHTML, like Gecko) Chrome/74.0.3729.131 Safari/537.36"
10.240.0.68 - - [15/May/2019:03:12:41 +0000] "GET /img/swifty.png HTTP/1.1" 200 257317 "https://final-project-mjswift.c9users.io/index.html" "Mozilla/5.0 (Windows NT 10.0; Win64; x64) AppleWebKit/537.36 (KHTML, like Gecko) Chrome/74.0.3729.131 Safari/537.36"
10.240.0.171 - - [15/May/2019:03:12:41 +0000] "GET /img/bigbandpicbannermod.png HTTP/1.1" 200 1118498 "https://final-project-mjswift.c9users.io/css/style.css" "Mozilla/5.0 (Windows NT 10.0; Win64; x64) AppleWebKit/537.36 (KHTML, like Gecko) Chrome/74.0.3729.131 Safari/537.36"
10.240.0.233 - - [15/May/2019:03:15:00 +0000] "GET /about.html HTTP/1.1" 200 1874 "https://final-project-mjswift.c9users.io/index.html" "Mozilla/5.0 (Windows NT 10.0; Win64; x64) AppleWebKit/537.36 (KHTML, like Gecko) Chrome/74.0.3729.131 Safari/537.36"
10.240.0.231 - - [15/May/2019:03:15:00 +0000] "GET /css/about.css HTTP/1.1" 200 745 "https://final-project-mjswift.c9users.io/about.html" "Mozilla/5.0 (Windows NT 10.0; Win64; x64) AppleWebKit/537.36 (KHTML, like Gecko) Chrome/74.0.3729.131 Safari/537.36"
10.240.2.147 - - [15/May/2019:03:15:00 +0000] "GET /img/bandatfcc.jpg HTTP/1.1" 304 181 "https://final-project-mjswift.c9users.io/about.html" "Mozilla/5.0 (Windows NT 10.0; Win64; x64) AppleWebKit/537.36 (KHTML, like Gecko) Chrome/74.0.3729.131 Safari/537.36"
10.240.0.118 - - [15/May/2019:03:16:29 +0000] "GET /about.html HTTP/1.1" 200 1881 "https://final-project-mjswift.c9users.io/index.html" "Mozilla/5.0 (Windows NT 10.0; Win64; x64) AppleWebKit/537.36 (KHTML, like Gecko) Chrome/74.0.3729.131 Safari/537.36"
10.240.0.118 - - [15/May/2019:03:16:29 +0000] "GET /css/about.css HTTP/1.1" 200 745 "https://final-project-mjswift.c9users.io/about.html" "Mozilla/5.0 (Windows NT 10.0; Win64; x64) AppleWebKit/537.36 (KHTML, like Gecko) Chrome/74.0.3729.131 Safari/537.36"
10.240.0.68 - - [15/May/2019:03:16:29 +0000] "GET /img/kinshiplogo.png HTTP/1.1" 200 5818 "https://final-project-mjswift.c9users.io/about.html" "Mozilla/5.0 (Windows NT 10.0; Win64; x64) AppleWebKit/537.36 (KHTML, like Gecko) Chrome/74.0.3729.131 Safari/537.36"
10.240.0.118 - - [15/May/2019:03:16:29 +0000] "GET /img/bandatfcc.jpg HTTP/1.1" 200 40127 "https://final-project-mjswift.c9users.io/about.html" "Mozilla/5.0 (Windows NT 10.0; Win64; x64) AppleWebKit/537.36 (KHTML, like Gecko) Chrome/74.0.3729.131 Safari/537.36"
10.240.0.118 - - [15/May/2019:03:16:30 +0000] "GET /favicon.ico HTTP/1.1" 404 523 "https://final-project-mjswift.c9users.io/about.html" "Mozilla/5.0 (Windows NT 10.0; Win64; x64) AppleWebKit/537.36 (KHTML, like Gecko) Chrome/74.0.3729.131 Safari/537.36"
10.240.0.118 - - [15/May/2019:03:36:15 +0000] "GET /about.html HTTP/1.1" 200 2126 "https://final-project-mjswift.c9users.io/index.html" "Mozilla/5.0 (Windows NT 10.0; Win64; x64) AppleWebKit/537.36 (KHTML, like Gecko) Chrome/74.0.3729.131 Safari/537.36"
10.240.0.231 - - [15/May/2019:03:36:15 +0000] "GET /css/about.css HTTP/1.1" 200 749 "https://final-project-mjswift.c9users.io/about.html" "Mozilla/5.0 (Windows NT 10.0; Win64; x64) AppleWebKit/537.36 (KHTML, like Gecko) Chrome/74.0.3729.131 Safari/537.36"
10.240.0.71 - - [15/May/2019:03:36:15 +0000] "GET /img/bandatfcc.jpg HTTP/1.1" 304 181 "https://final-project-mjswift.c9users.io/about.html" "Mozilla/5.0 (Windows NT 10.0; Win64; x64) AppleWebKit/537.36 (KHTML, like Gecko) Chrome/74.0.3729.131 Safari/537.36"
10.240.0.207 - - [15/May/2019:03:38:01 +0000] "GET /about.html HTTP/1.1" 200 2126 "https://final-project-mjswift.c9users.io/index.html" "Mozilla/5.0 (Windows NT 10.0; Win64; x64) AppleWebKit/537.36 (KHTML, like Gecko) Chrome/74.0.3729.131 Safari/537.36"
10.240.1.60 - - [15/May/2019:03:38:01 +0000] "GET /css/about.css HTTP/1.1" 200 758 "https://final-project-mjswift.c9users.io/about.html" "Mozilla/5.0 (Windows NT 10.0; Win64; x64) AppleWebKit/537.36 (KHTML, like Gecko) Chrome/74.0.3729.131 Safari/537.36"
10.240.0.71 - - [15/May/2019:03:38:33 +0000] "GET /about.html HTTP/1.1" 200 2126 "https://final-project-mjswift.c9users.io/index.html" "Mozilla/5.0 (Windows NT 10.0; Win64; x64) AppleWebKit/537.36 (KHTML, like Gecko) Chrome/74.0.3729.131 Safari/537.36"
10.240.0.171 - - [15/May/2019:03:38:33 +0000] "GET /css/about.css HTTP/1.1" 200 759 "https://final-project-mjswift.c9users.io/about.html" "Mozilla/5.0 (Windows NT 10.0; Win64; x64) AppleWebKit/537.36 (KHTML, like Gecko) Chrome/74.0.3729.131 Safari/537.36"
10.240.1.78 - - [15/May/2019:03:40:24 +0000] "GET /about.html HTTP/1.1" 200 2126 "https://final-project-mjswift.c9users.io/index.html" "Mozilla/5.0 (Windows NT 10.0; Win64; x64) AppleWebKit/537.36 (KHTML, like Gecko) Chrome/74.0.3729.131 Safari/537.36"
10.240.2.147 - - [15/May/2019:03:40:24 +0000] "GET /css/about.css HTTP/1.1" 200 760 "https://final-project-mjswift.c9users.io/about.html" "Mozilla/5.0 (Windows NT 10.0; Win64; x64) AppleWebKit/537.36 (KHTML, like Gecko) Chrome/74.0.3729.131 Safari/537.36"
10.240.0.171 - - [15/May/2019:03:41:20 +0000] "GET /about.html HTTP/1.1" 200 2126 "https://final-project-mjswift.c9users.io/index.html" "Mozilla/5.0 (Windows NT 10.0; Win64; x64) AppleWebKit/537.36 (KHTML, like Gecko) Chrome/74.0.3729.131 Safari/537.36"
10.240.0.171 - - [15/May/2019:03:41:20 +0000] "GET /css/about.css HTTP/1.1" 200 759 "https://final-project-mjswift.c9users.io/about.html" "Mozilla/5.0 (Windows NT 10.0; Win64; x64) AppleWebKit/537.36 (KHTML, like Gecko) Chrome/74.0.3729.131 Safari/537.36"
10.240.0.231 - - [15/May/2019:03:41:20 +0000] "GET /img/bandatfcc.jpg HTTP/1.1" 304 181 "https://final-project-mjswift.c9users.io/about.html" "Mozilla/5.0 (Windows NT 10.0; Win64; x64) AppleWebKit/537.36 (KHTML, like Gecko) Chrome/74.0.3729.131 Safari/537.36"
10.240.0.171 - - [15/May/2019:03:42:08 +0000] "GET /about.html HTTP/1.1" 200 2126 "https://final-project-mjswift.c9users.io/index.html" "Mozilla/5.0 (Windows NT 10.0; Win64; x64) AppleWebKit/537.36 (KHTML, like Gecko) Chrome/74.0.3729.131 Safari/537.36"
10.240.1.78 - - [15/May/2019:03:42:08 +0000] "GET /css/about.css HTTP/1.1" 200 766 "https://final-project-mjswift.c9users.io/about.html" "Mozilla/5.0 (Windows NT 10.0; Win64; x64) AppleWebKit/537.36 (KHTML, like Gecko) Chrome/74.0.3729.131 Safari/537.36"
10.240.0.171 - - [15/May/2019:03:42:27 +0000] "GET /about.html HTTP/1.1" 200 2139 "https://final-project-mjswift.c9users.io/index.html" "Mozilla/5.0 (Windows NT 10.0; Win64; x64) AppleWebKit/537.36 (KHTML, like Gecko) Chrome/74.0.3729.131 Safari/537.36"
10.240.1.78 - - [15/May/2019:03:42:27 +0000] "GET /css/about.css HTTP/1.1" 200 766 "https://final-project-mjswift.c9users.io/about.html" "Mozilla/5.0 (Windows NT 10.0; Win64; x64) AppleWebKit/537.36 (KHTML, like Gecko) Chrome/74.0.3729.131 Safari/537.36"
10.240.0.71 - - [15/May/2019:03:42:53 +0000] "GET /about.html HTTP/1.1" 200 2139 "https://final-project-mjswift.c9users.io/index.html" "Mozilla/5.0 (Windows NT 10.0; Win64; x64) AppleWebKit/537.36 (KHTML, like Gecko) Chrome/74.0.3729.131 Safari/537.36"
10.240.1.78 - - [15/May/2019:03:42:54 +0000] "GET /css/about.css HTTP/1.1" 200 755 "https://final-project-mjswift.c9users.io/about.html" "Mozilla/5.0 (Windows NT 10.0; Win64; x64) AppleWebKit/537.36 (KHTML, like Gecko) Chrome/74.0.3729.131 Safari/537.36"
10.240.1.10 - - [15/May/2019:03:43:09 +0000] "GET /about.html HTTP/1.1" 200 2139 "https://final-project-mjswift.c9users.io/index.html" "Mozilla/5.0 (Windows NT 10.0; Win64; x64) AppleWebKit/537.36 (KHTML, like Gecko) Chrome/74.0.3729.131 Safari/537.36"
10.240.0.231 - - [15/May/2019:03:43:09 +0000] "GET /css/about.css HTTP/1.1" 200 755 "https://final-project-mjswift.c9users.io/about.html" "Mozilla/5.0 (Windows NT 10.0; Win64; x64) AppleWebKit/537.36 (KHTML, like Gecko) Chrome/74.0.3729.131 Safari/537.36"
10.240.1.10 - - [15/May/2019:03:43:56 +0000] "GET /about.html HTTP/1.1" 200 2126 "https://final-project-mjswift.c9users.io/index.html" "Mozilla/5.0 (Windows NT 10.0; Win64; x64) AppleWebKit/537.36 (KHTML, like Gecko) Chrome/74.0.3729.131 Safari/537.36"
10.240.1.10 - - [15/May/2019:03:43:56 +0000] "GET /css/about.css HTTP/1.1" 200 755 "https://final-project-mjswift.c9users.io/about.html" "Mozilla/5.0 (Windows NT 10.0; Win64; x64) AppleWebKit/537.36 (KHTML, like Gecko) Chrome/74.0.3729.131 Safari/537.36"
10.240.1.10 - - [15/May/2019:03:44:07 +0000] "GET /about.html HTTP/1.1" 200 2126 "https://final-project-mjswift.c9users.io/index.html" "Mozilla/5.0 (Windows NT 10.0; Win64; x64) AppleWebKit/537.36 (KHTML, like Gecko) Chrome/74.0.3729.131 Safari/537.36"
10.240.1.10 - - [15/May/2019:03:44:07 +0000] "GET /css/about.css HTTP/1.1" 200 753 "https://final-project-mjswift.c9users.io/about.html" "Mozilla/5.0 (Windows NT 10.0; Win64; x64) AppleWebKit/537.36 (KHTML, like Gecko) Chrome/74.0.3729.131 Safari/537.36"
10.240.1.78 - - [15/May/2019:03:47:23 +0000] "GET /about.html HTTP/1.1" 200 2126 "https://final-project-mjswift.c9users.io/index.html" "Mozilla/5.0 (Windows NT 10.0; Win64; x64) AppleWebKit/537.36 (KHTML, like Gecko) Chrome/74.0.3729.131 Safari/537.36"
10.240.0.231 - - [15/May/2019:03:47:23 +0000] "GET /img/bandatfcc.jpg HTTP/1.1" 304 181 "https://final-project-mjswift.c9users.io/about.html" "Mozilla/5.0 (Windows NT 10.0; Win64; x64) AppleWebKit/537.36 (KHTML, like Gecko) Chrome/74.0.3729.131 Safari/537.36"
10.240.1.60 - - [15/May/2019:03:47:23 +0000] "GET /css/about.css HTTP/1.1" 200 793 "https://final-project-mjswift.c9users.io/about.html" "Mozilla/5.0 (Windows NT 10.0; Win64; x64) AppleWebKit/537.36 (KHTML, like Gecko) Chrome/74.0.3729.131 Safari/537.36"
10.240.0.68 - - [15/May/2019:03:47:23 +0000] "GET /img/theneckpuppet.jpg HTTP/1.1" 200 89136 "https://final-project-mjswift.c9users.io/css/about.css" "Mozilla/5.0 (Windows NT 10.0; Win64; x64) AppleWebKit/537.36 (KHTML, like Gecko) Chrome/74.0.3729.131 Safari/537.36"
10.240.0.231 - - [15/May/2019:03:48:21 +0000] "GET /about.html HTTP/1.1" 200 2126 "https://final-project-mjswift.c9users.io/index.html" "Mozilla/5.0 (Windows NT 10.0; Win64; x64) AppleWebKit/537.36 (KHTML, like Gecko) Chrome/74.0.3729.131 Safari/537.36"
10.240.0.249 - - [15/May/2019:03:48:22 +0000] "GET /css/about.css HTTP/1.1" 200 796 "https://final-project-mjswift.c9users.io/about.html" "Mozilla/5.0 (Windows NT 10.0; Win64; x64) AppleWebKit/537.36 (KHTML, like Gecko) Chrome/74.0.3729.131 Safari/537.36"
10.240.1.78 - - [15/May/2019:03:48:22 +0000] "GET /img/theneckpuppet.jpg HTTP/1.1" 304 182 "https://final-project-mjswift.c9users.io/css/about.css" "Mozilla/5.0 (Windows NT 10.0; Win64; x64) AppleWebKit/537.36 (KHTML, like Gecko) Chrome/74.0.3729.131 Safari/537.36"
10.240.1.10 - - [15/May/2019:03:49:36 +0000] "GET /about.html HTTP/1.1" 200 2126 "https://final-project-mjswift.c9users.io/index.html" "Mozilla/5.0 (Windows NT 10.0; Win64; x64) AppleWebKit/537.36 (KHTML, like Gecko) Chrome/74.0.3729.131 Safari/537.36"
10.240.1.10 - - [15/May/2019:03:49:36 +0000] "GET /css/about.css HTTP/1.1" 200 803 "https://final-project-mjswift.c9users.io/about.html" "Mozilla/5.0 (Windows NT 10.0; Win64; x64) AppleWebKit/537.36 (KHTML, like Gecko) Chrome/74.0.3729.131 Safari/537.36"
10.240.1.10 - - [15/May/2019:03:49:36 +0000] "GET /img/theneckpuppet.jpg HTTP/1.1" 304 182 "https://final-project-mjswift.c9users.io/css/about.css" "Mozilla/5.0 (Windows NT 10.0; Win64; x64) AppleWebKit/537.36 (KHTML, like Gecko) Chrome/74.0.3729.131 Safari/537.36"
10.240.0.233 - - [15/May/2019:03:50:20 +0000] "GET /about.html HTTP/1.1" 200 2126 "https://final-project-mjswift.c9users.io/index.html" "Mozilla/5.0 (Windows NT 10.0; Win64; x64) AppleWebKit/537.36 (KHTML, like Gecko) Chrome/74.0.3729.131 Safari/537.36"
10.240.0.71 - - [15/May/2019:03:50:20 +0000] "GET /css/about.css HTTP/1.1" 200 803 "https://final-project-mjswift.c9users.io/about.html" "Mozilla/5.0 (Windows NT 10.0; Win64; x64) AppleWebKit/537.36 (KHTML, like Gecko) Chrome/74.0.3729.131 Safari/537.36"
10.240.0.207 - - [15/May/2019:03:50:21 +0000] "GET /img/theneckpuppet.jpg HTTP/1.1" 304 182 "https://final-project-mjswift.c9users.io/css/about.css" "Mozilla/5.0 (Windows NT 10.0; Win64; x64) AppleWebKit/537.36 (KHTML, like Gecko) Chrome/74.0.3729.131 Safari/537.36"
10.240.1.60 - - [15/May/2019:03:52:21 +0000] "GET /about.html HTTP/1.1" 200 2126 "https://final-project-mjswift.c9users.io/index.html" "Mozilla/5.0 (Windows NT 10.0; Win64; x64) AppleWebKit/537.36 (KHTML, like Gecko) Chrome/74.0.3729.131 Safari/537.36"
10.240.0.231 - - [15/May/2019:03:52:21 +0000] "GET /css/about.css HTTP/1.1" 200 807 "https://final-project-mjswift.c9users.io/about.html" "Mozilla/5.0 (Windows NT 10.0; Win64; x64) AppleWebKit/537.36 (KHTML, like Gecko) Chrome/74.0.3729.131 Safari/537.36"
10.240.1.60 - - [15/May/2019:03:52:21 +0000] "GET /img/theneckpuppet.jpg HTTP/1.1" 304 182 "https://final-project-mjswift.c9users.io/css/about.css" "Mozilla/5.0 (Windows NT 10.0; Win64; x64) AppleWebKit/537.36 (KHTML, like Gecko) Chrome/74.0.3729.131 Safari/537.36"
10.240.0.171 - - [15/May/2019:18:37:03 +0000] "GET /index.html HTTP/1.1" 200 1977 "-" "Mozilla/5.0 (Windows NT 10.0; Win64; x64) AppleWebKit/537.36 (KHTML, like Gecko) Chrome/74.0.3729.157 Safari/537.36"
10.240.2.147 - - [15/May/2019:18:37:03 +0000] "GET /css/style.css HTTP/1.1" 200 894 "https://final-project-mjswift.c9users.io/index.html" "Mozilla/5.0 (Windows NT 10.0; Win64; x64) AppleWebKit/537.36 (KHTML, like Gecko) Chrome/74.0.3729.157 Safari/537.36"
10.240.1.21 - - [15/May/2019:18:37:03 +0000] "GET /img/kinshiplogo.png HTTP/1.1" 304 181 "https://final-project-mjswift.c9users.io/index.html" "Mozilla/5.0 (Windows NT 10.0; Win64; x64) AppleWebKit/537.36 (KHTML, like Gecko) Chrome/74.0.3729.157 Safari/537.36"
10.240.1.60 - - [15/May/2019:18:37:03 +0000] "GET /img/juancho.png HTTP/1.1" 200 170382 "https://final-project-mjswift.c9users.io/index.html" "Mozilla/5.0 (Windows NT 10.0; Win64; x64) AppleWebKit/537.36 (KHTML, like Gecko) Chrome/74.0.3729.157 Safari/537.36"
10.240.0.233 - - [15/May/2019:18:37:03 +0000] "GET /img/joey.png HTTP/1.1" 200 202364 "https://final-project-mjswift.c9users.io/index.html" "Mozilla/5.0 (Windows NT 10.0; Win64; x64) AppleWebKit/537.36 (KHTML, like Gecko) Chrome/74.0.3729.157 Safari/537.36"
10.240.0.68 - - [15/May/2019:18:37:03 +0000] "GET /img/jorgey.png HTTP/1.1" 200 213785 "https://final-project-mjswift.c9users.io/index.html" "Mozilla/5.0 (Windows NT 10.0; Win64; x64) AppleWebKit/537.36 (KHTML, like Gecko) Chrome/74.0.3729.157 Safari/537.36"
10.240.0.207 - - [15/May/2019:18:37:03 +0000] "GET /img/swifty.png HTTP/1.1" 200 257317 "https://final-project-mjswift.c9users.io/index.html" "Mozilla/5.0 (Windows NT 10.0; Win64; x64) AppleWebKit/537.36 (KHTML, like Gecko) Chrome/74.0.3729.157 Safari/537.36"
10.240.0.231 - - [15/May/2019:18:37:03 +0000] "GET /img/bigbandpicbannermod.png HTTP/1.1" 200 1118498 "https://final-project-mjswift.c9users.io/css/style.css" "Mozilla/5.0 (Windows NT 10.0; Win64; x64) AppleWebKit/537.36 (KHTML, like Gecko) Chrome/74.0.3729.157 Safari/537.36"
10.240.0.207 - - [15/May/2019:18:37:06 +0000] "GET /favicon.ico HTTP/1.1" 404 523 "https://final-project-mjswift.c9users.io/index.html" "Mozilla/5.0 (Windows NT 10.0; Win64; x64) AppleWebKit/537.36 (KHTML, like Gecko) Chrome/74.0.3729.157 Safari/537.36"
