10.240.1.21 - - [15/May/2019:18:38:48 +0000] "GET /about.html HTTP/1.1" 200 2126 "https://final-project-mjswift.c9users.io/index.html" "Mozilla/5.0 (Windows NT 10.0; Win64; x64) AppleWebKit/537.36 (KHTML, like Gecko) Chrome/74.0.3729.157 Safari/537.36"
10.240.0.171 - - [15/May/2019:18:38:48 +0000] "GET /img/bandatfcc.jpg HTTP/1.1" 304 181 "https://final-project-mjswift.c9users.io/about.html" "Mozilla/5.0 (Windows NT 10.0; Win64; x64) AppleWebKit/537.36 (KHTML, like Gecko) Chrome/74.0.3729.157 Safari/537.36"
10.240.0.68 - - [15/May/2019:18:38:48 +0000] "GET /css/about.css HTTP/1.1" 200 807 "https://final-project-mjswift.c9users.io/about.html" "Mozilla/5.0 (Windows NT 10.0; Win64; x64) AppleWebKit/537.36 (KHTML, like Gecko) Chrome/74.0.3729.157 Safari/537.36"
10.240.0.68 - - [15/May/2019:18:38:48 +0000] "GET /img/theneckpuppet.jpg HTTP/1.1" 304 182 "https://final-project-mjswift.c9users.io/css/about.css" "Mozilla/5.0 (Windows NT 10.0; Win64; x64) AppleWebKit/537.36 (KHTML, like Gecko) Chrome/74.0.3729.157 Safari/537.36"
10.240.0.68 - - [15/May/2019:18:39:43 +0000] "GET /contact.html HTTP/1.1" 200 1410 "https://final-project-mjswift.c9users.io/index.html" "Mozilla/5.0 (Windows NT 10.0; Win64; x64) AppleWebKit/537.36 (KHTML, like Gecko) Chrome/74.0.3729.157 Safari/537.36"
10.240.0.68 - - [15/May/2019:18:39:43 +0000] "GET /css/contact.css HTTP/1.1" 200 716 "https://final-project-mjswift.c9users.io/contact.html" "Mozilla/5.0 (Windows NT 10.0; Win64; x64) AppleWebKit/537.36 (KHTML, like Gecko) Chrome/74.0.3729.157 Safari/537.36"
10.240.1.60 - - [16/May/2019:00:33:55 +0000] "GET /css/style.css HTTP/1.1" 200 894 "https://final-project-mjswift.c9users.io/index.html" "Mozilla/5.0 (Windows NT 10.0; Win64; x64) AppleWebKit/537.36 (KHTML, like Gecko) Chrome/74.0.3729.157 Safari/537.36"
10.240.1.60 - - [16/May/2019:00:33:57 +0000] "GET /favicon.ico HTTP/1.1" 404 523 "https://final-project-mjswift.c9users.io/index.html" "Mozilla/5.0 (Windows NT 10.0; Win64; x64) AppleWebKit/537.36 (KHTML, like Gecko) Chrome/74.0.3729.157 Safari/537.36"
10.240.1.10 - - [16/May/2019:03:23:58 +0000] "GET /about.html HTTP/1.1" 200 2277 "https://final-project-mjswift.c9users.io/index.html" "Mozilla/5.0 (Windows NT 10.0; Win64; x64) AppleWebKit/537.36 (KHTML, like Gecko) Chrome/74.0.3729.157 Safari/537.36"
10.240.0.171 - - [16/May/2019:03:23:59 +0000] "GET /img/bandatfcc.jpg HTTP/1.1" 304 181 "https://final-project-mjswift.c9users.io/about.html" "Mozilla/5.0 (Windows NT 10.0; Win64; x64) AppleWebKit/537.36 (KHTML, like Gecko) Chrome/74.0.3729.157 Safari/537.36"
10.240.0.71 - - [16/May/2019:03:23:59 +0000] "GET /css/about.css HTTP/1.1" 200 807 "https://final-project-mjswift.c9users.io/about.html" "Mozilla/5.0 (Windows NT 10.0; Win64; x64) AppleWebKit/537.36 (KHTML, like Gecko) Chrome/74.0.3729.157 Safari/537.36"
10.240.1.10 - - [16/May/2019:03:23:59 +0000] "GET /img/theneckpuppet.jpg HTTP/1.1" 304 182 "https://final-project-mjswift.c9users.io/css/about.css" "Mozilla/5.0 (Windows NT 10.0; Win64; x64) AppleWebKit/537.36 (KHTML, like Gecko) Chrome/74.0.3729.157 Safari/537.36"
10.240.0.118 - - [16/May/2019:03:30:38 +0000] "GET /about.html HTTP/1.1" 200 2277 "https://final-project-mjswift.c9users.io/index.html" "Mozilla/5.0 (Windows NT 10.0; Win64; x64) AppleWebKit/537.36 (KHTML, like Gecko) Chrome/74.0.3729.157 Safari/537.36"
10.240.1.60 - - [16/May/2019:03:31:44 +0000] "GET /about.html HTTP/1.1" 200 2277 "https://final-project-mjswift.c9users.io/index.html" "Mozilla/5.0 (Windows NT 10.0; Win64; x64) AppleWebKit/537.36 (KHTML, like Gecko) Chrome/74.0.3729.157 Safari/537.36"
10.240.0.68 - - [16/May/2019:03:34:36 +0000] "GET /about.html HTTP/1.1" 200 2278 "https://final-project-mjswift.c9users.io/index.html" "Mozilla/5.0 (Windows NT 10.0; Win64; x64) AppleWebKit/537.36 (KHTML, like Gecko) Chrome/74.0.3729.157 Safari/537.36"
10.240.1.21 - - [16/May/2019:03:34:49 +0000] "GET /about.html HTTP/1.1" 200 2279 "https://final-project-mjswift.c9users.io/index.html" "Mozilla/5.0 (Windows NT 10.0; Win64; x64) AppleWebKit/537.36 (KHTML, like Gecko) Chrome/74.0.3729.157 Safari/537.36"
10.240.1.10 - - [16/May/2019:03:35:33 +0000] "GET /about.html HTTP/1.1" 200 2279 "https://final-project-mjswift.c9users.io/index.html" "Mozilla/5.0 (Windows NT 10.0; Win64; x64) AppleWebKit/537.36 (KHTML, like Gecko) Chrome/74.0.3729.157 Safari/537.36"
10.240.1.10 - - [16/May/2019:03:36:06 +0000] "GET /about.html HTTP/1.1" 200 2278 "https://final-project-mjswift.c9users.io/index.html" "Mozilla/5.0 (Windows NT 10.0; Win64; x64) AppleWebKit/537.36 (KHTML, like Gecko) Chrome/74.0.3729.157 Safari/537.36"
10.240.0.71 - - [16/May/2019:03:36:55 +0000] "GET /about.html HTTP/1.1" 200 2279 "https://final-project-mjswift.c9users.io/index.html" "Mozilla/5.0 (Windows NT 10.0; Win64; x64) AppleWebKit/537.36 (KHTML, like Gecko) Chrome/74.0.3729.157 Safari/537.36"
10.240.0.71 - - [16/May/2019:03:37:07 +0000] "GET /about.html HTTP/1.1" 200 2279 "https://final-project-mjswift.c9users.io/index.html" "Mozilla/5.0 (Windows NT 10.0; Win64; x64) AppleWebKit/537.36 (KHTML, like Gecko) Chrome/74.0.3729.157 Safari/537.36"
10.240.0.71 - - [16/May/2019:03:37:24 +0000] "GET /about.html HTTP/1.1" 200 2279 "https://final-project-mjswift.c9users.io/index.html" "Mozilla/5.0 (Windows NT 10.0; Win64; x64) AppleWebKit/537.36 (KHTML, like Gecko) Chrome/74.0.3729.157 Safari/537.36"
10.240.0.71 - - [16/May/2019:03:41:04 +0000] "GET /about.html HTTP/1.1" 200 2395 "https://final-project-mjswift.c9users.io/index.html" "Mozilla/5.0 (Windows NT 10.0; Win64; x64) AppleWebKit/537.36 (KHTML, like Gecko) Chrome/74.0.3729.157 Safari/537.36"
10.240.0.118 - - [16/May/2019:03:41:49 +0000] "GET /about.html HTTP/1.1" 200 2395 "https://final-project-mjswift.c9users.io/index.html" "Mozilla/5.0 (Windows NT 10.0; Win64; x64) AppleWebKit/537.36 (KHTML, like Gecko) Chrome/74.0.3729.157 Safari/537.36"
10.240.2.147 - - [16/May/2019:03:42:08 +0000] "GET /about.html HTTP/1.1" 200 2395 "https://final-project-mjswift.c9users.io/index.html" "Mozilla/5.0 (Windows NT 10.0; Win64; x64) AppleWebKit/537.36 (KHTML, like Gecko) Chrome/74.0.3729.157 Safari/537.36"
10.240.0.231 - - [16/May/2019:03:42:20 +0000] "GET /about.html HTTP/1.1" 200 2395 "https://final-project-mjswift.c9users.io/index.html" "Mozilla/5.0 (Windows NT 10.0; Win64; x64) AppleWebKit/537.36 (KHTML, like Gecko) Chrome/74.0.3729.157 Safari/537.36"
10.240.0.171 - - [16/May/2019:03:42:31 +0000] "GET /about.html HTTP/1.1" 200 2396 "https://final-project-mjswift.c9users.io/index.html" "Mozilla/5.0 (Windows NT 10.0; Win64; x64) AppleWebKit/537.36 (KHTML, like Gecko) Chrome/74.0.3729.157 Safari/537.36"
10.240.0.233 - - [16/May/2019:03:45:19 +0000] "GET /about.html HTTP/1.1" 200 2396 "https://final-project-mjswift.c9users.io/index.html" "Mozilla/5.0 (Windows NT 10.0; Win64; x64) AppleWebKit/537.36 (KHTML, like Gecko) Chrome/74.0.3729.157 Safari/537.36"
10.240.0.71 - - [16/May/2019:03:47:23 +0000] "GET /about.html HTTP/1.1" 200 2396 "https://final-project-mjswift.c9users.io/index.html" "Mozilla/5.0 (Windows NT 10.0; Win64; x64) AppleWebKit/537.36 (KHTML, like Gecko) Chrome/74.0.3729.157 Safari/537.36"
10.240.1.10 - - [16/May/2019:03:49:41 +0000] "GET /about.html HTTP/1.1" 200 2396 "https://final-project-mjswift.c9users.io/index.html" "Mozilla/5.0 (Windows NT 10.0; Win64; x64) AppleWebKit/537.36 (KHTML, like Gecko) Chrome/74.0.3729.157 Safari/537.36"
10.240.1.78 - - [16/May/2019:03:56:32 +0000] "GET /about.html HTTP/1.1" 200 2396 "https://final-project-mjswift.c9users.io/index.html" "Mozilla/5.0 (Windows NT 10.0; Win64; x64) AppleWebKit/537.36 (KHTML, like Gecko) Chrome/74.0.3729.157 Safari/537.36"
10.240.0.231 - - [16/May/2019:03:56:32 +0000] "GET /css/about.css HTTP/1.1" 200 821 "https://final-project-mjswift.c9users.io/about.html" "Mozilla/5.0 (Windows NT 10.0; Win64; x64) AppleWebKit/537.36 (KHTML, like Gecko) Chrome/74.0.3729.157 Safari/537.36"
10.240.0.68 - - [16/May/2019:03:56:32 +0000] "GET /img/kinshiplogo.png HTTP/1.1" 200 5818 "https://final-project-mjswift.c9users.io/about.html" "Mozilla/5.0 (Windows NT 10.0; Win64; x64) AppleWebKit/537.36 (KHTML, like Gecko) Chrome/74.0.3729.157 Safari/537.36"
10.240.0.233 - - [16/May/2019:03:56:32 +0000] "GET /img/bandatfcc.jpg HTTP/1.1" 200 40127 "https://final-project-mjswift.c9users.io/about.html" "Mozilla/5.0 (Windows NT 10.0; Win64; x64) AppleWebKit/537.36 (KHTML, like Gecko) Chrome/74.0.3729.157 Safari/537.36"
10.240.1.10 - - [16/May/2019:03:56:32 +0000] "GET /img/theneckpuppet.jpg HTTP/1.1" 200 89136 "https://final-project-mjswift.c9users.io/css/about.css" "Mozilla/5.0 (Windows NT 10.0; Win64; x64) AppleWebKit/537.36 (KHTML, like Gecko) Chrome/74.0.3729.157 Safari/537.36"
10.240.0.249 - - [16/May/2019:03:56:33 +0000] "GET /favicon.ico HTTP/1.1" 404 523 "https://final-project-mjswift.c9users.io/about.html" "Mozilla/5.0 (Windows NT 10.0; Win64; x64) AppleWebKit/537.36 (KHTML, like Gecko) Chrome/74.0.3729.157 Safari/537.36"
10.240.1.60 - - [16/May/2019:03:56:54 +0000] "GET /about.html HTTP/1.1" 200 2396 "https://final-project-mjswift.c9users.io/index.html" "Mozilla/5.0 (Windows NT 10.0; Win64; x64) AppleWebKit/537.36 (KHTML, like Gecko) Chrome/74.0.3729.157 Safari/537.36"
10.240.1.60 - - [16/May/2019:03:56:54 +0000] "GET /css/about.css HTTP/1.1" 200 819 "https://final-project-mjswift.c9users.io/about.html" "Mozilla/5.0 (Windows NT 10.0; Win64; x64) AppleWebKit/537.36 (KHTML, like Gecko) Chrome/74.0.3729.157 Safari/537.36"
10.240.0.233 - - [16/May/2019:03:56:54 +0000] "GET /img/kinshiplogo.png HTTP/1.1" 200 5818 "https://final-project-mjswift.c9users.io/about.html" "Mozilla/5.0 (Windows NT 10.0; Win64; x64) AppleWebKit/537.36 (KHTML, like Gecko) Chrome/74.0.3729.157 Safari/537.36"
10.240.1.60 - - [16/May/2019:03:56:54 +0000] "GET /img/theneckpuppet.jpg HTTP/1.1" 200 89136 "https://final-project-mjswift.c9users.io/css/about.css" "Mozilla/5.0 (Windows NT 10.0; Win64; x64) AppleWebKit/537.36 (KHTML, like Gecko) Chrome/74.0.3729.157 Safari/537.36"
10.240.0.171 - - [16/May/2019:03:56:54 +0000] "GET /img/bandatfcc.jpg HTTP/1.1" 200 40127 "https://final-project-mjswift.c9users.io/about.html" "Mozilla/5.0 (Windows NT 10.0; Win64; x64) AppleWebKit/537.36 (KHTML, like Gecko) Chrome/74.0.3729.157 Safari/537.36"
10.240.0.171 - - [16/May/2019:03:56:55 +0000] "GET /favicon.ico HTTP/1.1" 404 523 "https://final-project-mjswift.c9users.io/about.html" "Mozilla/5.0 (Windows NT 10.0; Win64; x64) AppleWebKit/537.36 (KHTML, like Gecko) Chrome/74.0.3729.157 Safari/537.36"
10.240.0.233 - - [16/May/2019:04:07:07 +0000] "GET /contact.html HTTP/1.1" 200 1410 "https://final-project-mjswift.c9users.io/index.html" "Mozilla/5.0 (Windows NT 10.0; Win64; x64) AppleWebKit/537.36 (KHTML, like Gecko) Chrome/74.0.3729.157 Safari/537.36"
10.240.1.21 - - [16/May/2019:04:07:07 +0000] "GET /css/contact.css HTTP/1.1" 200 716 "https://final-project-mjswift.c9users.io/contact.html" "Mozilla/5.0 (Windows NT 10.0; Win64; x64) AppleWebKit/537.36 (KHTML, like Gecko) Chrome/74.0.3729.157 Safari/537.36"
10.240.1.60 - - [16/May/2019:04:10:40 +0000] "GET /about.html HTTP/1.1" 200 2405 "https://final-project-mjswift.c9users.io/index.html" "Mozilla/5.0 (Windows NT 10.0; Win64; x64) AppleWebKit/537.36 (KHTML, like Gecko) Chrome/74.0.3729.157 Safari/537.36"
10.240.1.60 - - [16/May/2019:04:10:40 +0000] "GET /css/about.css HTTP/1.1" 200 819 "https://final-project-mjswift.c9users.io/about.html" "Mozilla/5.0 (Windows NT 10.0; Win64; x64) AppleWebKit/537.36 (KHTML, like Gecko) Chrome/74.0.3729.157 Safari/537.36"
10.240.1.21 - - [16/May/2019:04:13:18 +0000] "GET /about.html HTTP/1.1" 200 2405 "https://final-project-mjswift.c9users.io/index.html" "Mozilla/5.0 (Windows NT 10.0; Win64; x64) AppleWebKit/537.36 (KHTML, like Gecko) Chrome/74.0.3729.157 Safari/537.36"
10.240.2.147 - - [16/May/2019:04:13:18 +0000] "GET /css/about.css HTTP/1.1" 200 822 "https://final-project-mjswift.c9users.io/about.html" "Mozilla/5.0 (Windows NT 10.0; Win64; x64) AppleWebKit/537.36 (KHTML, like Gecko) Chrome/74.0.3729.157 Safari/537.36"
10.240.1.21 - - [16/May/2019:04:23:32 +0000] "GET /contact.html HTTP/1.1" 200 1441 "https://final-project-mjswift.c9users.io/index.html" "Mozilla/5.0 (Windows NT 10.0; Win64; x64) AppleWebKit/537.36 (KHTML, like Gecko) Chrome/74.0.3729.157 Safari/537.36"
10.240.1.21 - - [16/May/2019:04:24:06 +0000] "GET /contact.html HTTP/1.1" 200 1441 "https://final-project-mjswift.c9users.io/index.html" "Mozilla/5.0 (Windows NT 10.0; Win64; x64) AppleWebKit/537.36 (KHTML, like Gecko) Chrome/74.0.3729.157 Safari/537.36"
10.240.1.78 - - [16/May/2019:04:24:09 +0000] "GET /contact.html HTTP/1.1" 200 1441 "https://final-project-mjswift.c9users.io/index.html" "Mozilla/5.0 (Windows NT 10.0; Win64; x64) AppleWebKit/537.36 (KHTML, like Gecko) Chrome/74.0.3729.157 Safari/537.36"
10.240.0.68 - - [16/May/2019:04:24:57 +0000] "GET /contact.html HTTP/1.1" 200 1441 "https://final-project-mjswift.c9users.io/index.html" "Mozilla/5.0 (Windows NT 10.0; Win64; x64) AppleWebKit/537.36 (KHTML, like Gecko) Chrome/74.0.3729.157 Safari/537.36"
10.240.0.231 - - [16/May/2019:04:24:57 +0000] "GET /img/kinshiplogo.png HTTP/1.1" 200 5818 "https://final-project-mjswift.c9users.io/contact.html" "Mozilla/5.0 (Windows NT 10.0; Win64; x64) AppleWebKit/537.36 (KHTML, like Gecko) Chrome/74.0.3729.157 Safari/537.36"
10.240.1.21 - - [16/May/2019:04:24:57 +0000] "GET /css/contact.css HTTP/1.1" 200 728 "https://final-project-mjswift.c9users.io/contact.html" "Mozilla/5.0 (Windows NT 10.0; Win64; x64) AppleWebKit/537.36 (KHTML, like Gecko) Chrome/74.0.3729.157 Safari/537.36"
10.240.1.10 - - [16/May/2019:04:24:57 +0000] "GET /favicon.ico HTTP/1.1" 404 523 "https://final-project-mjswift.c9users.io/contact.html" "Mozilla/5.0 (Windows NT 10.0; Win64; x64) AppleWebKit/537.36 (KHTML, like Gecko) Chrome/74.0.3729.157 Safari/537.36"
10.240.1.60 - - [16/May/2019:04:25:31 +0000] "GET /contact.html HTTP/1.1" 200 1441 "https://final-project-mjswift.c9users.io/index.html" "Mozilla/5.0 (Windows NT 10.0; Win64; x64) AppleWebKit/537.36 (KHTML, like Gecko) Chrome/74.0.3729.157 Safari/537.36"
10.240.1.60 - - [16/May/2019:04:25:31 +0000] "GET /css/contact.css HTTP/1.1" 200 732 "https://final-project-mjswift.c9users.io/contact.html" "Mozilla/5.0 (Windows NT 10.0; Win64; x64) AppleWebKit/537.36 (KHTML, like Gecko) Chrome/74.0.3729.157 Safari/537.36"
10.240.0.171 - - [16/May/2019:04:25:31 +0000] "GET /img/kinshiplogo.png HTTP/1.1" 200 5818 "https://final-project-mjswift.c9users.io/contact.html" "Mozilla/5.0 (Windows NT 10.0; Win64; x64) AppleWebKit/537.36 (KHTML, like Gecko) Chrome/74.0.3729.157 Safari/537.36"
10.240.1.60 - - [16/May/2019:04:25:31 +0000] "GET /favicon.ico HTTP/1.1" 404 523 "https://final-project-mjswift.c9users.io/contact.html" "Mozilla/5.0 (Windows NT 10.0; Win64; x64) AppleWebKit/537.36 (KHTML, like Gecko) Chrome/74.0.3729.157 Safari/537.36"
10.240.1.60 - - [16/May/2019:04:26:09 +0000] "GET /contact.html HTTP/1.1" 200 1441 "https://final-project-mjswift.c9users.io/index.html" "Mozilla/5.0 (Windows NT 10.0; Win64; x64) AppleWebKit/537.36 (KHTML, like Gecko) Chrome/74.0.3729.157 Safari/537.36"
10.240.1.21 - - [16/May/2019:04:26:09 +0000] "GET /css/contact.css HTTP/1.1" 200 732 "https://final-project-mjswift.c9users.io/contact.html" "Mozilla/5.0 (Windows NT 10.0; Win64; x64) AppleWebKit/537.36 (KHTML, like Gecko) Chrome/74.0.3729.157 Safari/537.36"
10.240.1.10 - - [16/May/2019:04:26:13 +0000] "GET /contact.html HTTP/1.1" 200 1441 "https://final-project-mjswift.c9users.io/index.html" "Mozilla/5.0 (Windows NT 10.0; Win64; x64) AppleWebKit/537.36 (KHTML, like Gecko) Chrome/74.0.3729.157 Safari/537.36"
10.240.1.21 - - [16/May/2019:04:26:13 +0000] "GET /img/kinshiplogo.png HTTP/1.1" 200 5818 "https://final-project-mjswift.c9users.io/contact.html" "Mozilla/5.0 (Windows NT 10.0; Win64; x64) AppleWebKit/537.36 (KHTML, like Gecko) Chrome/74.0.3729.157 Safari/537.36"
10.240.1.60 - - [16/May/2019:04:26:13 +0000] "GET /css/contact.css HTTP/1.1" 200 732 "https://final-project-mjswift.c9users.io/contact.html" "Mozilla/5.0 (Windows NT 10.0; Win64; x64) AppleWebKit/537.36 (KHTML, like Gecko) Chrome/74.0.3729.157 Safari/537.36"
10.240.0.207 - - [16/May/2019:04:26:14 +0000] "GET /favicon.ico HTTP/1.1" 404 523 "https://final-project-mjswift.c9users.io/contact.html" "Mozilla/5.0 (Windows NT 10.0; Win64; x64) AppleWebKit/537.36 (KHTML, like Gecko) Chrome/74.0.3729.157 Safari/537.36"
10.240.1.10 - - [16/May/2019:04:26:22 +0000] "GET /contact.html HTTP/1.1" 200 1441 "https://final-project-mjswift.c9users.io/index.html" "Mozilla/5.0 (Windows NT 10.0; Win64; x64) AppleWebKit/537.36 (KHTML, like Gecko) Chrome/74.0.3729.157 Safari/537.36"
10.240.1.21 - - [16/May/2019:04:26:22 +0000] "GET /css/contact.css HTTP/1.1" 200 732 "https://final-project-mjswift.c9users.io/contact.html" "Mozilla/5.0 (Windows NT 10.0; Win64; x64) AppleWebKit/537.36 (KHTML, like Gecko) Chrome/74.0.3729.157 Safari/537.36"
10.240.0.68 - - [16/May/2019:04:28:06 +0000] "GET /contact.html HTTP/1.1" 200 1459 "https://final-project-mjswift.c9users.io/index.html" "Mozilla/5.0 (Windows NT 10.0; Win64; x64) AppleWebKit/537.36 (KHTML, like Gecko) Chrome/74.0.3729.157 Safari/537.36"
10.240.2.147 - - [16/May/2019:04:28:06 +0000] "GET /css/contact.css HTTP/1.1" 200 732 "https://final-project-mjswift.c9users.io/contact.html" "Mozilla/5.0 (Windows NT 10.0; Win64; x64) AppleWebKit/537.36 (KHTML, like Gecko) Chrome/74.0.3729.157 Safari/537.36"
10.240.1.10 - - [16/May/2019:04:28:06 +0000] "GET /img/kinshiplogo.png HTTP/1.1" 200 5818 "https://final-project-mjswift.c9users.io/contact.html" "Mozilla/5.0 (Windows NT 10.0; Win64; x64) AppleWebKit/537.36 (KHTML, like Gecko) Chrome/74.0.3729.157 Safari/537.36"
10.240.1.60 - - [16/May/2019:04:28:07 +0000] "GET /favicon.ico HTTP/1.1" 404 523 "https://final-project-mjswift.c9users.io/contact.html" "Mozilla/5.0 (Windows NT 10.0; Win64; x64) AppleWebKit/537.36 (KHTML, like Gecko) Chrome/74.0.3729.157 Safari/537.36"
10.240.1.21 - - [16/May/2019:04:33:11 +0000] "GET /contact.html HTTP/1.1" 200 1492 "https://final-project-mjswift.c9users.io/index.html" "Mozilla/5.0 (Windows NT 10.0; Win64; x64) AppleWebKit/537.36 (KHTML, like Gecko) Chrome/74.0.3729.157 Safari/537.36"
10.240.0.118 - - [16/May/2019:04:33:11 +0000] "GET /css/contact.css HTTP/1.1" 200 737 "https://final-project-mjswift.c9users.io/contact.html" "Mozilla/5.0 (Windows NT 10.0; Win64; x64) AppleWebKit/537.36 (KHTML, like Gecko) Chrome/74.0.3729.157 Safari/537.36"
10.240.0.118 - - [16/May/2019:04:34:30 +0000] "GET /contact.html HTTP/1.1" 200 1492 "https://final-project-mjswift.c9users.io/index.html" "Mozilla/5.0 (Windows NT 10.0; Win64; x64) AppleWebKit/537.36 (KHTML, like Gecko) Chrome/74.0.3729.157 Safari/537.36"
10.240.0.118 - - [16/May/2019:04:34:30 +0000] "GET /img/kinshiplogo.png HTTP/1.1" 200 5818 "https://final-project-mjswift.c9users.io/contact.html" "Mozilla/5.0 (Windows NT 10.0; Win64; x64) AppleWebKit/537.36 (KHTML, like Gecko) Chrome/74.0.3729.157 Safari/537.36"
10.240.1.21 - - [16/May/2019:04:34:30 +0000] "GET /css/contact.css HTTP/1.1" 200 740 "https://final-project-mjswift.c9users.io/contact.html" "Mozilla/5.0 (Windows NT 10.0; Win64; x64) AppleWebKit/537.36 (KHTML, like Gecko) Chrome/74.0.3729.157 Safari/537.36"
10.240.0.118 - - [16/May/2019:04:34:30 +0000] "GET /favicon.ico HTTP/1.1" 404 523 "https://final-project-mjswift.c9users.io/contact.html" "Mozilla/5.0 (Windows NT 10.0; Win64; x64) AppleWebKit/537.36 (KHTML, like Gecko) Chrome/74.0.3729.157 Safari/537.36"
10.240.1.78 - - [16/May/2019:04:34:48 +0000] "GET /contact.html HTTP/1.1" 200 1492 "https://final-project-mjswift.c9users.io/index.html" "Mozilla/5.0 (Windows NT 10.0; Win64; x64) AppleWebKit/537.36 (KHTML, like Gecko) Chrome/74.0.3729.157 Safari/537.36"
10.240.1.21 - - [16/May/2019:04:34:49 +0000] "GET /css/contact.css HTTP/1.1" 200 739 "https://final-project-mjswift.c9users.io/contact.html" "Mozilla/5.0 (Windows NT 10.0; Win64; x64) AppleWebKit/537.36 (KHTML, like Gecko) Chrome/74.0.3729.157 Safari/537.36"
10.240.0.207 - - [16/May/2019:04:36:13 +0000] "GET /contact.html HTTP/1.1" 200 1492 "https://final-project-mjswift.c9users.io/index.html" "Mozilla/5.0 (Windows NT 10.0; Win64; x64) AppleWebKit/537.36 (KHTML, like Gecko) Chrome/74.0.3729.157 Safari/537.36"
10.240.0.71 - - [16/May/2019:04:36:14 +0000] "GET /css/contact.css HTTP/1.1" 200 743 "https://final-project-mjswift.c9users.io/contact.html" "Mozilla/5.0 (Windows NT 10.0; Win64; x64) AppleWebKit/537.36 (KHTML, like Gecko) Chrome/74.0.3729.157 Safari/537.36"
10.240.0.207 - - [16/May/2019:04:36:17 +0000] "GET /contact.html HTTP/1.1" 200 1492 "https://final-project-mjswift.c9users.io/index.html" "Mozilla/5.0 (Windows NT 10.0; Win64; x64) AppleWebKit/537.36 (KHTML, like Gecko) Chrome/74.0.3729.157 Safari/537.36"
10.240.0.207 - - [16/May/2019:04:36:17 +0000] "GET /css/contact.css HTTP/1.1" 200 743 "https://final-project-mjswift.c9users.io/contact.html" "Mozilla/5.0 (Windows NT 10.0; Win64; x64) AppleWebKit/537.36 (KHTML, like Gecko) Chrome/74.0.3729.157 Safari/537.36"
10.240.0.71 - - [16/May/2019:04:36:17 +0000] "GET /img/kinshiplogo.png HTTP/1.1" 200 5818 "https://final-project-mjswift.c9users.io/contact.html" "Mozilla/5.0 (Windows NT 10.0; Win64; x64) AppleWebKit/537.36 (KHTML, like Gecko) Chrome/74.0.3729.157 Safari/537.36"
10.240.0.71 - - [16/May/2019:04:36:17 +0000] "GET /favicon.ico HTTP/1.1" 404 523 "https://final-project-mjswift.c9users.io/contact.html" "Mozilla/5.0 (Windows NT 10.0; Win64; x64) AppleWebKit/537.36 (KHTML, like Gecko) Chrome/74.0.3729.157 Safari/537.36"
10.240.1.60 - - [16/May/2019:04:37:51 +0000] "GET /contact.html HTTP/1.1" 200 1492 "https://final-project-mjswift.c9users.io/index.html" "Mozilla/5.0 (Windows NT 10.0; Win64; x64) AppleWebKit/537.36 (KHTML, like Gecko) Chrome/74.0.3729.157 Safari/537.36"
10.240.1.78 - - [16/May/2019:04:37:51 +0000] "GET /img/kinshiplogo.png HTTP/1.1" 200 5818 "https://final-project-mjswift.c9users.io/contact.html" "Mozilla/5.0 (Windows NT 10.0; Win64; x64) AppleWebKit/537.36 (KHTML, like Gecko) Chrome/74.0.3729.157 Safari/537.36"
10.240.0.233 - - [16/May/2019:04:37:51 +0000] "GET /css/contact.css HTTP/1.1" 200 745 "https://final-project-mjswift.c9users.io/contact.html" "Mozilla/5.0 (Windows NT 10.0; Win64; x64) AppleWebKit/537.36 (KHTML, like Gecko) Chrome/74.0.3729.157 Safari/537.36"
10.240.1.60 - - [16/May/2019:04:37:52 +0000] "GET /favicon.ico HTTP/1.1" 404 523 "https://final-project-mjswift.c9users.io/contact.html" "Mozilla/5.0 (Windows NT 10.0; Win64; x64) AppleWebKit/537.36 (KHTML, like Gecko) Chrome/74.0.3729.157 Safari/537.36"
10.240.0.249 - - [16/May/2019:04:38:54 +0000] "GET /contact.html HTTP/1.1" 200 1492 "https://final-project-mjswift.c9users.io/index.html" "Mozilla/5.0 (Windows NT 10.0; Win64; x64) AppleWebKit/537.36 (KHTML, like Gecko) Chrome/74.0.3729.157 Safari/537.36"
10.240.0.249 - - [16/May/2019:04:38:54 +0000] "GET /css/contact.css HTTP/1.1" 200 742 "https://final-project-mjswift.c9users.io/contact.html" "Mozilla/5.0 (Windows NT 10.0; Win64; x64) AppleWebKit/537.36 (KHTML, like Gecko) Chrome/74.0.3729.157 Safari/537.36"
10.240.2.147 - - [16/May/2019:04:38:54 +0000] "GET /img/kinshiplogo.png HTTP/1.1" 200 5818 "https://final-project-mjswift.c9users.io/contact.html" "Mozilla/5.0 (Windows NT 10.0; Win64; x64) AppleWebKit/537.36 (KHTML, like Gecko) Chrome/74.0.3729.157 Safari/537.36"
10.240.0.249 - - [16/May/2019:04:38:55 +0000] "GET /favicon.ico HTTP/1.1" 404 523 "https://final-project-mjswift.c9users.io/contact.html" "Mozilla/5.0 (Windows NT 10.0; Win64; x64) AppleWebKit/537.36 (KHTML, like Gecko) Chrome/74.0.3729.157 Safari/537.36"
10.240.2.147 - - [16/May/2019:04:40:51 +0000] "GET /contact.html HTTP/1.1" 200 1492 "https://final-project-mjswift.c9users.io/index.html" "Mozilla/5.0 (Windows NT 10.0; Win64; x64) AppleWebKit/537.36 (KHTML, like Gecko) Chrome/74.0.3729.157 Safari/537.36"
10.240.0.68 - - [16/May/2019:04:40:51 +0000] "GET /css/contact.css HTTP/1.1" 200 765 "https://final-project-mjswift.c9users.io/contact.html" "Mozilla/5.0 (Windows NT 10.0; Win64; x64) AppleWebKit/537.36 (KHTML, like Gecko) Chrome/74.0.3729.157 Safari/537.36"
10.240.1.10 - - [16/May/2019:04:40:51 +0000] "GET /img/kinshiplogo.png HTTP/1.1" 200 5818 "https://final-project-mjswift.c9users.io/contact.html" "Mozilla/5.0 (Windows NT 10.0; Win64; x64) AppleWebKit/537.36 (KHTML, like Gecko) Chrome/74.0.3729.157 Safari/537.36"
10.240.0.71 - - [16/May/2019:04:40:52 +0000] "GET /favicon.ico HTTP/1.1" 404 523 "https://final-project-mjswift.c9users.io/contact.html" "Mozilla/5.0 (Windows NT 10.0; Win64; x64) AppleWebKit/537.36 (KHTML, like Gecko) Chrome/74.0.3729.157 Safari/537.36"
10.240.1.10 - - [16/May/2019:04:41:20 +0000] "GET /contact.html HTTP/1.1" 200 1492 "https://final-project-mjswift.c9users.io/index.html" "Mozilla/5.0 (Windows NT 10.0; Win64; x64) AppleWebKit/537.36 (KHTML, like Gecko) Chrome/74.0.3729.157 Safari/537.36"
10.240.0.68 - - [16/May/2019:04:41:20 +0000] "GET /img/kinshiplogo.png HTTP/1.1" 200 5818 "https://final-project-mjswift.c9users.io/contact.html" "Mozilla/5.0 (Windows NT 10.0; Win64; x64) AppleWebKit/537.36 (KHTML, like Gecko) Chrome/74.0.3729.157 Safari/537.36"
10.240.0.118 - - [16/May/2019:04:41:21 +0000] "GET /css/contact.css HTTP/1.1" 200 766 "https://final-project-mjswift.c9users.io/contact.html" "Mozilla/5.0 (Windows NT 10.0; Win64; x64) AppleWebKit/537.36 (KHTML, like Gecko) Chrome/74.0.3729.157 Safari/537.36"
10.240.0.118 - - [16/May/2019:04:41:21 +0000] "GET /favicon.ico HTTP/1.1" 404 523 "https://final-project-mjswift.c9users.io/contact.html" "Mozilla/5.0 (Windows NT 10.0; Win64; x64) AppleWebKit/537.36 (KHTML, like Gecko) Chrome/74.0.3729.157 Safari/537.36"
10.240.0.71 - - [16/May/2019:04:45:30 +0000] "GET /contact.html HTTP/1.1" 200 1492 "https://final-project-mjswift.c9users.io/index.html" "Mozilla/5.0 (Windows NT 10.0; Win64; x64) AppleWebKit/537.36 (KHTML, like Gecko) Chrome/74.0.3729.157 Safari/537.36"
10.240.0.71 - - [16/May/2019:04:45:30 +0000] "GET /css/contact.css HTTP/1.1" 200 777 "https://final-project-mjswift.c9users.io/contact.html" "Mozilla/5.0 (Windows NT 10.0; Win64; x64) AppleWebKit/537.36 (KHTML, like Gecko) Chrome/74.0.3729.157 Safari/537.36"
10.240.1.60 - - [16/May/2019:04:45:30 +0000] "GET /img/kinshiplogo.png HTTP/1.1" 200 5818 "https://final-project-mjswift.c9users.io/contact.html" "Mozilla/5.0 (Windows NT 10.0; Win64; x64) AppleWebKit/537.36 (KHTML, like Gecko) Chrome/74.0.3729.157 Safari/537.36"
10.240.0.71 - - [16/May/2019:04:45:31 +0000] "GET /favicon.ico HTTP/1.1" 404 523 "https://final-project-mjswift.c9users.io/contact.html" "Mozilla/5.0 (Windows NT 10.0; Win64; x64) AppleWebKit/537.36 (KHTML, like Gecko) Chrome/74.0.3729.157 Safari/537.36"
10.240.0.249 - - [16/May/2019:04:46:00 +0000] "GET /about.html HTTP/1.1" 200 2405 "https://final-project-mjswift.c9users.io/index.html" "Mozilla/5.0 (Windows NT 10.0; Win64; x64) AppleWebKit/537.36 (KHTML, like Gecko) Chrome/74.0.3729.157 Safari/537.36"
10.240.0.249 - - [16/May/2019:04:46:00 +0000] "GET /img/bandatfcc.jpg HTTP/1.1" 200 40127 "https://final-project-mjswift.c9users.io/about.html" "Mozilla/5.0 (Windows NT 10.0; Win64; x64) AppleWebKit/537.36 (KHTML, like Gecko) Chrome/74.0.3729.157 Safari/537.36"
10.240.0.71 - - [16/May/2019:04:46:00 +0000] "GET /css/about.css HTTP/1.1" 200 822 "https://final-project-mjswift.c9users.io/about.html" "Mozilla/5.0 (Windows NT 10.0; Win64; x64) AppleWebKit/537.36 (KHTML, like Gecko) Chrome/74.0.3729.157 Safari/537.36"
10.240.0.71 - - [16/May/2019:04:46:00 +0000] "GET /img/theneckpuppet.jpg HTTP/1.1" 200 89136 "https://final-project-mjswift.c9users.io/css/about.css" "Mozilla/5.0 (Windows NT 10.0; Win64; x64) AppleWebKit/537.36 (KHTML, like Gecko) Chrome/74.0.3729.157 Safari/537.36"
10.240.0.118 - - [16/May/2019:04:47:21 +0000] "GET /index.html HTTP/1.1" 200 1977 "https://final-project-mjswift.c9users.io/about.html" "Mozilla/5.0 (Windows NT 10.0; Win64; x64) AppleWebKit/537.36 (KHTML, like Gecko) Chrome/74.0.3729.157 Safari/537.36"
10.240.0.249 - - [16/May/2019:04:47:21 +0000] "GET /css/style.css HTTP/1.1" 200 894 "https://final-project-mjswift.c9users.io/index.html" "Mozilla/5.0 (Windows NT 10.0; Win64; x64) AppleWebKit/537.36 (KHTML, like Gecko) Chrome/74.0.3729.157 Safari/537.36"
10.240.0.118 - - [16/May/2019:04:47:21 +0000] "GET /img/juancho.png HTTP/1.1" 200 170382 "https://final-project-mjswift.c9users.io/index.html" "Mozilla/5.0 (Windows NT 10.0; Win64; x64) AppleWebKit/537.36 (KHTML, like Gecko) Chrome/74.0.3729.157 Safari/537.36"
10.240.0.249 - - [16/May/2019:04:47:21 +0000] "GET /img/joey.png HTTP/1.1" 200 202364 "https://final-project-mjswift.c9users.io/index.html" "Mozilla/5.0 (Windows NT 10.0; Win64; x64) AppleWebKit/537.36 (KHTML, like Gecko) Chrome/74.0.3729.157 Safari/537.36"
10.240.1.60 - - [16/May/2019:04:47:21 +0000] "GET /img/jorgey.png HTTP/1.1" 200 213785 "https://final-project-mjswift.c9users.io/index.html" "Mozilla/5.0 (Windows NT 10.0; Win64; x64) AppleWebKit/537.36 (KHTML, like Gecko) Chrome/74.0.3729.157 Safari/537.36"
10.240.0.71 - - [16/May/2019:04:47:21 +0000] "GET /img/swifty.png HTTP/1.1" 200 257317 "https://final-project-mjswift.c9users.io/index.html" "Mozilla/5.0 (Windows NT 10.0; Win64; x64) AppleWebKit/537.36 (KHTML, like Gecko) Chrome/74.0.3729.157 Safari/537.36"
10.240.2.147 - - [16/May/2019:04:47:21 +0000] "GET /img/bigbandpicbannermod.png HTTP/1.1" 200 1118498 "https://final-project-mjswift.c9users.io/css/style.css" "Mozilla/5.0 (Windows NT 10.0; Win64; x64) AppleWebKit/537.36 (KHTML, like Gecko) Chrome/74.0.3729.157 Safari/537.36"
10.240.0.249 - - [16/May/2019:05:01:51 +0000] "GET /contact.html HTTP/1.1" 200 1620 "https://final-project-mjswift.c9users.io/index.html" "Mozilla/5.0 (Windows NT 10.0; Win64; x64) AppleWebKit/537.36 (KHTML, like Gecko) Chrome/74.0.3729.157 Safari/537.36"
10.240.0.71 - - [16/May/2019:05:01:51 +0000] "GET /css/contact.css HTTP/1.1" 200 777 "https://final-project-mjswift.c9users.io/contact.html" "Mozilla/5.0 (Windows NT 10.0; Win64; x64) AppleWebKit/537.36 (KHTML, like Gecko) Chrome/74.0.3729.157 Safari/537.36"
10.240.0.249 - - [16/May/2019:05:02:22 +0000] "GET /contact.html HTTP/1.1" 200 1620 "https://final-project-mjswift.c9users.io/index.html" "Mozilla/5.0 (Windows NT 10.0; Win64; x64) AppleWebKit/537.36 (KHTML, like Gecko) Chrome/74.0.3729.157 Safari/537.36"
10.240.1.78 - - [16/May/2019:05:04:17 +0000] "GET /contact.html HTTP/1.1" 200 1620 "https://final-project-mjswift.c9users.io/index.html" "Mozilla/5.0 (Windows NT 10.0; Win64; x64) AppleWebKit/537.36 (KHTML, like Gecko) Chrome/74.0.3729.157 Safari/537.36"
10.240.0.71 - - [16/May/2019:05:04:17 +0000] "GET /css/contact.css HTTP/1.1" 200 792 "https://final-project-mjswift.c9users.io/contact.html" "Mozilla/5.0 (Windows NT 10.0; Win64; x64) AppleWebKit/537.36 (KHTML, like Gecko) Chrome/74.0.3729.157 Safari/537.36"
10.240.0.68 - - [16/May/2019:05:04:17 +0000] "GET /img/kinshiplogo.png HTTP/1.1" 200 5818 "https://final-project-mjswift.c9users.io/contact.html" "Mozilla/5.0 (Windows NT 10.0; Win64; x64) AppleWebKit/537.36 (KHTML, like Gecko) Chrome/74.0.3729.157 Safari/537.36"
10.240.0.71 - - [16/May/2019:05:04:20 +0000] "GET /favicon.ico HTTP/1.1" 404 523 "https://final-project-mjswift.c9users.io/contact.html" "Mozilla/5.0 (Windows NT 10.0; Win64; x64) AppleWebKit/537.36 (KHTML, like Gecko) Chrome/74.0.3729.157 Safari/537.36"
10.240.0.71 - - [16/May/2019:05:04:40 +0000] "GET /contact.html HTTP/1.1" 200 1620 "https://final-project-mjswift.c9users.io/index.html" "Mozilla/5.0 (Windows NT 10.0; Win64; x64) AppleWebKit/537.36 (KHTML, like Gecko) Chrome/74.0.3729.157 Safari/537.36"
10.240.0.71 - - [16/May/2019:05:04:40 +0000] "GET /img/kinshiplogo.png HTTP/1.1" 200 5818 "https://final-project-mjswift.c9users.io/contact.html" "Mozilla/5.0 (Windows NT 10.0; Win64; x64) AppleWebKit/537.36 (KHTML, like Gecko) Chrome/74.0.3729.157 Safari/537.36"
10.240.1.78 - - [16/May/2019:05:04:40 +0000] "GET /css/contact.css HTTP/1.1" 200 792 "https://final-project-mjswift.c9users.io/contact.html" "Mozilla/5.0 (Windows NT 10.0; Win64; x64) AppleWebKit/537.36 (KHTML, like Gecko) Chrome/74.0.3729.157 Safari/537.36"
10.240.1.78 - - [16/May/2019:05:04:43 +0000] "GET /favicon.ico HTTP/1.1" 404 523 "https://final-project-mjswift.c9users.io/contact.html" "Mozilla/5.0 (Windows NT 10.0; Win64; x64) AppleWebKit/537.36 (KHTML, like Gecko) Chrome/74.0.3729.157 Safari/537.36"
10.240.0.71 - - [16/May/2019:05:04:55 +0000] "GET /contact.html HTTP/1.1" 200 1620 "https://final-project-mjswift.c9users.io/index.html" "Mozilla/5.0 (Windows NT 10.0; Win64; x64) AppleWebKit/537.36 (KHTML, like Gecko) Chrome/74.0.3729.157 Safari/537.36"
10.240.0.71 - - [16/May/2019:05:04:56 +0000] "GET /css/contact.css HTTP/1.1" 200 791 "https://final-project-mjswift.c9users.io/contact.html" "Mozilla/5.0 (Windows NT 10.0; Win64; x64) AppleWebKit/537.36 (KHTML, like Gecko) Chrome/74.0.3729.157 Safari/537.36"
10.240.1.78 - - [16/May/2019:05:04:56 +0000] "GET /img/kinshiplogo.png HTTP/1.1" 200 5818 "https://final-project-mjswift.c9users.io/contact.html" "Mozilla/5.0 (Windows NT 10.0; Win64; x64) AppleWebKit/537.36 (KHTML, like Gecko) Chrome/74.0.3729.157 Safari/537.36"
10.240.0.71 - - [16/May/2019:05:04:58 +0000] "GET /favicon.ico HTTP/1.1" 404 523 "https://final-project-mjswift.c9users.io/contact.html" "Mozilla/5.0 (Windows NT 10.0; Win64; x64) AppleWebKit/537.36 (KHTML, like Gecko) Chrome/74.0.3729.157 Safari/537.36"
10.240.0.171 - - [16/May/2019:05:06:09 +0000] "GET /contact.html HTTP/1.1" 200 1620 "https://final-project-mjswift.c9users.io/index.html" "Mozilla/5.0 (Windows NT 10.0; Win64; x64) AppleWebKit/537.36 (KHTML, like Gecko) Chrome/74.0.3729.157 Safari/537.36"
10.240.1.21 - - [16/May/2019:05:06:09 +0000] "GET /img/kinshiplogo.png HTTP/1.1" 200 5818 "https://final-project-mjswift.c9users.io/contact.html" "Mozilla/5.0 (Windows NT 10.0; Win64; x64) AppleWebKit/537.36 (KHTML, like Gecko) Chrome/74.0.3729.157 Safari/537.36"
10.240.0.118 - - [16/May/2019:05:06:09 +0000] "GET /css/contact.css HTTP/1.1" 200 790 "https://final-project-mjswift.c9users.io/contact.html" "Mozilla/5.0 (Windows NT 10.0; Win64; x64) AppleWebKit/537.36 (KHTML, like Gecko) Chrome/74.0.3729.157 Safari/537.36"
10.240.0.71 - - [16/May/2019:05:06:13 +0000] "GET /favicon.ico HTTP/1.1" 404 523 "https://final-project-mjswift.c9users.io/contact.html" "Mozilla/5.0 (Windows NT 10.0; Win64; x64) AppleWebKit/537.36 (KHTML, like Gecko) Chrome/74.0.3729.157 Safari/537.36"
10.240.0.68 - - [16/May/2019:05:12:54 +0000] "GET /contact.html HTTP/1.1" 200 1620 "https://final-project-mjswift.c9users.io/index.html" "Mozilla/5.0 (Windows NT 10.0; Win64; x64) AppleWebKit/537.36 (KHTML, like Gecko) Chrome/74.0.3729.157 Safari/537.36"
10.240.1.78 - - [16/May/2019:05:12:54 +0000] "GET /css/contact.css HTTP/1.1" 200 791 "https://final-project-mjswift.c9users.io/contact.html" "Mozilla/5.0 (Windows NT 10.0; Win64; x64) AppleWebKit/537.36 (KHTML, like Gecko) Chrome/74.0.3729.157 Safari/537.36"
10.240.0.231 - - [16/May/2019:05:16:48 +0000] "GET /about.html HTTP/1.1" 200 2405 "https://final-project-mjswift.c9users.io/index.html" "Mozilla/5.0 (Windows NT 10.0; Win64; x64) AppleWebKit/537.36 (KHTML, like Gecko) Chrome/74.0.3729.157 Safari/537.36"
10.240.0.231 - - [16/May/2019:05:16:49 +0000] "GET /img/bandatfcc.jpg HTTP/1.1" 200 40127 "https://final-project-mjswift.c9users.io/about.html" "Mozilla/5.0 (Windows NT 10.0; Win64; x64) AppleWebKit/537.36 (KHTML, like Gecko) Chrome/74.0.3729.157 Safari/537.36"
10.240.1.78 - - [16/May/2019:05:16:49 +0000] "GET /css/about.css HTTP/1.1" 200 822 "https://final-project-mjswift.c9users.io/about.html" "Mozilla/5.0 (Windows NT 10.0; Win64; x64) AppleWebKit/537.36 (KHTML, like Gecko) Chrome/74.0.3729.157 Safari/537.36"
10.240.0.231 - - [16/May/2019:05:16:49 +0000] "GET /img/theneckpuppet.jpg HTTP/1.1" 200 89136 "https://final-project-mjswift.c9users.io/css/about.css" "Mozilla/5.0 (Windows NT 10.0; Win64; x64) AppleWebKit/537.36 (KHTML, like Gecko) Chrome/74.0.3729.157 Safari/537.36"
10.240.1.78 - - [16/May/2019:05:22:34 +0000] "GET /index.html HTTP/1.1" 200 1977 "-" "Mozilla/5.0 (Windows NT 10.0; Win64; x64) AppleWebKit/537.36 (KHTML, like Gecko) Chrome/74.0.3729.157 Safari/537.36"
10.240.0.118 - - [16/May/2019:05:22:34 +0000] "GET /css/style.css HTTP/1.1" 200 894 "https://final-project-mjswift.c9users.io/index.html" "Mozilla/5.0 (Windows NT 10.0; Win64; x64) AppleWebKit/537.36 (KHTML, like Gecko) Chrome/74.0.3729.157 Safari/537.36"
10.240.0.207 - - [16/May/2019:05:22:34 +0000] "GET /img/juancho.png HTTP/1.1" 200 170382 "https://final-project-mjswift.c9users.io/index.html" "Mozilla/5.0 (Windows NT 10.0; Win64; x64) AppleWebKit/537.36 (KHTML, like Gecko) Chrome/74.0.3729.157 Safari/537.36"
10.240.1.21 - - [16/May/2019:05:22:34 +0000] "GET /img/joey.png HTTP/1.1" 200 202364 "https://final-project-mjswift.c9users.io/index.html" "Mozilla/5.0 (Windows NT 10.0; Win64; x64) AppleWebKit/537.36 (KHTML, like Gecko) Chrome/74.0.3729.157 Safari/537.36"
10.240.0.118 - - [16/May/2019:05:22:34 +0000] "GET /img/jorgey.png HTTP/1.1" 200 213785 "https://final-project-mjswift.c9users.io/index.html" "Mozilla/5.0 (Windows NT 10.0; Win64; x64) AppleWebKit/537.36 (KHTML, like Gecko) Chrome/74.0.3729.157 Safari/537.36"
10.240.0.171 - - [16/May/2019:05:22:34 +0000] "GET /img/swifty.png HTTP/1.1" 200 257317 "https://final-project-mjswift.c9users.io/index.html" "Mozilla/5.0 (Windows NT 10.0; Win64; x64) AppleWebKit/537.36 (KHTML, like Gecko) Chrome/74.0.3729.157 Safari/537.36"
10.240.2.147 - - [16/May/2019:05:22:34 +0000] "GET /img/bigbandpicbannermod.png HTTP/1.1" 200 1118498 "https://final-project-mjswift.c9users.io/css/style.css" "Mozilla/5.0 (Windows NT 10.0; Win64; x64) AppleWebKit/537.36 (KHTML, like Gecko) Chrome/74.0.3729.157 Safari/537.36"
10.240.2.147 - - [16/May/2019:05:23:26 +0000] "GET /contact.html HTTP/1.1" 200 1620 "https://final-project-mjswift.c9users.io/about.html" "Mozilla/5.0 (Windows NT 10.0; Win64; x64) AppleWebKit/537.36 (KHTML, like Gecko) Chrome/74.0.3729.157 Safari/537.36"
10.240.0.118 - - [16/May/2019:05:23:26 +0000] "GET /css/contact.css HTTP/1.1" 200 791 "https://final-project-mjswift.c9users.io/contact.html" "Mozilla/5.0 (Windows NT 10.0; Win64; x64) AppleWebKit/537.36 (KHTML, like Gecko) Chrome/74.0.3729.157 Safari/537.36"
10.240.0.68 - - [17/May/2019:01:08:52 +0000] "GET /about.html HTTP/1.1" 200 2405 "https://final-project-mjswift.c9users.io/index.html" "Mozilla/5.0 (Windows NT 10.0; Win64; x64) AppleWebKit/537.36 (KHTML, like Gecko) Chrome/74.0.3729.157 Safari/537.36"
10.240.0.207 - - [17/May/2019:01:08:52 +0000] "GET /css/about.css HTTP/1.1" 200 822 "https://final-project-mjswift.c9users.io/about.html" "Mozilla/5.0 (Windows NT 10.0; Win64; x64) AppleWebKit/537.36 (KHTML, like Gecko) Chrome/74.0.3729.157 Safari/537.36"
10.240.0.233 - - [17/May/2019:01:08:52 +0000] "GET /img/kinshiplogo.png HTTP/1.1" 304 181 "https://final-project-mjswift.c9users.io/about.html" "Mozilla/5.0 (Windows NT 10.0; Win64; x64) AppleWebKit/537.36 (KHTML, like Gecko) Chrome/74.0.3729.157 Safari/537.36"
10.240.1.21 - - [17/May/2019:01:08:52 +0000] "GET /img/bandatfcc.jpg HTTP/1.1" 304 181 "https://final-project-mjswift.c9users.io/about.html" "Mozilla/5.0 (Windows NT 10.0; Win64; x64) AppleWebKit/537.36 (KHTML, like Gecko) Chrome/74.0.3729.157 Safari/537.36"
10.240.1.78 - - [17/May/2019:01:08:52 +0000] "GET /img/theneckpuppet.jpg HTTP/1.1" 304 182 "https://final-project-mjswift.c9users.io/css/about.css" "Mozilla/5.0 (Windows NT 10.0; Win64; x64) AppleWebKit/537.36 (KHTML, like Gecko) Chrome/74.0.3729.157 Safari/537.36"
10.240.0.207 - - [17/May/2019:01:36:18 +0000] "GET /index.html HTTP/1.1" 200 1977 "-" "Mozilla/5.0 (Windows NT 10.0; Win64; x64) AppleWebKit/537.36 (KHTML, like Gecko) Chrome/74.0.3729.157 Safari/537.36"
10.240.0.207 - - [17/May/2019:01:36:18 +0000] "GET /img/juancho.png HTTP/1.1" 304 182 "https://final-project-mjswift.c9users.io/index.html" "Mozilla/5.0 (Windows NT 10.0; Win64; x64) AppleWebKit/537.36 (KHTML, like Gecko) Chrome/74.0.3729.157 Safari/537.36"
10.240.0.68 - - [17/May/2019:01:36:18 +0000] "GET /css/style.css HTTP/1.1" 200 894 "https://final-project-mjswift.c9users.io/index.html" "Mozilla/5.0 (Windows NT 10.0; Win64; x64) AppleWebKit/537.36 (KHTML, like Gecko) Chrome/74.0.3729.157 Safari/537.36"
10.240.0.207 - - [17/May/2019:01:36:18 +0000] "GET /img/joey.png HTTP/1.1" 304 182 "https://final-project-mjswift.c9users.io/index.html" "Mozilla/5.0 (Windows NT 10.0; Win64; x64) AppleWebKit/537.36 (KHTML, like Gecko) Chrome/74.0.3729.157 Safari/537.36"
10.240.0.68 - - [17/May/2019:01:36:18 +0000] "GET /img/jorgey.png HTTP/1.1" 304 182 "https://final-project-mjswift.c9users.io/index.html" "Mozilla/5.0 (Windows NT 10.0; Win64; x64) AppleWebKit/537.36 (KHTML, like Gecko) Chrome/74.0.3729.157 Safari/537.36"
10.240.0.68 - - [17/May/2019:01:36:18 +0000] "GET /img/swifty.png HTTP/1.1" 304 182 "https://final-project-mjswift.c9users.io/index.html" "Mozilla/5.0 (Windows NT 10.0; Win64; x64) AppleWebKit/537.36 (KHTML, like Gecko) Chrome/74.0.3729.157 Safari/537.36"
10.240.0.207 - - [17/May/2019:01:36:18 +0000] "GET /img/bigbandpicbannermod.png HTTP/1.1" 304 183 "https://final-project-mjswift.c9users.io/css/style.css" "Mozilla/5.0 (Windows NT 10.0; Win64; x64) AppleWebKit/537.36 (KHTML, like Gecko) Chrome/74.0.3729.157 Safari/537.36"
10.240.1.60 - - [17/May/2019:01:36:20 +0000] "GET /favicon.ico HTTP/1.1" 404 523 "https://final-project-mjswift.c9users.io/index.html" "Mozilla/5.0 (Windows NT 10.0; Win64; x64) AppleWebKit/537.36 (KHTML, like Gecko) Chrome/74.0.3729.157 Safari/537.36"
10.240.0.207 - - [17/May/2019:01:36:24 +0000] "GET /contact.html HTTP/1.1" 200 1620 "https://final-project-mjswift.c9users.io/index.html" "Mozilla/5.0 (Windows NT 10.0; Win64; x64) AppleWebKit/537.36 (KHTML, like Gecko) Chrome/74.0.3729.157 Safari/537.36"
10.240.0.71 - - [17/May/2019:01:36:24 +0000] "GET /css/contact.css HTTP/1.1" 200 791 "https://final-project-mjswift.c9users.io/contact.html" "Mozilla/5.0 (Windows NT 10.0; Win64; x64) AppleWebKit/537.36 (KHTML, like Gecko) Chrome/74.0.3729.157 Safari/537.36"
10.240.0.71 - - [17/May/2019:01:37:07 +0000] "GET /contact.html HTTP/1.1" 200 1620 "https://final-project-mjswift.c9users.io/index.html" "Mozilla/5.0 (Windows NT 10.0; Win64; x64) AppleWebKit/537.36 (KHTML, like Gecko) Chrome/74.0.3729.157 Safari/537.36"
10.240.1.60 - - [17/May/2019:01:37:20 +0000] "GET /contact.html HTTP/1.1" 200 1620 "https://final-project-mjswift.c9users.io/index.html" "Mozilla/5.0 (Windows NT 10.0; Win64; x64) AppleWebKit/537.36 (KHTML, like Gecko) Chrome/74.0.3729.157 Safari/537.36"
10.240.0.231 - - [17/May/2019:01:38:02 +0000] "GET /contact.html HTTP/1.1" 200 1620 "https://final-project-mjswift.c9users.io/index.html" "Mozilla/5.0 (Windows NT 10.0; Win64; x64) AppleWebKit/537.36 (KHTML, like Gecko) Chrome/74.0.3729.157 Safari/537.36"
10.240.0.231 - - [17/May/2019:01:38:03 +0000] "GET /css/contact.css HTTP/1.1" 200 792 "https://final-project-mjswift.c9users.io/contact.html" "Mozilla/5.0 (Windows NT 10.0; Win64; x64) AppleWebKit/537.36 (KHTML, like Gecko) Chrome/74.0.3729.157 Safari/537.36"
10.240.1.21 - - [17/May/2019:01:38:03 +0000] "GET /img/kinshiplogo.png HTTP/1.1" 200 5818 "https://final-project-mjswift.c9users.io/contact.html" "Mozilla/5.0 (Windows NT 10.0; Win64; x64) AppleWebKit/537.36 (KHTML, like Gecko) Chrome/74.0.3729.157 Safari/537.36"
10.240.0.231 - - [17/May/2019:01:38:04 +0000] "GET /favicon.ico HTTP/1.1" 404 523 "https://final-project-mjswift.c9users.io/contact.html" "Mozilla/5.0 (Windows NT 10.0; Win64; x64) AppleWebKit/537.36 (KHTML, like Gecko) Chrome/74.0.3729.157 Safari/537.36"
10.240.0.118 - - [17/May/2019:01:38:40 +0000] "GET /contact.html HTTP/1.1" 200 1620 "https://final-project-mjswift.c9users.io/index.html" "Mozilla/5.0 (Windows NT 10.0; Win64; x64) AppleWebKit/537.36 (KHTML, like Gecko) Chrome/74.0.3729.157 Safari/537.36"
10.240.0.68 - - [17/May/2019:01:38:40 +0000] "GET /css/contact.css HTTP/1.1" 200 792 "https://final-project-mjswift.c9users.io/contact.html" "Mozilla/5.0 (Windows NT 10.0; Win64; x64) AppleWebKit/537.36 (KHTML, like Gecko) Chrome/74.0.3729.157 Safari/537.36"
10.240.0.233 - - [17/May/2019:01:38:55 +0000] "GET /contact.html HTTP/1.1" 200 1620 "https://final-project-mjswift.c9users.io/index.html" "Mozilla/5.0 (Windows NT 10.0; Win64; x64) AppleWebKit/537.36 (KHTML, like Gecko) Chrome/74.0.3729.157 Safari/537.36"
10.240.0.118 - - [17/May/2019:01:38:55 +0000] "GET /css/contact.css HTTP/1.1" 200 790 "https://final-project-mjswift.c9users.io/contact.html" "Mozilla/5.0 (Windows NT 10.0; Win64; x64) AppleWebKit/537.36 (KHTML, like Gecko) Chrome/74.0.3729.157 Safari/537.36"
10.240.0.68 - - [17/May/2019:01:39:15 +0000] "GET /about.html HTTP/1.1" 200 2405 "https://final-project-mjswift.c9users.io/index.html" "Mozilla/5.0 (Windows NT 10.0; Win64; x64) AppleWebKit/537.36 (KHTML, like Gecko) Chrome/74.0.3729.157 Safari/537.36"
10.240.0.118 - - [17/May/2019:01:39:15 +0000] "GET /css/about.css HTTP/1.1" 200 822 "https://final-project-mjswift.c9users.io/about.html" "Mozilla/5.0 (Windows NT 10.0; Win64; x64) AppleWebKit/537.36 (KHTML, like Gecko) Chrome/74.0.3729.157 Safari/537.36"
10.240.0.68 - - [17/May/2019:01:39:15 +0000] "GET /img/bandatfcc.jpg HTTP/1.1" 200 40127 "https://final-project-mjswift.c9users.io/about.html" "Mozilla/5.0 (Windows NT 10.0; Win64; x64) AppleWebKit/537.36 (KHTML, like Gecko) Chrome/74.0.3729.157 Safari/537.36"
10.240.0.118 - - [17/May/2019:01:39:15 +0000] "GET /img/theneckpuppet.jpg HTTP/1.1" 200 89136 "https://final-project-mjswift.c9users.io/css/about.css" "Mozilla/5.0 (Windows NT 10.0; Win64; x64) AppleWebKit/537.36 (KHTML, like Gecko) Chrome/74.0.3729.157 Safari/537.36"
10.240.1.21 - - [17/May/2019:01:40:56 +0000] "GET /css/contact.css HTTP/1.1" 200 790 "https://final-project-mjswift.c9users.io/contact.html" "Mozilla/5.0 (Windows NT 10.0; Win64; x64) AppleWebKit/537.36 (KHTML, like Gecko) Chrome/74.0.3729.157 Safari/537.36"
10.240.0.118 - - [17/May/2019:01:43:44 +0000] "GET /css/contact.css HTTP/1.1" 200 790 "https://final-project-mjswift.c9users.io/contact.html" "Mozilla/5.0 (Windows NT 10.0; Win64; x64) AppleWebKit/537.36 (KHTML, like Gecko) Chrome/74.0.3729.157 Safari/537.36"
10.240.0.231 - - [17/May/2019:01:45:55 +0000] "GET /contact.html HTTP/1.1" 200 1620 "https://final-project-mjswift.c9users.io/about.html" "Mozilla/5.0 (Windows NT 10.0; Win64; x64) AppleWebKit/537.36 (KHTML, like Gecko) Chrome/74.0.3729.157 Safari/537.36"
10.240.0.231 - - [17/May/2019:01:45:55 +0000] "GET /img/kinshiplogo.png HTTP/1.1" 200 5818 "https://final-project-mjswift.c9users.io/contact.html" "Mozilla/5.0 (Windows NT 10.0; Win64; x64) AppleWebKit/537.36 (KHTML, like Gecko) Chrome/74.0.3729.157 Safari/537.36"
10.240.0.233 - - [17/May/2019:01:45:55 +0000] "GET /css/contact.css HTTP/1.1" 200 790 "https://final-project-mjswift.c9users.io/contact.html" "Mozilla/5.0 (Windows NT 10.0; Win64; x64) AppleWebKit/537.36 (KHTML, like Gecko) Chrome/74.0.3729.157 Safari/537.36"
10.240.0.231 - - [17/May/2019:01:45:57 +0000] "GET /favicon.ico HTTP/1.1" 404 523 "https://final-project-mjswift.c9users.io/contact.html" "Mozilla/5.0 (Windows NT 10.0; Win64; x64) AppleWebKit/537.36 (KHTML, like Gecko) Chrome/74.0.3729.157 Safari/537.36"
10.240.0.71 - - [17/May/2019:01:46:57 +0000] "GET /contact.html HTTP/1.1" 200 1619 "https://final-project-mjswift.c9users.io/about.html" "Mozilla/5.0 (Windows NT 10.0; Win64; x64) AppleWebKit/537.36 (KHTML, like Gecko) Chrome/74.0.3729.157 Safari/537.36"
10.240.0.71 - - [17/May/2019:01:46:57 +0000] "GET /css/contact.css HTTP/1.1" 200 790 "https://final-project-mjswift.c9users.io/contact.html" "Mozilla/5.0 (Windows NT 10.0; Win64; x64) AppleWebKit/537.36 (KHTML, like Gecko) Chrome/74.0.3729.157 Safari/537.36"
10.240.0.68 - - [17/May/2019:01:46:58 +0000] "GET /img/kinshiplogo.png HTTP/1.1" 200 5818 "https://final-project-mjswift.c9users.io/contact.html" "Mozilla/5.0 (Windows NT 10.0; Win64; x64) AppleWebKit/537.36 (KHTML, like Gecko) Chrome/74.0.3729.157 Safari/537.36"
10.240.0.249 - - [17/May/2019:01:46:59 +0000] "GET /favicon.ico HTTP/1.1" 404 523 "https://final-project-mjswift.c9users.io/contact.html" "Mozilla/5.0 (Windows NT 10.0; Win64; x64) AppleWebKit/537.36 (KHTML, like Gecko) Chrome/74.0.3729.157 Safari/537.36"
10.240.0.171 - - [17/May/2019:01:58:56 +0000] "GET /about.html HTTP/1.1" 200 2405 "https://final-project-mjswift.c9users.io/index.html" "Mozilla/5.0 (Windows NT 10.0; Win64; x64) AppleWebKit/537.36 (KHTML, like Gecko) Chrome/74.0.3729.157 Safari/537.36"
10.240.0.171 - - [17/May/2019:01:58:56 +0000] "GET /css/about.css HTTP/1.1" 200 831 "https://final-project-mjswift.c9users.io/about.html" "Mozilla/5.0 (Windows NT 10.0; Win64; x64) AppleWebKit/537.36 (KHTML, like Gecko) Chrome/74.0.3729.157 Safari/537.36"
10.240.0.171 - - [17/May/2019:01:58:56 +0000] "GET /img/theneckpuppet.jpg HTTP/1.1" 200 89136 "https://final-project-mjswift.c9users.io/css/about.css" "Mozilla/5.0 (Windows NT 10.0; Win64; x64) AppleWebKit/537.36 (KHTML, like Gecko) Chrome/74.0.3729.157 Safari/537.36"
10.240.1.60 - - [17/May/2019:01:58:56 +0000] "GET /img/bandatfcc.jpg HTTP/1.1" 200 40127 "https://final-project-mjswift.c9users.io/about.html" "Mozilla/5.0 (Windows NT 10.0; Win64; x64) AppleWebKit/537.36 (KHTML, like Gecko) Chrome/74.0.3729.157 Safari/537.36"
10.240.0.231 - - [17/May/2019:01:59:45 +0000] "GET /index.html HTTP/1.1" 200 1977 "-" "Mozilla/5.0 (Windows NT 10.0; Win64; x64) AppleWebKit/537.36 (KHTML, like Gecko) Chrome/74.0.3729.157 Safari/537.36"
10.240.1.78 - - [17/May/2019:01:59:45 +0000] "GET /css/style.css HTTP/1.1" 200 894 "https://final-project-mjswift.c9users.io/index.html" "Mozilla/5.0 (Windows NT 10.0; Win64; x64) AppleWebKit/537.36 (KHTML, like Gecko) Chrome/74.0.3729.157 Safari/537.36"
