10.240.0.68 - - [10/May/2019:03:49:55 +0000] "GET /favicon.ico HTTP/1.1" 404 523 "https://final-project-mjswift.c9users.io/index.html" "Mozilla/5.0 (Windows NT 10.0; Win64; x64) AppleWebKit/537.36 (KHTML, like Gecko) Chrome/74.0.3729.131 Safari/537.36"
10.240.0.207 - - [10/May/2019:03:50:03 +0000] "GET /index.html HTTP/1.1" 200 924 "https://final-project-mjswift.c9users.io/index.html" "Mozilla/5.0 (Windows NT 10.0; Win64; x64) AppleWebKit/537.36 (KHTML, like Gecko) Chrome/74.0.3729.131 Safari/537.36"
10.240.0.68 - - [10/May/2019:03:50:03 +0000] "GET /css/style.css HTTP/1.1" 200 279 "https://final-project-mjswift.c9users.io/index.html" "Mozilla/5.0 (Windows NT 10.0; Win64; x64) AppleWebKit/537.36 (KHTML, like Gecko) Chrome/74.0.3729.131 Safari/537.36"
10.240.0.233 - - [10/May/2019:03:50:03 +0000] "GET /img/kinshiplogo HTTP/1.1" 404 527 "https://final-project-mjswift.c9users.io/index.html" "Mozilla/5.0 (Windows NT 10.0; Win64; x64) AppleWebKit/537.36 (KHTML, like Gecko) Chrome/74.0.3729.131 Safari/537.36"
10.240.0.68 - - [10/May/2019:03:50:20 +0000] "GET /index.html HTTP/1.1" 200 924 "https://final-project-mjswift.c9users.io/index.html" "Mozilla/5.0 (Windows NT 10.0; Win64; x64) AppleWebKit/537.36 (KHTML, like Gecko) Chrome/74.0.3729.131 Safari/537.36"
10.240.0.233 - - [10/May/2019:03:50:20 +0000] "GET /img/kinshiplogo HTTP/1.1" 404 527 "https://final-project-mjswift.c9users.io/index.html" "Mozilla/5.0 (Windows NT 10.0; Win64; x64) AppleWebKit/537.36 (KHTML, like Gecko) Chrome/74.0.3729.131 Safari/537.36"
10.240.0.233 - - [10/May/2019:03:50:45 +0000] "GET /index.html HTTP/1.1" 200 924 "-" "Mozilla/5.0 (Windows NT 10.0; Win64; x64) AppleWebKit/537.36 (KHTML, like Gecko) Chrome/74.0.3729.131 Safari/537.36"
10.240.0.68 - - [10/May/2019:03:50:45 +0000] "GET /img/kinshiplogo.png HTTP/1.1" 200 5818 "https://final-project-mjswift.c9users.io/index.html" "Mozilla/5.0 (Windows NT 10.0; Win64; x64) AppleWebKit/537.36 (KHTML, like Gecko) Chrome/74.0.3729.131 Safari/537.36"
10.240.0.207 - - [12/May/2019:00:55:04 +0000] "GET /index.html HTTP/1.1" 200 1006 "-" "Mozilla/5.0 (Windows NT 10.0; Win64; x64) AppleWebKit/537.36 (KHTML, like Gecko) Chrome/74.0.3729.131 Safari/537.36"
10.240.0.207 - - [12/May/2019:00:55:05 +0000] "GET /css/style.css HTTP/1.1" 304 178 "https://final-project-mjswift.c9users.io/index.html" "Mozilla/5.0 (Windows NT 10.0; Win64; x64) AppleWebKit/537.36 (KHTML, like Gecko) Chrome/74.0.3729.131 Safari/537.36"
10.240.1.10 - - [12/May/2019:00:55:05 +0000] "GET /img/kinshiplogo.png HTTP/1.1" 304 181 "https://final-project-mjswift.c9users.io/index.html" "Mozilla/5.0 (Windows NT 10.0; Win64; x64) AppleWebKit/537.36 (KHTML, like Gecko) Chrome/74.0.3729.131 Safari/537.36"
10.240.0.207 - - [12/May/2019:00:55:05 +0000] "GET /favicon.ico HTTP/1.1" 404 523 "https://final-project-mjswift.c9users.io/index.html" "Mozilla/5.0 (Windows NT 10.0; Win64; x64) AppleWebKit/537.36 (KHTML, like Gecko) Chrome/74.0.3729.131 Safari/537.36"
10.240.1.78 - - [12/May/2019:01:05:39 +0000] "GET /index.html HTTP/1.1" 200 1006 "-" "Mozilla/5.0 (Windows NT 10.0; Win64; x64) AppleWebKit/537.36 (KHTML, like Gecko) Chrome/74.0.3729.131 Safari/537.36"
10.240.1.21 - - [12/May/2019:01:13:07 +0000] "GET /index.html HTTP/1.1" 200 1006 "-" "Mozilla/5.0 (Windows NT 10.0; Win64; x64) AppleWebKit/537.36 (KHTML, like Gecko) Chrome/74.0.3729.131 Safari/537.36"
10.240.1.78 - - [12/May/2019:01:14:05 +0000] "GET /index.html HTTP/1.1" 200 1006 "-" "Mozilla/5.0 (Windows NT 10.0; Win64; x64) AppleWebKit/537.36 (KHTML, like Gecko) Chrome/74.0.3729.131 Safari/537.36"
10.240.1.78 - - [12/May/2019:01:14:09 +0000] "GET /index.html HTTP/1.1" 200 1006 "-" "Mozilla/5.0 (Windows NT 10.0; Win64; x64) AppleWebKit/537.36 (KHTML, like Gecko) Chrome/74.0.3729.131 Safari/537.36"
10.240.1.10 - - [12/May/2019:01:14:10 +0000] "GET /css/style.css HTTP/1.1" 200 517 "https://final-project-mjswift.c9users.io/index.html" "Mozilla/5.0 (Windows NT 10.0; Win64; x64) AppleWebKit/537.36 (KHTML, like Gecko) Chrome/74.0.3729.131 Safari/537.36"
10.240.0.171 - - [12/May/2019:01:14:10 +0000] "GET /img/kinshiplogo.png HTTP/1.1" 200 5818 "https://final-project-mjswift.c9users.io/index.html" "Mozilla/5.0 (Windows NT 10.0; Win64; x64) AppleWebKit/537.36 (KHTML, like Gecko) Chrome/74.0.3729.131 Safari/537.36"
10.240.1.78 - - [12/May/2019:01:14:10 +0000] "GET /favicon.ico HTTP/1.1" 404 523 "https://final-project-mjswift.c9users.io/index.html" "Mozilla/5.0 (Windows NT 10.0; Win64; x64) AppleWebKit/537.36 (KHTML, like Gecko) Chrome/74.0.3729.131 Safari/537.36"
10.240.0.207 - - [12/May/2019:01:14:51 +0000] "GET /index.html HTTP/1.1" 200 1006 "-" "Mozilla/5.0 (Windows NT 10.0; Win64; x64) AppleWebKit/537.36 (KHTML, like Gecko) Chrome/74.0.3729.131 Safari/537.36"
10.240.0.207 - - [12/May/2019:01:14:51 +0000] "GET /css/style.css HTTP/1.1" 200 518 "https://final-project-mjswift.c9users.io/index.html" "Mozilla/5.0 (Windows NT 10.0; Win64; x64) AppleWebKit/537.36 (KHTML, like Gecko) Chrome/74.0.3729.131 Safari/537.36"
10.240.1.10 - - [12/May/2019:01:26:19 +0000] "GET /index.html HTTP/1.1" 200 1006 "-" "Mozilla/5.0 (Windows NT 10.0; Win64; x64) AppleWebKit/537.36 (KHTML, like Gecko) Chrome/74.0.3729.131 Safari/537.36"
10.240.1.78 - - [12/May/2019:01:26:20 +0000] "GET /css/style.css HTTP/1.1" 200 531 "https://final-project-mjswift.c9users.io/index.html" "Mozilla/5.0 (Windows NT 10.0; Win64; x64) AppleWebKit/537.36 (KHTML, like Gecko) Chrome/74.0.3729.131 Safari/537.36"
10.240.0.207 - - [12/May/2019:01:30:24 +0000] "GET /index.html HTTP/1.1" 200 1006 "-" "Mozilla/5.0 (Windows NT 10.0; Win64; x64) AppleWebKit/537.36 (KHTML, like Gecko) Chrome/74.0.3729.131 Safari/537.36"
10.240.0.207 - - [12/May/2019:01:30:24 +0000] "GET /css/style.css HTTP/1.1" 200 532 "https://final-project-mjswift.c9users.io/index.html" "Mozilla/5.0 (Windows NT 10.0; Win64; x64) AppleWebKit/537.36 (KHTML, like Gecko) Chrome/74.0.3729.131 Safari/537.36"
10.240.0.68 - - [12/May/2019:01:30:24 +0000] "GET /img/kinshiplogo.png HTTP/1.1" 200 5818 "https://final-project-mjswift.c9users.io/index.html" "Mozilla/5.0 (Windows NT 10.0; Win64; x64) AppleWebKit/537.36 (KHTML, like Gecko) Chrome/74.0.3729.131 Safari/537.36"
10.240.0.207 - - [12/May/2019:01:30:25 +0000] "GET /favicon.ico HTTP/1.1" 404 523 "https://final-project-mjswift.c9users.io/index.html" "Mozilla/5.0 (Windows NT 10.0; Win64; x64) AppleWebKit/537.36 (KHTML, like Gecko) Chrome/74.0.3729.131 Safari/537.36"
10.240.0.118 - - [12/May/2019:01:31:15 +0000] "GET /index.html HTTP/1.1" 200 1006 "-" "Mozilla/5.0 (Windows NT 10.0; Win64; x64) AppleWebKit/537.36 (KHTML, like Gecko) Chrome/74.0.3729.131 Safari/537.36"
10.240.0.207 - - [12/May/2019:01:31:16 +0000] "GET /img/kinshiplogo.png HTTP/1.1" 200 5818 "https://final-project-mjswift.c9users.io/index.html" "Mozilla/5.0 (Windows NT 10.0; Win64; x64) AppleWebKit/537.36 (KHTML, like Gecko) Chrome/74.0.3729.131 Safari/537.36"
10.240.0.68 - - [12/May/2019:01:31:16 +0000] "GET /css/style.css HTTP/1.1" 200 544 "https://final-project-mjswift.c9users.io/index.html" "Mozilla/5.0 (Windows NT 10.0; Win64; x64) AppleWebKit/537.36 (KHTML, like Gecko) Chrome/74.0.3729.131 Safari/537.36"
10.240.1.78 - - [12/May/2019:01:31:16 +0000] "GET /favicon.ico HTTP/1.1" 404 523 "https://final-project-mjswift.c9users.io/index.html" "Mozilla/5.0 (Windows NT 10.0; Win64; x64) AppleWebKit/537.36 (KHTML, like Gecko) Chrome/74.0.3729.131 Safari/537.36"
10.240.1.21 - - [12/May/2019:01:59:06 +0000] "GET /index.html HTTP/1.1" 200 1006 "-" "Mozilla/5.0 (Windows NT 10.0; Win64; x64) AppleWebKit/537.36 (KHTML, like Gecko) Chrome/74.0.3729.131 Safari/537.36"
10.240.0.171 - - [12/May/2019:01:59:06 +0000] "GET /css/style.css HTTP/1.1" 200 567 "https://final-project-mjswift.c9users.io/index.html" "Mozilla/5.0 (Windows NT 10.0; Win64; x64) AppleWebKit/537.36 (KHTML, like Gecko) Chrome/74.0.3729.131 Safari/537.36"
10.240.0.68 - - [12/May/2019:02:05:35 +0000] "GET /index.html HTTP/1.1" 200 1006 "-" "Mozilla/5.0 (Windows NT 10.0; Win64; x64) AppleWebKit/537.36 (KHTML, like Gecko) Chrome/74.0.3729.131 Safari/537.36"
10.240.1.60 - - [12/May/2019:02:05:36 +0000] "GET /css/style.css HTTP/1.1" 200 599 "https://final-project-mjswift.c9users.io/index.html" "Mozilla/5.0 (Windows NT 10.0; Win64; x64) AppleWebKit/537.36 (KHTML, like Gecko) Chrome/74.0.3729.131 Safari/537.36"
10.240.0.231 - - [12/May/2019:02:17:02 +0000] "GET /index.html HTTP/1.1" 200 1006 "-" "Mozilla/5.0 (Windows NT 10.0; Win64; x64) AppleWebKit/537.36 (KHTML, like Gecko) Chrome/74.0.3729.131 Safari/537.36"
10.240.0.68 - - [12/May/2019:02:17:03 +0000] "GET /css/style.css HTTP/1.1" 200 616 "https://final-project-mjswift.c9users.io/index.html" "Mozilla/5.0 (Windows NT 10.0; Win64; x64) AppleWebKit/537.36 (KHTML, like Gecko) Chrome/74.0.3729.131 Safari/537.36"
10.240.0.249 - - [12/May/2019:02:21:45 +0000] "GET /index.html HTTP/1.1" 200 1006 "-" "Mozilla/5.0 (Windows NT 10.0; Win64; x64) AppleWebKit/537.36 (KHTML, like Gecko) Chrome/74.0.3729.131 Safari/537.36"
10.240.0.249 - - [12/May/2019:02:21:45 +0000] "GET /css/style.css HTTP/1.1" 200 625 "https://final-project-mjswift.c9users.io/index.html" "Mozilla/5.0 (Windows NT 10.0; Win64; x64) AppleWebKit/537.36 (KHTML, like Gecko) Chrome/74.0.3729.131 Safari/537.36"
10.240.0.249 - - [12/May/2019:02:21:59 +0000] "GET /index.html HTTP/1.1" 200 1006 "-" "Mozilla/5.0 (Windows NT 10.0; Win64; x64) AppleWebKit/537.36 (KHTML, like Gecko) Chrome/74.0.3729.131 Safari/537.36"
10.240.0.249 - - [12/May/2019:02:21:59 +0000] "GET /css/style.css HTTP/1.1" 200 626 "https://final-project-mjswift.c9users.io/index.html" "Mozilla/5.0 (Windows NT 10.0; Win64; x64) AppleWebKit/537.36 (KHTML, like Gecko) Chrome/74.0.3729.131 Safari/537.36"
10.240.1.78 - - [12/May/2019:02:26:52 +0000] "GET /index.html HTTP/1.1" 200 1006 "-" "Mozilla/5.0 (Windows NT 10.0; Win64; x64) AppleWebKit/537.36 (KHTML, like Gecko) Chrome/74.0.3729.131 Safari/537.36"
10.240.2.147 - - [12/May/2019:02:26:53 +0000] "GET /css/style.css HTTP/1.1" 200 628 "https://final-project-mjswift.c9users.io/index.html" "Mozilla/5.0 (Windows NT 10.0; Win64; x64) AppleWebKit/537.36 (KHTML, like Gecko) Chrome/74.0.3729.131 Safari/537.36"
10.240.0.231 - - [12/May/2019:02:26:53 +0000] "GET /img/kinshiplogo.png HTTP/1.1" 200 5818 "https://final-project-mjswift.c9users.io/index.html" "Mozilla/5.0 (Windows NT 10.0; Win64; x64) AppleWebKit/537.36 (KHTML, like Gecko) Chrome/74.0.3729.131 Safari/537.36"
10.240.0.233 - - [12/May/2019:02:26:53 +0000] "GET /favicon.ico HTTP/1.1" 404 523 "https://final-project-mjswift.c9users.io/index.html" "Mozilla/5.0 (Windows NT 10.0; Win64; x64) AppleWebKit/537.36 (KHTML, like Gecko) Chrome/74.0.3729.131 Safari/537.36"
10.240.0.68 - - [12/May/2019:02:54:16 +0000] "GET /index.html HTTP/1.1" 200 1006 "-" "Mozilla/5.0 (Windows NT 10.0; Win64; x64) AppleWebKit/537.36 (KHTML, like Gecko) Chrome/74.0.3729.131 Safari/537.36"
10.240.0.71 - - [12/May/2019:02:54:17 +0000] "GET /css/style.css HTTP/1.1" 200 635 "https://final-project-mjswift.c9users.io/index.html" "Mozilla/5.0 (Windows NT 10.0; Win64; x64) AppleWebKit/537.36 (KHTML, like Gecko) Chrome/74.0.3729.131 Safari/537.36"
10.240.0.207 - - [12/May/2019:02:55:23 +0000] "GET /index.html HTTP/1.1" 200 1006 "-" "Mozilla/5.0 (Windows NT 10.0; Win64; x64) AppleWebKit/537.36 (KHTML, like Gecko) Chrome/74.0.3729.131 Safari/537.36"
10.240.1.60 - - [12/May/2019:02:55:24 +0000] "GET /css/style.css HTTP/1.1" 200 632 "https://final-project-mjswift.c9users.io/index.html" "Mozilla/5.0 (Windows NT 10.0; Win64; x64) AppleWebKit/537.36 (KHTML, like Gecko) Chrome/74.0.3729.131 Safari/537.36"
10.240.1.10 - - [12/May/2019:02:55:51 +0000] "GET /index.html HTTP/1.1" 200 1006 "-" "Mozilla/5.0 (Windows NT 10.0; Win64; x64) AppleWebKit/537.36 (KHTML, like Gecko) Chrome/74.0.3729.131 Safari/537.36"
10.240.0.231 - - [12/May/2019:02:55:51 +0000] "GET /img/kinshiplogo.png HTTP/1.1" 200 5818 "https://final-project-mjswift.c9users.io/index.html" "Mozilla/5.0 (Windows NT 10.0; Win64; x64) AppleWebKit/537.36 (KHTML, like Gecko) Chrome/74.0.3729.131 Safari/537.36"
10.240.0.68 - - [12/May/2019:02:55:51 +0000] "GET /css/style.css HTTP/1.1" 200 635 "https://final-project-mjswift.c9users.io/index.html" "Mozilla/5.0 (Windows NT 10.0; Win64; x64) AppleWebKit/537.36 (KHTML, like Gecko) Chrome/74.0.3729.131 Safari/537.36"
10.240.0.171 - - [12/May/2019:02:55:52 +0000] "GET /favicon.ico HTTP/1.1" 404 523 "https://final-project-mjswift.c9users.io/index.html" "Mozilla/5.0 (Windows NT 10.0; Win64; x64) AppleWebKit/537.36 (KHTML, like Gecko) Chrome/74.0.3729.131 Safari/537.36"
10.240.0.249 - - [12/May/2019:02:56:10 +0000] "GET /index.html HTTP/1.1" 200 1006 "-" "Mozilla/5.0 (Windows NT 10.0; Win64; x64) AppleWebKit/537.36 (KHTML, like Gecko) Chrome/74.0.3729.131 Safari/537.36"
10.240.0.207 - - [12/May/2019:02:56:11 +0000] "GET /css/style.css HTTP/1.1" 200 630 "https://final-project-mjswift.c9users.io/index.html" "Mozilla/5.0 (Windows NT 10.0; Win64; x64) AppleWebKit/537.36 (KHTML, like Gecko) Chrome/74.0.3729.131 Safari/537.36"
10.240.1.60 - - [12/May/2019:02:58:34 +0000] "GET /index.html HTTP/1.1" 200 1006 "-" "Mozilla/5.0 (Windows NT 10.0; Win64; x64) AppleWebKit/537.36 (KHTML, like Gecko) Chrome/74.0.3729.131 Safari/537.36"
10.240.0.233 - - [12/May/2019:02:58:34 +0000] "GET /css/style.css HTTP/1.1" 200 633 "https://final-project-mjswift.c9users.io/index.html" "Mozilla/5.0 (Windows NT 10.0; Win64; x64) AppleWebKit/537.36 (KHTML, like Gecko) Chrome/74.0.3729.131 Safari/537.36"
10.240.0.207 - - [12/May/2019:03:01:01 +0000] "GET /index.html HTTP/1.1" 200 1006 "-" "Mozilla/5.0 (Windows NT 10.0; Win64; x64) AppleWebKit/537.36 (KHTML, like Gecko) Chrome/74.0.3729.131 Safari/537.36"
10.240.0.207 - - [12/May/2019:03:01:01 +0000] "GET /css/style.css HTTP/1.1" 200 648 "https://final-project-mjswift.c9users.io/index.html" "Mozilla/5.0 (Windows NT 10.0; Win64; x64) AppleWebKit/537.36 (KHTML, like Gecko) Chrome/74.0.3729.131 Safari/537.36"
10.240.0.118 - - [12/May/2019:03:07:35 +0000] "GET /index.html HTTP/1.1" 200 1006 "-" "Mozilla/5.0 (Windows NT 10.0; Win64; x64) AppleWebKit/537.36 (KHTML, like Gecko) Chrome/74.0.3729.131 Safari/537.36"
10.240.0.233 - - [12/May/2019:03:07:35 +0000] "GET /css/style.css HTTP/1.1" 200 684 "https://final-project-mjswift.c9users.io/index.html" "Mozilla/5.0 (Windows NT 10.0; Win64; x64) AppleWebKit/537.36 (KHTML, like Gecko) Chrome/74.0.3729.131 Safari/537.36"
10.240.1.10 - - [12/May/2019:03:08:02 +0000] "GET /index.html HTTP/1.1" 200 1013 "-" "Mozilla/5.0 (Windows NT 10.0; Win64; x64) AppleWebKit/537.36 (KHTML, like Gecko) Chrome/74.0.3729.131 Safari/537.36"
10.240.0.231 - - [12/May/2019:03:08:03 +0000] "GET /css/style.css HTTP/1.1" 200 688 "https://final-project-mjswift.c9users.io/index.html" "Mozilla/5.0 (Windows NT 10.0; Win64; x64) AppleWebKit/537.36 (KHTML, like Gecko) Chrome/74.0.3729.131 Safari/537.36"
10.240.0.207 - - [12/May/2019:03:08:49 +0000] "GET /index.html HTTP/1.1" 200 1013 "-" "Mozilla/5.0 (Windows NT 10.0; Win64; x64) AppleWebKit/537.36 (KHTML, like Gecko) Chrome/74.0.3729.131 Safari/537.36"
10.240.1.60 - - [12/May/2019:03:08:50 +0000] "GET /css/style.css HTTP/1.1" 200 688 "https://final-project-mjswift.c9users.io/index.html" "Mozilla/5.0 (Windows NT 10.0; Win64; x64) AppleWebKit/537.36 (KHTML, like Gecko) Chrome/74.0.3729.131 Safari/537.36"
10.240.0.207 - - [12/May/2019:03:08:50 +0000] "GET /img/bandatfcc.jpg HTTP/1.1" 200 40127 "https://final-project-mjswift.c9users.io/css/style.css" "Mozilla/5.0 (Windows NT 10.0; Win64; x64) AppleWebKit/537.36 (KHTML, like Gecko) Chrome/74.0.3729.131 Safari/537.36"
10.240.0.207 - - [12/May/2019:03:09:33 +0000] "GET /index.html HTTP/1.1" 200 1013 "-" "Mozilla/5.0 (Windows NT 10.0; Win64; x64) AppleWebKit/537.36 (KHTML, like Gecko) Chrome/74.0.3729.131 Safari/537.36"
10.240.0.207 - - [12/May/2019:03:09:33 +0000] "GET /css/style.css HTTP/1.1" 200 698 "https://final-project-mjswift.c9users.io/index.html" "Mozilla/5.0 (Windows NT 10.0; Win64; x64) AppleWebKit/537.36 (KHTML, like Gecko) Chrome/74.0.3729.131 Safari/537.36"
10.240.0.207 - - [12/May/2019:03:09:33 +0000] "GET /img/bandatfcc.jpg HTTP/1.1" 304 181 "https://final-project-mjswift.c9users.io/css/style.css" "Mozilla/5.0 (Windows NT 10.0; Win64; x64) AppleWebKit/537.36 (KHTML, like Gecko) Chrome/74.0.3729.131 Safari/537.36"
10.240.1.21 - - [12/May/2019:03:10:26 +0000] "GET /index.html HTTP/1.1" 200 1013 "-" "Mozilla/5.0 (Windows NT 10.0; Win64; x64) AppleWebKit/537.36 (KHTML, like Gecko) Chrome/74.0.3729.131 Safari/537.36"
10.240.1.21 - - [12/May/2019:03:10:26 +0000] "GET /css/style.css HTTP/1.1" 200 702 "https://final-project-mjswift.c9users.io/index.html" "Mozilla/5.0 (Windows NT 10.0; Win64; x64) AppleWebKit/537.36 (KHTML, like Gecko) Chrome/74.0.3729.131 Safari/537.36"
10.240.1.21 - - [12/May/2019:03:10:26 +0000] "GET /img/bandatfcc.jpg HTTP/1.1" 304 181 "https://final-project-mjswift.c9users.io/css/style.css" "Mozilla/5.0 (Windows NT 10.0; Win64; x64) AppleWebKit/537.36 (KHTML, like Gecko) Chrome/74.0.3729.131 Safari/537.36"
10.240.0.68 - - [12/May/2019:03:11:18 +0000] "GET /index.html HTTP/1.1" 200 1013 "-" "Mozilla/5.0 (Windows NT 10.0; Win64; x64) AppleWebKit/537.36 (KHTML, like Gecko) Chrome/74.0.3729.131 Safari/537.36"
10.240.1.78 - - [12/May/2019:03:11:18 +0000] "GET /css/style.css HTTP/1.1" 200 709 "https://final-project-mjswift.c9users.io/index.html" "Mozilla/5.0 (Windows NT 10.0; Win64; x64) AppleWebKit/537.36 (KHTML, like Gecko) Chrome/74.0.3729.131 Safari/537.36"
10.240.2.147 - - [12/May/2019:03:11:18 +0000] "GET /img/bandatfcc.jpg HTTP/1.1" 304 181 "https://final-project-mjswift.c9users.io/css/style.css" "Mozilla/5.0 (Windows NT 10.0; Win64; x64) AppleWebKit/537.36 (KHTML, like Gecko) Chrome/74.0.3729.131 Safari/537.36"
10.240.0.249 - - [12/May/2019:03:11:49 +0000] "GET /index.html HTTP/1.1" 200 1013 "-" "Mozilla/5.0 (Windows NT 10.0; Win64; x64) AppleWebKit/537.36 (KHTML, like Gecko) Chrome/74.0.3729.131 Safari/537.36"
10.240.2.147 - - [12/May/2019:03:11:50 +0000] "GET /css/style.css HTTP/1.1" 200 709 "https://final-project-mjswift.c9users.io/index.html" "Mozilla/5.0 (Windows NT 10.0; Win64; x64) AppleWebKit/537.36 (KHTML, like Gecko) Chrome/74.0.3729.131 Safari/537.36"
10.240.1.60 - - [12/May/2019:03:13:24 +0000] "GET /index.html HTTP/1.1" 200 1013 "-" "Mozilla/5.0 (Windows NT 10.0; Win64; x64) AppleWebKit/537.36 (KHTML, like Gecko) Chrome/74.0.3729.131 Safari/537.36"
10.240.0.249 - - [12/May/2019:03:13:24 +0000] "GET /css/style.css HTTP/1.1" 200 719 "https://final-project-mjswift.c9users.io/index.html" "Mozilla/5.0 (Windows NT 10.0; Win64; x64) AppleWebKit/537.36 (KHTML, like Gecko) Chrome/74.0.3729.131 Safari/537.36"
10.240.0.71 - - [12/May/2019:03:13:24 +0000] "GET /img/bandatfcc.jpg HTTP/1.1" 304 181 "https://final-project-mjswift.c9users.io/css/style.css" "Mozilla/5.0 (Windows NT 10.0; Win64; x64) AppleWebKit/537.36 (KHTML, like Gecko) Chrome/74.0.3729.131 Safari/537.36"
10.240.1.21 - - [12/May/2019:03:33:34 +0000] "GET /index.html HTTP/1.1" 200 1013 "-" "Mozilla/5.0 (Windows NT 10.0; Win64; x64) AppleWebKit/537.36 (KHTML, like Gecko) Chrome/74.0.3729.131 Safari/537.36"
10.240.0.231 - - [12/May/2019:03:33:35 +0000] "GET /css/style.css HTTP/1.1" 200 724 "https://final-project-mjswift.c9users.io/index.html" "Mozilla/5.0 (Windows NT 10.0; Win64; x64) AppleWebKit/537.36 (KHTML, like Gecko) Chrome/74.0.3729.131 Safari/537.36"
10.240.0.71 - - [12/May/2019:03:33:35 +0000] "GET /img/bigbandpicbannermod.png HTTP/1.1" 200 3441687 "https://final-project-mjswift.c9users.io/css/style.css" "Mozilla/5.0 (Windows NT 10.0; Win64; x64) AppleWebKit/537.36 (KHTML, like Gecko) Chrome/74.0.3729.131 Safari/537.36"
10.240.1.60 - - [12/May/2019:03:37:04 +0000] "GET /index.html HTTP/1.1" 200 1013 "-" "Mozilla/5.0 (Windows NT 10.0; Win64; x64) AppleWebKit/537.36 (KHTML, like Gecko) Chrome/74.0.3729.131 Safari/537.36"
10.240.1.60 - - [12/May/2019:03:37:04 +0000] "GET /css/style.css HTTP/1.1" 200 724 "https://final-project-mjswift.c9users.io/index.html" "Mozilla/5.0 (Windows NT 10.0; Win64; x64) AppleWebKit/537.36 (KHTML, like Gecko) Chrome/74.0.3729.131 Safari/537.36"
10.240.1.60 - - [12/May/2019:03:37:04 +0000] "GET /img/bigbandpicbannermod.png HTTP/1.1" 200 1145965 "https://final-project-mjswift.c9users.io/css/style.css" "Mozilla/5.0 (Windows NT 10.0; Win64; x64) AppleWebKit/537.36 (KHTML, like Gecko) Chrome/74.0.3729.131 Safari/537.36"
10.240.2.147 - - [12/May/2019:22:44:43 +0000] "GET /index.html HTTP/1.1" 200 1013 "-" "Mozilla/5.0 (Windows NT 10.0; Win64; x64) AppleWebKit/537.36 (KHTML, like Gecko) Chrome/74.0.3729.131 Safari/537.36"
10.240.1.78 - - [12/May/2019:22:44:44 +0000] "GET /css/style.css HTTP/1.1" 200 724 "https://final-project-mjswift.c9users.io/index.html" "Mozilla/5.0 (Windows NT 10.0; Win64; x64) AppleWebKit/537.36 (KHTML, like Gecko) Chrome/74.0.3729.131 Safari/537.36"
10.240.2.147 - - [12/May/2019:22:44:44 +0000] "GET /img/kinshiplogo.png HTTP/1.1" 304 181 "https://final-project-mjswift.c9users.io/index.html" "Mozilla/5.0 (Windows NT 10.0; Win64; x64) AppleWebKit/537.36 (KHTML, like Gecko) Chrome/74.0.3729.131 Safari/537.36"
10.240.1.21 - - [12/May/2019:22:44:44 +0000] "GET /img/bigbandpicbannermod.png HTTP/1.1" 304 183 "https://final-project-mjswift.c9users.io/css/style.css" "Mozilla/5.0 (Windows NT 10.0; Win64; x64) AppleWebKit/537.36 (KHTML, like Gecko) Chrome/74.0.3729.131 Safari/537.36"
10.240.1.78 - - [12/May/2019:22:44:44 +0000] "GET /favicon.ico HTTP/1.1" 404 523 "https://final-project-mjswift.c9users.io/index.html" "Mozilla/5.0 (Windows NT 10.0; Win64; x64) AppleWebKit/537.36 (KHTML, like Gecko) Chrome/74.0.3729.131 Safari/537.36"
10.240.1.10 - - [12/May/2019:22:50:21 +0000] "GET /index.html HTTP/1.1" 200 1013 "-" "Mozilla/5.0 (Windows NT 10.0; Win64; x64) AppleWebKit/537.36 (KHTML, like Gecko) Chrome/74.0.3729.131 Safari/537.36"
10.240.0.249 - - [12/May/2019:22:51:13 +0000] "GET /index.html HTTP/1.1" 200 1013 "-" "Mozilla/5.0 (Windows NT 10.0; Win64; x64) AppleWebKit/537.36 (KHTML, like Gecko) Chrome/74.0.3729.131 Safari/537.36"
10.240.0.171 - - [12/May/2019:23:04:07 +0000] "GET /index.html HTTP/1.1" 200 1013 "-" "Mozilla/5.0 (Windows NT 10.0; Win64; x64) AppleWebKit/537.36 (KHTML, like Gecko) Chrome/74.0.3729.131 Safari/537.36"
10.240.1.10 - - [13/May/2019:00:12:50 +0000] "GET /index.html HTTP/1.1" 200 1013 "-" "Mozilla/5.0 (Windows NT 10.0; Win64; x64) AppleWebKit/537.36 (KHTML, like Gecko) Chrome/74.0.3729.131 Safari/537.36"
10.240.0.249 - - [13/May/2019:00:16:45 +0000] "GET /index.html HTTP/1.1" 200 1183 "-" "Mozilla/5.0 (Windows NT 10.0; Win64; x64) AppleWebKit/537.36 (KHTML, like Gecko) Chrome/74.0.3729.131 Safari/537.36"
10.240.0.249 - - [13/May/2019:00:16:45 +0000] "GET /img/juancho.jpg HTTP/1.1" 200 49547 "https://final-project-mjswift.c9users.io/index.html" "Mozilla/5.0 (Windows NT 10.0; Win64; x64) AppleWebKit/537.36 (KHTML, like Gecko) Chrome/74.0.3729.131 Safari/537.36"
10.240.0.171 - - [13/May/2019:00:16:45 +0000] "GET /img/joey.jpg HTTP/1.1" 200 448808 "https://final-project-mjswift.c9users.io/index.html" "Mozilla/5.0 (Windows NT 10.0; Win64; x64) AppleWebKit/537.36 (KHTML, like Gecko) Chrome/74.0.3729.131 Safari/537.36"
10.240.0.249 - - [13/May/2019:00:16:45 +0000] "GET /img/jorgey.jpg HTTP/1.1" 200 404348 "https://final-project-mjswift.c9users.io/index.html" "Mozilla/5.0 (Windows NT 10.0; Win64; x64) AppleWebKit/537.36 (KHTML, like Gecko) Chrome/74.0.3729.131 Safari/537.36"
10.240.1.21 - - [13/May/2019:00:16:46 +0000] "GET /img/swifty.jpg HTTP/1.1" 200 433508 "https://final-project-mjswift.c9users.io/index.html" "Mozilla/5.0 (Windows NT 10.0; Win64; x64) AppleWebKit/537.36 (KHTML, like Gecko) Chrome/74.0.3729.131 Safari/537.36"
10.240.0.249 - - [13/May/2019:00:17:40 +0000] "GET /index.html HTTP/1.1" 200 1183 "-" "Mozilla/5.0 (Windows NT 10.0; Win64; x64) AppleWebKit/537.36 (KHTML, like Gecko) Chrome/74.0.3729.131 Safari/537.36"
10.240.1.21 - - [13/May/2019:00:18:01 +0000] "GET /index.html HTTP/1.1" 200 1183 "-" "Mozilla/5.0 (Windows NT 10.0; Win64; x64) AppleWebKit/537.36 (KHTML, like Gecko) Chrome/74.0.3729.131 Safari/537.36"
10.240.1.10 - - [13/May/2019:00:22:42 +0000] "GET /index.html HTTP/1.1" 200 1183 "-" "Mozilla/5.0 (Windows NT 10.0; Win64; x64) AppleWebKit/537.36 (KHTML, like Gecko) Chrome/74.0.3729.131 Safari/537.36"
10.240.0.249 - - [13/May/2019:00:22:42 +0000] "GET /img/joey.jpg HTTP/1.1" 304 182 "https://final-project-mjswift.c9users.io/index.html" "Mozilla/5.0 (Windows NT 10.0; Win64; x64) AppleWebKit/537.36 (KHTML, like Gecko) Chrome/74.0.3729.131 Safari/537.36"
10.240.0.171 - - [13/May/2019:00:22:42 +0000] "GET /img/juancho.jpg HTTP/1.1" 304 181 "https://final-project-mjswift.c9users.io/index.html" "Mozilla/5.0 (Windows NT 10.0; Win64; x64) AppleWebKit/537.36 (KHTML, like Gecko) Chrome/74.0.3729.131 Safari/537.36"
10.240.1.10 - - [13/May/2019:00:22:42 +0000] "GET /img/jorgey.jpg HTTP/1.1" 304 182 "https://final-project-mjswift.c9users.io/index.html" "Mozilla/5.0 (Windows NT 10.0; Win64; x64) AppleWebKit/537.36 (KHTML, like Gecko) Chrome/74.0.3729.131 Safari/537.36"
10.240.0.68 - - [13/May/2019:00:22:42 +0000] "GET /img/swifty.jpg HTTP/1.1" 304 182 "https://final-project-mjswift.c9users.io/index.html" "Mozilla/5.0 (Windows NT 10.0; Win64; x64) AppleWebKit/537.36 (KHTML, like Gecko) Chrome/74.0.3729.131 Safari/537.36"
10.240.0.118 - - [13/May/2019:00:22:47 +0000] "GET /index.html HTTP/1.1" 200 1183 "-" "Mozilla/5.0 (Windows NT 10.0; Win64; x64) AppleWebKit/537.36 (KHTML, like Gecko) Chrome/74.0.3729.131 Safari/537.36"
10.240.0.249 - - [13/May/2019:00:22:47 +0000] "GET /css/style.css HTTP/1.1" 200 746 "https://final-project-mjswift.c9users.io/index.html" "Mozilla/5.0 (Windows NT 10.0; Win64; x64) AppleWebKit/537.36 (KHTML, like Gecko) Chrome/74.0.3729.131 Safari/537.36"
10.240.0.171 - - [13/May/2019:00:22:47 +0000] "GET /img/kinshiplogo.png HTTP/1.1" 200 5818 "https://final-project-mjswift.c9users.io/index.html" "Mozilla/5.0 (Windows NT 10.0; Win64; x64) AppleWebKit/537.36 (KHTML, like Gecko) Chrome/74.0.3729.131 Safari/537.36"
10.240.1.10 - - [13/May/2019:00:22:47 +0000] "GET /img/juancho.jpg HTTP/1.1" 200 49547 "https://final-project-mjswift.c9users.io/index.html" "Mozilla/5.0 (Windows NT 10.0; Win64; x64) AppleWebKit/537.36 (KHTML, like Gecko) Chrome/74.0.3729.131 Safari/537.36"
10.240.0.68 - - [13/May/2019:00:22:47 +0000] "GET /img/joey.jpg HTTP/1.1" 200 448808 "https://final-project-mjswift.c9users.io/index.html" "Mozilla/5.0 (Windows NT 10.0; Win64; x64) AppleWebKit/537.36 (KHTML, like Gecko) Chrome/74.0.3729.131 Safari/537.36"
10.240.0.207 - - [13/May/2019:00:22:48 +0000] "GET /img/swifty.jpg HTTP/1.1" 200 433508 "https://final-project-mjswift.c9users.io/index.html" "Mozilla/5.0 (Windows NT 10.0; Win64; x64) AppleWebKit/537.36 (KHTML, like Gecko) Chrome/74.0.3729.131 Safari/537.36"
10.240.0.249 - - [13/May/2019:00:22:47 +0000] "GET /img/jorgey.jpg HTTP/1.1" 200 404348 "https://final-project-mjswift.c9users.io/index.html" "Mozilla/5.0 (Windows NT 10.0; Win64; x64) AppleWebKit/537.36 (KHTML, like Gecko) Chrome/74.0.3729.131 Safari/537.36"
10.240.0.71 - - [13/May/2019:00:22:48 +0000] "GET /img/bigbandpicbannermod.png HTTP/1.1" 200 1118498 "https://final-project-mjswift.c9users.io/css/style.css" "Mozilla/5.0 (Windows NT 10.0; Win64; x64) AppleWebKit/537.36 (KHTML, like Gecko) Chrome/74.0.3729.131 Safari/537.36"
10.240.0.207 - - [13/May/2019:00:22:55 +0000] "GET /favicon.ico HTTP/1.1" 404 523 "https://final-project-mjswift.c9users.io/index.html" "Mozilla/5.0 (Windows NT 10.0; Win64; x64) AppleWebKit/537.36 (KHTML, like Gecko) Chrome/74.0.3729.131 Safari/537.36"
10.240.0.68 - - [13/May/2019:00:23:11 +0000] "GET /index.html HTTP/1.1" 200 1183 "-" "Mozilla/5.0 (Windows NT 10.0; Win64; x64) AppleWebKit/537.36 (KHTML, like Gecko) Chrome/74.0.3729.131 Safari/537.36"
10.240.1.21 - - [13/May/2019:00:23:19 +0000] "GET /index.html HTTP/1.1" 200 1183 "-" "Mozilla/5.0 (Windows NT 10.0; Win64; x64) AppleWebKit/537.36 (KHTML, like Gecko) Chrome/74.0.3729.131 Safari/537.36"
10.240.0.233 - - [13/May/2019:00:23:19 +0000] "GET /css/style.css HTTP/1.1" 200 753 "https://final-project-mjswift.c9users.io/index.html" "Mozilla/5.0 (Windows NT 10.0; Win64; x64) AppleWebKit/537.36 (KHTML, like Gecko) Chrome/74.0.3729.131 Safari/537.36"
10.240.0.171 - - [13/May/2019:00:23:19 +0000] "GET /img/kinshiplogo.png HTTP/1.1" 200 5818 "https://final-project-mjswift.c9users.io/index.html" "Mozilla/5.0 (Windows NT 10.0; Win64; x64) AppleWebKit/537.36 (KHTML, like Gecko) Chrome/74.0.3729.131 Safari/537.36"
10.240.0.118 - - [13/May/2019:00:23:19 +0000] "GET /img/juancho.jpg HTTP/1.1" 200 49547 "https://final-project-mjswift.c9users.io/index.html" "Mozilla/5.0 (Windows NT 10.0; Win64; x64) AppleWebKit/537.36 (KHTML, like Gecko) Chrome/74.0.3729.131 Safari/537.36"
10.240.0.71 - - [13/May/2019:00:23:19 +0000] "GET /img/swifty.jpg HTTP/1.1" 200 433508 "https://final-project-mjswift.c9users.io/index.html" "Mozilla/5.0 (Windows NT 10.0; Win64; x64) AppleWebKit/537.36 (KHTML, like Gecko) Chrome/74.0.3729.131 Safari/537.36"
10.240.1.21 - - [13/May/2019:00:23:19 +0000] "GET /img/joey.jpg HTTP/1.1" 200 448808 "https://final-project-mjswift.c9users.io/index.html" "Mozilla/5.0 (Windows NT 10.0; Win64; x64) AppleWebKit/537.36 (KHTML, like Gecko) Chrome/74.0.3729.131 Safari/537.36"
10.240.0.68 - - [13/May/2019:00:23:19 +0000] "GET /img/jorgey.jpg HTTP/1.1" 200 404348 "https://final-project-mjswift.c9users.io/index.html" "Mozilla/5.0 (Windows NT 10.0; Win64; x64) AppleWebKit/537.36 (KHTML, like Gecko) Chrome/74.0.3729.131 Safari/537.36"
10.240.0.249 - - [13/May/2019:00:23:19 +0000] "GET /img/bigbandpicbannermod.png HTTP/1.1" 200 1118498 "https://final-project-mjswift.c9users.io/css/style.css" "Mozilla/5.0 (Windows NT 10.0; Win64; x64) AppleWebKit/537.36 (KHTML, like Gecko) Chrome/74.0.3729.131 Safari/537.36"
10.240.0.233 - - [13/May/2019:00:23:29 +0000] "GET /favicon.ico HTTP/1.1" 404 523 "https://final-project-mjswift.c9users.io/index.html" "Mozilla/5.0 (Windows NT 10.0; Win64; x64) AppleWebKit/537.36 (KHTML, like Gecko) Chrome/74.0.3729.131 Safari/537.36"
10.240.0.249 - - [13/May/2019:00:27:23 +0000] "GET /index.html HTTP/1.1" 200 1183 "-" "Mozilla/5.0 (Windows NT 10.0; Win64; x64) AppleWebKit/537.36 (KHTML, like Gecko) Chrome/74.0.3729.131 Safari/537.36"
10.240.0.171 - - [13/May/2019:00:27:23 +0000] "GET /css/style.css HTTP/1.1" 200 757 "https://final-project-mjswift.c9users.io/index.html" "Mozilla/5.0 (Windows NT 10.0; Win64; x64) AppleWebKit/537.36 (KHTML, like Gecko) Chrome/74.0.3729.131 Safari/537.36"
10.240.0.171 - - [13/May/2019:00:29:25 +0000] "GET /index.html HTTP/1.1" 200 1183 "-" "Mozilla/5.0 (Windows NT 10.0; Win64; x64) AppleWebKit/537.36 (KHTML, like Gecko) Chrome/74.0.3729.131 Safari/537.36"
10.240.0.249 - - [13/May/2019:00:29:25 +0000] "GET /css/style.css HTTP/1.1" 200 757 "https://final-project-mjswift.c9users.io/index.html" "Mozilla/5.0 (Windows NT 10.0; Win64; x64) AppleWebKit/537.36 (KHTML, like Gecko) Chrome/74.0.3729.131 Safari/537.36"
10.240.0.118 - - [13/May/2019:00:29:25 +0000] "GET /img/juancho.jpg HTTP/1.1" 304 181 "https://final-project-mjswift.c9users.io/index.html" "Mozilla/5.0 (Windows NT 10.0; Win64; x64) AppleWebKit/537.36 (KHTML, like Gecko) Chrome/74.0.3729.131 Safari/537.36"
10.240.0.68 - - [13/May/2019:00:29:25 +0000] "GET /img/jorgey.jpg HTTP/1.1" 304 182 "https://final-project-mjswift.c9users.io/index.html" "Mozilla/5.0 (Windows NT 10.0; Win64; x64) AppleWebKit/537.36 (KHTML, like Gecko) Chrome/74.0.3729.131 Safari/537.36"
10.240.1.10 - - [13/May/2019:00:29:25 +0000] "GET /img/joey.jpg HTTP/1.1" 304 182 "https://final-project-mjswift.c9users.io/index.html" "Mozilla/5.0 (Windows NT 10.0; Win64; x64) AppleWebKit/537.36 (KHTML, like Gecko) Chrome/74.0.3729.131 Safari/537.36"
10.240.0.231 - - [13/May/2019:00:29:25 +0000] "GET /img/swifty.jpg HTTP/1.1" 304 182 "https://final-project-mjswift.c9users.io/index.html" "Mozilla/5.0 (Windows NT 10.0; Win64; x64) AppleWebKit/537.36 (KHTML, like Gecko) Chrome/74.0.3729.131 Safari/537.36"
10.240.1.78 - - [13/May/2019:00:33:37 +0000] "GET /index.html HTTP/1.1" 200 1183 "-" "Mozilla/5.0 (Windows NT 10.0; Win64; x64) AppleWebKit/537.36 (KHTML, like Gecko) Chrome/74.0.3729.131 Safari/537.36"
10.240.0.71 - - [13/May/2019:00:33:38 +0000] "GET /css/style.css HTTP/1.1" 200 763 "https://final-project-mjswift.c9users.io/index.html" "Mozilla/5.0 (Windows NT 10.0; Win64; x64) AppleWebKit/537.36 (KHTML, like Gecko) Chrome/74.0.3729.131 Safari/537.36"
10.240.0.233 - - [13/May/2019:00:33:38 +0000] "GET /img/bigbandpicbannermod.png HTTP/1.1" 304 183 "https://final-project-mjswift.c9users.io/css/style.css" "Mozilla/5.0 (Windows NT 10.0; Win64; x64) AppleWebKit/537.36 (KHTML, like Gecko) Chrome/74.0.3729.131 Safari/537.36"
10.240.0.249 - - [13/May/2019:00:48:47 +0000] "GET /index.html HTTP/1.1" 200 1180 "-" "Mozilla/5.0 (Windows NT 10.0; Win64; x64) AppleWebKit/537.36 (KHTML, like Gecko) Chrome/74.0.3729.131 Safari/537.36"
10.240.0.249 - - [13/May/2019:00:48:47 +0000] "GET /css/style.css HTTP/1.1" 200 763 "https://final-project-mjswift.c9users.io/index.html" "Mozilla/5.0 (Windows NT 10.0; Win64; x64) AppleWebKit/537.36 (KHTML, like Gecko) Chrome/74.0.3729.131 Safari/537.36"
10.240.0.249 - - [13/May/2019:00:48:47 +0000] "GET /img/joey.png HTTP/1.1" 200 202364 "https://final-project-mjswift.c9users.io/index.html" "Mozilla/5.0 (Windows NT 10.0; Win64; x64) AppleWebKit/537.36 (KHTML, like Gecko) Chrome/74.0.3729.131 Safari/537.36"
10.240.1.10 - - [13/May/2019:00:48:48 +0000] "GET /img/juancho.png HTTP/1.1" 200 215362 "https://final-project-mjswift.c9users.io/index.html" "Mozilla/5.0 (Windows NT 10.0; Win64; x64) AppleWebKit/537.36 (KHTML, like Gecko) Chrome/74.0.3729.131 Safari/537.36"
10.240.0.207 - - [13/May/2019:00:48:48 +0000] "GET /img/bigbandpicbannermod.png HTTP/1.1" 304 183 "https://final-project-mjswift.c9users.io/css/style.css" "Mozilla/5.0 (Windows NT 10.0; Win64; x64) AppleWebKit/537.36 (KHTML, like Gecko) Chrome/74.0.3729.131 Safari/537.36"
10.240.0.71 - - [13/May/2019:00:48:48 +0000] "GET /img/jorgey.png HTTP/1.1" 200 237729 "https://final-project-mjswift.c9users.io/index.html" "Mozilla/5.0 (Windows NT 10.0; Win64; x64) AppleWebKit/537.36 (KHTML, like Gecko) Chrome/74.0.3729.131 Safari/537.36"
10.240.0.233 - - [13/May/2019:00:48:48 +0000] "GET /img/swifty.png HTTP/1.1" 200 280855 "https://final-project-mjswift.c9users.io/index.html" "Mozilla/5.0 (Windows NT 10.0; Win64; x64) AppleWebKit/537.36 (KHTML, like Gecko) Chrome/74.0.3729.131 Safari/537.36"
10.240.0.68 - - [13/May/2019:00:54:15 +0000] "GET /index.html HTTP/1.1" 200 1180 "-" "Mozilla/5.0 (Windows NT 10.0; Win64; x64) AppleWebKit/537.36 (KHTML, like Gecko) Chrome/74.0.3729.131 Safari/537.36"
10.240.0.249 - - [13/May/2019:00:54:16 +0000] "GET /img/juancho.png HTTP/1.1" 304 182 "https://final-project-mjswift.c9users.io/index.html" "Mozilla/5.0 (Windows NT 10.0; Win64; x64) AppleWebKit/537.36 (KHTML, like Gecko) Chrome/74.0.3729.131 Safari/537.36"
10.240.1.60 - - [13/May/2019:00:54:16 +0000] "GET /css/style.css HTTP/1.1" 200 773 "https://final-project-mjswift.c9users.io/index.html" "Mozilla/5.0 (Windows NT 10.0; Win64; x64) AppleWebKit/537.36 (KHTML, like Gecko) Chrome/74.0.3729.131 Safari/537.36"
10.240.0.71 - - [13/May/2019:00:54:16 +0000] "GET /img/joey.png HTTP/1.1" 304 182 "https://final-project-mjswift.c9users.io/index.html" "Mozilla/5.0 (Windows NT 10.0; Win64; x64) AppleWebKit/537.36 (KHTML, like Gecko) Chrome/74.0.3729.131 Safari/537.36"
10.240.1.10 - - [13/May/2019:00:54:16 +0000] "GET /img/jorgey.png HTTP/1.1" 304 182 "https://final-project-mjswift.c9users.io/index.html" "Mozilla/5.0 (Windows NT 10.0; Win64; x64) AppleWebKit/537.36 (KHTML, like Gecko) Chrome/74.0.3729.131 Safari/537.36"
10.240.0.171 - - [13/May/2019:00:54:16 +0000] "GET /img/swifty.png HTTP/1.1" 304 182 "https://final-project-mjswift.c9users.io/index.html" "Mozilla/5.0 (Windows NT 10.0; Win64; x64) AppleWebKit/537.36 (KHTML, like Gecko) Chrome/74.0.3729.131 Safari/537.36"
10.240.0.71 - - [13/May/2019:01:01:28 +0000] "GET /index.html HTTP/1.1" 200 1180 "-" "Mozilla/5.0 (Windows NT 10.0; Win64; x64) AppleWebKit/537.36 (KHTML, like Gecko) Chrome/74.0.3729.131 Safari/537.36"
10.240.0.71 - - [13/May/2019:01:01:28 +0000] "GET /css/style.css HTTP/1.1" 200 773 "https://final-project-mjswift.c9users.io/index.html" "Mozilla/5.0 (Windows NT 10.0; Win64; x64) AppleWebKit/537.36 (KHTML, like Gecko) Chrome/74.0.3729.131 Safari/537.36"
10.240.0.71 - - [13/May/2019:01:01:28 +0000] "GET /img/juancho.png HTTP/1.1" 200 170382 "https://final-project-mjswift.c9users.io/index.html" "Mozilla/5.0 (Windows NT 10.0; Win64; x64) AppleWebKit/537.36 (KHTML, like Gecko) Chrome/74.0.3729.131 Safari/537.36"
10.240.1.21 - - [13/May/2019:01:01:29 +0000] "GET /img/joey.png HTTP/1.1" 200 202364 "https://final-project-mjswift.c9users.io/index.html" "Mozilla/5.0 (Windows NT 10.0; Win64; x64) AppleWebKit/537.36 (KHTML, like Gecko) Chrome/74.0.3729.131 Safari/537.36"
10.240.1.60 - - [13/May/2019:01:01:29 +0000] "GET /img/bigbandpicbannermod.png HTTP/1.1" 304 183 "https://final-project-mjswift.c9users.io/css/style.css" "Mozilla/5.0 (Windows NT 10.0; Win64; x64) AppleWebKit/537.36 (KHTML, like Gecko) Chrome/74.0.3729.131 Safari/537.36"
10.240.0.118 - - [13/May/2019:01:01:29 +0000] "GET /img/swifty.png HTTP/1.1" 200 257317 "https://final-project-mjswift.c9users.io/index.html" "Mozilla/5.0 (Windows NT 10.0; Win64; x64) AppleWebKit/537.36 (KHTML, like Gecko) Chrome/74.0.3729.131 Safari/537.36"
10.240.1.10 - - [13/May/2019:01:01:29 +0000] "GET /img/jorgey.png HTTP/1.1" 200 213785 "https://final-project-mjswift.c9users.io/index.html" "Mozilla/5.0 (Windows NT 10.0; Win64; x64) AppleWebKit/537.36 (KHTML, like Gecko) Chrome/74.0.3729.131 Safari/537.36"
10.240.0.171 - - [13/May/2019:01:04:48 +0000] "GET /index.html HTTP/1.1" 200 1180 "-" "Mozilla/5.0 (Windows NT 10.0; Win64; x64) AppleWebKit/537.36 (KHTML, like Gecko) Chrome/74.0.3729.131 Safari/537.36"
10.240.0.171 - - [13/May/2019:01:04:48 +0000] "GET /img/joey.png HTTP/1.1" 304 182 "https://final-project-mjswift.c9users.io/index.html" "Mozilla/5.0 (Windows NT 10.0; Win64; x64) AppleWebKit/537.36 (KHTML, like Gecko) Chrome/74.0.3729.131 Safari/537.36"
10.240.2.147 - - [13/May/2019:01:04:48 +0000] "GET /img/juancho.png HTTP/1.1" 304 182 "https://final-project-mjswift.c9users.io/index.html" "Mozilla/5.0 (Windows NT 10.0; Win64; x64) AppleWebKit/537.36 (KHTML, like Gecko) Chrome/74.0.3729.131 Safari/537.36"
10.240.0.231 - - [13/May/2019:01:04:48 +0000] "GET /css/style.css HTTP/1.1" 200 790 "https://final-project-mjswift.c9users.io/index.html" "Mozilla/5.0 (Windows NT 10.0; Win64; x64) AppleWebKit/537.36 (KHTML, like Gecko) Chrome/74.0.3729.131 Safari/537.36"
10.240.1.10 - - [13/May/2019:01:04:49 +0000] "GET /img/jorgey.png HTTP/1.1" 304 182 "https://final-project-mjswift.c9users.io/index.html" "Mozilla/5.0 (Windows NT 10.0; Win64; x64) AppleWebKit/537.36 (KHTML, like Gecko) Chrome/74.0.3729.131 Safari/537.36"
10.240.0.249 - - [13/May/2019:01:04:49 +0000] "GET /img/swifty.png HTTP/1.1" 304 182 "https://final-project-mjswift.c9users.io/index.html" "Mozilla/5.0 (Windows NT 10.0; Win64; x64) AppleWebKit/537.36 (KHTML, like Gecko) Chrome/74.0.3729.131 Safari/537.36"
10.240.1.10 - - [13/May/2019:01:05:24 +0000] "GET /index.html HTTP/1.1" 200 1180 "-" "Mozilla/5.0 (Windows NT 10.0; Win64; x64) AppleWebKit/537.36 (KHTML, like Gecko) Chrome/74.0.3729.131 Safari/537.36"
10.240.0.231 - - [13/May/2019:01:05:24 +0000] "GET /img/juancho.png HTTP/1.1" 304 182 "https://final-project-mjswift.c9users.io/index.html" "Mozilla/5.0 (Windows NT 10.0; Win64; x64) AppleWebKit/537.36 (KHTML, like Gecko) Chrome/74.0.3729.131 Safari/537.36"
10.240.1.60 - - [13/May/2019:01:05:24 +0000] "GET /css/style.css HTTP/1.1" 200 788 "https://final-project-mjswift.c9users.io/index.html" "Mozilla/5.0 (Windows NT 10.0; Win64; x64) AppleWebKit/537.36 (KHTML, like Gecko) Chrome/74.0.3729.131 Safari/537.36"
10.240.0.233 - - [13/May/2019:01:05:24 +0000] "GET /img/joey.png HTTP/1.1" 304 182 "https://final-project-mjswift.c9users.io/index.html" "Mozilla/5.0 (Windows NT 10.0; Win64; x64) AppleWebKit/537.36 (KHTML, like Gecko) Chrome/74.0.3729.131 Safari/537.36"
10.240.0.68 - - [13/May/2019:01:05:24 +0000] "GET /img/jorgey.png HTTP/1.1" 304 182 "https://final-project-mjswift.c9users.io/index.html" "Mozilla/5.0 (Windows NT 10.0; Win64; x64) AppleWebKit/537.36 (KHTML, like Gecko) Chrome/74.0.3729.131 Safari/537.36"
10.240.0.71 - - [13/May/2019:01:05:24 +0000] "GET /img/swifty.png HTTP/1.1" 304 182 "https://final-project-mjswift.c9users.io/index.html" "Mozilla/5.0 (Windows NT 10.0; Win64; x64) AppleWebKit/537.36 (KHTML, like Gecko) Chrome/74.0.3729.131 Safari/537.36"
10.240.0.71 - - [13/May/2019:01:09:31 +0000] "GET /index.html HTTP/1.1" 200 1180 "-" "Mozilla/5.0 (Windows NT 10.0; Win64; x64) AppleWebKit/537.36 (KHTML, like Gecko) Chrome/74.0.3729.131 Safari/537.36"
10.240.0.71 - - [13/May/2019:01:09:32 +0000] "GET /img/jorgey.png HTTP/1.1" 304 182 "https://final-project-mjswift.c9users.io/index.html" "Mozilla/5.0 (Windows NT 10.0; Win64; x64) AppleWebKit/537.36 (KHTML, like Gecko) Chrome/74.0.3729.131 Safari/537.36"
10.240.0.231 - - [13/May/2019:01:09:32 +0000] "GET /img/juancho.png HTTP/1.1" 304 182 "https://final-project-mjswift.c9users.io/index.html" "Mozilla/5.0 (Windows NT 10.0; Win64; x64) AppleWebKit/537.36 (KHTML, like Gecko) Chrome/74.0.3729.131 Safari/537.36"
10.240.0.171 - - [13/May/2019:01:09:32 +0000] "GET /css/style.css HTTP/1.1" 200 773 "https://final-project-mjswift.c9users.io/index.html" "Mozilla/5.0 (Windows NT 10.0; Win64; x64) AppleWebKit/537.36 (KHTML, like Gecko) Chrome/74.0.3729.131 Safari/537.36"
10.240.1.10 - - [13/May/2019:01:09:32 +0000] "GET /img/swifty.png HTTP/1.1" 304 182 "https://final-project-mjswift.c9users.io/index.html" "Mozilla/5.0 (Windows NT 10.0; Win64; x64) AppleWebKit/537.36 (KHTML, like Gecko) Chrome/74.0.3729.131 Safari/537.36"
10.240.1.60 - - [13/May/2019:01:09:32 +0000] "GET /img/joey.png HTTP/1.1" 304 182 "https://final-project-mjswift.c9users.io/index.html" "Mozilla/5.0 (Windows NT 10.0; Win64; x64) AppleWebKit/537.36 (KHTML, like Gecko) Chrome/74.0.3729.131 Safari/537.36"
10.240.1.78 - - [13/May/2019:01:25:47 +0000] "GET /index.html HTTP/1.1" 200 1180 "-" "Mozilla/5.0 (Windows NT 10.0; Win64; x64) AppleWebKit/537.36 (KHTML, like Gecko) Chrome/74.0.3729.131 Safari/537.36"
10.240.0.118 - - [13/May/2019:01:25:47 +0000] "GET /img/juancho.png HTTP/1.1" 304 182 "https://final-project-mjswift.c9users.io/index.html" "Mozilla/5.0 (Windows NT 10.0; Win64; x64) AppleWebKit/537.36 (KHTML, like Gecko) Chrome/74.0.3729.131 Safari/537.36"
10.240.1.60 - - [13/May/2019:01:25:47 +0000] "GET /css/style.css HTTP/1.1" 200 773 "https://final-project-mjswift.c9users.io/index.html" "Mozilla/5.0 (Windows NT 10.0; Win64; x64) AppleWebKit/537.36 (KHTML, like Gecko) Chrome/74.0.3729.131 Safari/537.36"
10.240.1.78 - - [13/May/2019:01:25:47 +0000] "GET /img/joey.png HTTP/1.1" 304 182 "https://final-project-mjswift.c9users.io/index.html" "Mozilla/5.0 (Windows NT 10.0; Win64; x64) AppleWebKit/537.36 (KHTML, like Gecko) Chrome/74.0.3729.131 Safari/537.36"
10.240.0.118 - - [13/May/2019:01:25:47 +0000] "GET /img/jorgey.png HTTP/1.1" 304 182 "https://final-project-mjswift.c9users.io/index.html" "Mozilla/5.0 (Windows NT 10.0; Win64; x64) AppleWebKit/537.36 (KHTML, like Gecko) Chrome/74.0.3729.131 Safari/537.36"
10.240.1.60 - - [13/May/2019:01:25:47 +0000] "GET /img/swifty.png HTTP/1.1" 304 182 "https://final-project-mjswift.c9users.io/index.html" "Mozilla/5.0 (Windows NT 10.0; Win64; x64) AppleWebKit/537.36 (KHTML, like Gecko) Chrome/74.0.3729.131 Safari/537.36"
10.240.0.171 - - [13/May/2019:01:25:47 +0000] "GET /img/bigbandpicbannermod.png HTTP/1.1" 304 183 "https://final-project-mjswift.c9users.io/css/style.css" "Mozilla/5.0 (Windows NT 10.0; Win64; x64) AppleWebKit/537.36 (KHTML, like Gecko) Chrome/74.0.3729.131 Safari/537.36"
10.240.1.21 - - [13/May/2019:01:27:20 +0000] "GET /index.html HTTP/1.1" 200 1318 "-" "Mozilla/5.0 (Windows NT 10.0; Win64; x64) AppleWebKit/537.36 (KHTML, like Gecko) Chrome/74.0.3729.131 Safari/537.36"
10.240.0.233 - - [14/May/2019:03:40:44 +0000] "GET /index.html HTTP/1.1" 200 1328 "-" "Mozilla/5.0 (Windows NT 10.0; Win64; x64) AppleWebKit/537.36 (KHTML, like Gecko) Chrome/74.0.3729.131 Safari/537.36"
10.240.0.231 - - [14/May/2019:03:40:44 +0000] "GET /css/style.css HTTP/1.1" 200 773 "https://final-project-mjswift.c9users.io/index.html" "Mozilla/5.0 (Windows NT 10.0; Win64; x64) AppleWebKit/537.36 (KHTML, like Gecko) Chrome/74.0.3729.131 Safari/537.36"
10.240.0.249 - - [14/May/2019:03:40:44 +0000] "GET /img/kinshiplogo.png HTTP/1.1" 304 181 "https://final-project-mjswift.c9users.io/index.html" "Mozilla/5.0 (Windows NT 10.0; Win64; x64) AppleWebKit/537.36 (KHTML, like Gecko) Chrome/74.0.3729.131 Safari/537.36"
10.240.1.10 - - [14/May/2019:03:40:45 +0000] "GET /img/juancho.png HTTP/1.1" 304 182 "https://final-project-mjswift.c9users.io/index.html" "Mozilla/5.0 (Windows NT 10.0; Win64; x64) AppleWebKit/537.36 (KHTML, like Gecko) Chrome/74.0.3729.131 Safari/537.36"
10.240.1.78 - - [14/May/2019:03:40:45 +0000] "GET /img/jorgey.png HTTP/1.1" 304 182 "https://final-project-mjswift.c9users.io/index.html" "Mozilla/5.0 (Windows NT 10.0; Win64; x64) AppleWebKit/537.36 (KHTML, like Gecko) Chrome/74.0.3729.131 Safari/537.36"
10.240.0.207 - - [14/May/2019:03:40:45 +0000] "GET /img/joey.png HTTP/1.1" 304 182 "https://final-project-mjswift.c9users.io/index.html" "Mozilla/5.0 (Windows NT 10.0; Win64; x64) AppleWebKit/537.36 (KHTML, like Gecko) Chrome/74.0.3729.131 Safari/537.36"
10.240.0.118 - - [14/May/2019:03:40:45 +0000] "GET /img/swifty.png HTTP/1.1" 304 182 "https://final-project-mjswift.c9users.io/index.html" "Mozilla/5.0 (Windows NT 10.0; Win64; x64) AppleWebKit/537.36 (KHTML, like Gecko) Chrome/74.0.3729.131 Safari/537.36"
10.240.1.21 - - [14/May/2019:03:40:45 +0000] "GET /img/bigbandpicbannermod.png HTTP/1.1" 304 183 "https://final-project-mjswift.c9users.io/css/style.css" "Mozilla/5.0 (Windows NT 10.0; Win64; x64) AppleWebKit/537.36 (KHTML, like Gecko) Chrome/74.0.3729.131 Safari/537.36"
10.240.1.10 - - [14/May/2019:03:40:46 +0000] "GET /favicon.ico HTTP/1.1" 404 523 "https://final-project-mjswift.c9users.io/index.html" "Mozilla/5.0 (Windows NT 10.0; Win64; x64) AppleWebKit/537.36 (KHTML, like Gecko) Chrome/74.0.3729.131 Safari/537.36"
10.240.1.78 - - [14/May/2019:03:52:57 +0000] "GET /index.html HTTP/1.1" 200 1377 "-" "Mozilla/5.0 (Windows NT 10.0; Win64; x64) AppleWebKit/537.36 (KHTML, like Gecko) Chrome/74.0.3729.131 Safari/537.36"
10.240.0.207 - - [14/May/2019:04:11:28 +0000] "GET /index.html HTTP/1.1" 200 1458 "-" "Mozilla/5.0 (Windows NT 10.0; Win64; x64) AppleWebKit/537.36 (KHTML, like Gecko) Chrome/74.0.3729.131 Safari/537.36"
10.240.0.231 - - [14/May/2019:04:33:57 +0000] "GET /index.html HTTP/1.1" 200 1549 "-" "Mozilla/5.0 (Windows NT 10.0; Win64; x64) AppleWebKit/537.36 (KHTML, like Gecko) Chrome/74.0.3729.131 Safari/537.36"
10.240.1.21 - - [14/May/2019:04:34:22 +0000] "GET /index.html HTTP/1.1" 200 1548 "-" "Mozilla/5.0 (Windows NT 10.0; Win64; x64) AppleWebKit/537.36 (KHTML, like Gecko) Chrome/74.0.3729.131 Safari/537.36"
10.240.0.207 - - [14/May/2019:04:35:32 +0000] "GET /index.html HTTP/1.1" 200 1548 "-" "Mozilla/5.0 (Windows NT 10.0; Win64; x64) AppleWebKit/537.36 (KHTML, like Gecko) Chrome/74.0.3729.131 Safari/537.36"
10.240.2.147 - - [14/May/2019:04:35:57 +0000] "GET /index.html HTTP/1.1" 200 1548 "-" "Mozilla/5.0 (Windows NT 10.0; Win64; x64) AppleWebKit/537.36 (KHTML, like Gecko) Chrome/74.0.3729.131 Safari/537.36"
10.240.0.231 - - [14/May/2019:04:35:57 +0000] "GET /css/style.css HTTP/1.1" 200 791 "https://final-project-mjswift.c9users.io/index.html" "Mozilla/5.0 (Windows NT 10.0; Win64; x64) AppleWebKit/537.36 (KHTML, like Gecko) Chrome/74.0.3729.131 Safari/537.36"
10.240.2.147 - - [14/May/2019:04:35:57 +0000] "GET /img/kinshiplogo.png HTTP/1.1" 200 5818 "https://final-project-mjswift.c9users.io/index.html" "Mozilla/5.0 (Windows NT 10.0; Win64; x64) AppleWebKit/537.36 (KHTML, like Gecko) Chrome/74.0.3729.131 Safari/537.36"
10.240.2.147 - - [14/May/2019:04:35:57 +0000] "GET /img/joey.png HTTP/1.1" 200 202364 "https://final-project-mjswift.c9users.io/index.html" "Mozilla/5.0 (Windows NT 10.0; Win64; x64) AppleWebKit/537.36 (KHTML, like Gecko) Chrome/74.0.3729.131 Safari/537.36"
10.240.0.118 - - [14/May/2019:04:35:57 +0000] "GET /img/jorgey.png HTTP/1.1" 200 213785 "https://final-project-mjswift.c9users.io/index.html" "Mozilla/5.0 (Windows NT 10.0; Win64; x64) AppleWebKit/537.36 (KHTML, like Gecko) Chrome/74.0.3729.131 Safari/537.36"
10.240.0.231 - - [14/May/2019:04:35:57 +0000] "GET /img/juancho.png HTTP/1.1" 200 170382 "https://final-project-mjswift.c9users.io/index.html" "Mozilla/5.0 (Windows NT 10.0; Win64; x64) AppleWebKit/537.36 (KHTML, like Gecko) Chrome/74.0.3729.131 Safari/537.36"
10.240.1.78 - - [14/May/2019:04:35:57 +0000] "GET /img/swifty.png HTTP/1.1" 200 257317 "https://final-project-mjswift.c9users.io/index.html" "Mozilla/5.0 (Windows NT 10.0; Win64; x64) AppleWebKit/537.36 (KHTML, like Gecko) Chrome/74.0.3729.131 Safari/537.36"
10.240.0.171 - - [14/May/2019:04:35:57 +0000] "GET /img/bigbandpicbannermod.png HTTP/1.1" 200 1118498 "https://final-project-mjswift.c9users.io/css/style.css" "Mozilla/5.0 (Windows NT 10.0; Win64; x64) AppleWebKit/537.36 (KHTML, like Gecko) Chrome/74.0.3729.131 Safari/537.36"
10.240.0.231 - - [14/May/2019:04:36:04 +0000] "GET /favicon.ico HTTP/1.1" 404 523 "https://final-project-mjswift.c9users.io/index.html" "Mozilla/5.0 (Windows NT 10.0; Win64; x64) AppleWebKit/537.36 (KHTML, like Gecko) Chrome/74.0.3729.131 Safari/537.36"
